BL51 BANKED LINKER/LOCATER V5.03                                                        01/28/2013  04:31:49  PAGE 1


BL51 BANKED LINKER/LOCATER V5.03, INVOKED BY:
C:\KEIL\C51\BIN\BL51.EXE .\output\fw.obj, .\output\periph.obj, .\USBJmpTb.OBJ, .\EZUSB.LIB, .\output\uvc.obj TO .\output
>> \UVC_CDC PRINT (.\output\UVC_CDC.m51) RAMSIZE (256) NOOVERLAY CODE (0X0000-0X3FFF) XDATA (0XE000-0XE1FF)


MEMORY MODEL: SMALL


INPUT MODULES INCLUDED:
  .\output\fw.obj (FW)
  .\output\periph.obj (PERIPH)
  .\USBJmpTb.OBJ (USBJMPTBL)
  .\EZUSB.LIB (RESUME)
  .\EZUSB.LIB (SUSP)
  .\EZUSB.LIB (DISCON)
  .\EZUSB.LIB (EZREGS)
  .\EZUSB.LIB (GET_STRD)
  .\EZUSB.LIB (DELAY)
  .\EZUSB.LIB (DELAY1MS)
  .\output\uvc.obj (UVC)
  C:\KEIL\C51\LIB\C51S.LIB (?C_STARTUP)
  C:\KEIL\C51\LIB\C51S.LIB (?C?LLDIIDATA)
  C:\KEIL\C51\LIB\C51S.LIB (?C_INIT)


LINK MAP OF MODULE:  .\output\UVC_CDC (FW)


            TYPE    BASE      LENGTH    RELOCATION   SEGMENT NAME
            -----------------------------------------------------

            * * * * * * *   D A T A   M E M O R Y   * * * * * * *
            REG     0000H     0008H     ABSOLUTE     "REG BANK 0"
            DATA    0008H     0004H     UNIT         ?DT?DELAYMS?FW
            DATA    000CH     0004H     UNIT         ?DT?MAIN?FW
            DATA    0010H     0004H     UNIT         ?DT?PERIPH
            DATA    0014H     0002H     UNIT         ?DT?_EZUSB_DELAY?DELAY
                    0016H     000AH                  *** GAP ***
            BIT     0020H.0   0000H.4   UNIT         ?BI?FW
            BIT     0020H.4   0000H.1   UNIT         ?BI?EZUSB_DISCON?DISCON
                    0020H.5   0000H.3                *** GAP ***
            DATA    0021H     002CH     UNIT         ?DT?FW
            IDATA   004DH     0001H     UNIT         ?STACK

            * * * * * * *  X D A T A   M E M O R Y  * * * * * * *
                    0000H     4000H                  *** GAP ***
            XDATA   4000H     8000H     ABSOLUTE     
                    C000H     2400H                  *** GAP ***
            XDATA   E400H     0001H     ABSOLUTE     
                    E401H     007FH                  *** GAP ***
            XDATA   E480H     0001H     ABSOLUTE     
                    E481H     017FH                  *** GAP ***
            XDATA   E600H     0001H     ABSOLUTE     
            XDATA   E601H     0001H     ABSOLUTE     
            XDATA   E602H     0001H     ABSOLUTE     
            XDATA   E603H     0001H     ABSOLUTE     
            XDATA   E604H     0001H     ABSOLUTE     
            XDATA   E605H     0001H     ABSOLUTE     
BL51 BANKED LINKER/LOCATER V5.03                                                      01/28/2013  04:31:49  PAGE 2


            XDATA   E606H     0001H     ABSOLUTE     
            XDATA   E607H     0001H     ABSOLUTE     
            XDATA   E608H     0001H     ABSOLUTE     
            XDATA   E609H     0001H     ABSOLUTE     
            XDATA   E60AH     0001H     ABSOLUTE     
            XDATA   E60BH     0001H     ABSOLUTE     
            XDATA   E60CH     0001H     ABSOLUTE     
                    E60DH     0003H                  *** GAP ***
            XDATA   E610H     0001H     ABSOLUTE     
            XDATA   E611H     0001H     ABSOLUTE     
            XDATA   E612H     0001H     ABSOLUTE     
            XDATA   E613H     0001H     ABSOLUTE     
            XDATA   E614H     0001H     ABSOLUTE     
            XDATA   E615H     0001H     ABSOLUTE     
                    E616H     0002H                  *** GAP ***
            XDATA   E618H     0001H     ABSOLUTE     
            XDATA   E619H     0001H     ABSOLUTE     
            XDATA   E61AH     0001H     ABSOLUTE     
            XDATA   E61BH     0001H     ABSOLUTE     
                    E61CH     0004H                  *** GAP ***
            XDATA   E620H     0001H     ABSOLUTE     
            XDATA   E621H     0001H     ABSOLUTE     
            XDATA   E622H     0001H     ABSOLUTE     
            XDATA   E623H     0001H     ABSOLUTE     
            XDATA   E624H     0001H     ABSOLUTE     
            XDATA   E625H     0001H     ABSOLUTE     
            XDATA   E626H     0001H     ABSOLUTE     
            XDATA   E627H     0001H     ABSOLUTE     
                    E628H     0008H                  *** GAP ***
            XDATA   E630H     0001H     ABSOLUTE     
            XDATA   E631H     0001H     ABSOLUTE     
            XDATA   E632H     0001H     ABSOLUTE     
            XDATA   E633H     0001H     ABSOLUTE     
            XDATA   E634H     0001H     ABSOLUTE     
            XDATA   E635H     0001H     ABSOLUTE     
            XDATA   E636H     0001H     ABSOLUTE     
            XDATA   E637H     0001H     ABSOLUTE     
                    E638H     0008H                  *** GAP ***
            XDATA   E640H     0001H     ABSOLUTE     
            XDATA   E641H     0001H     ABSOLUTE     
            XDATA   E642H     0001H     ABSOLUTE     
            XDATA   E643H     0001H     ABSOLUTE     
                    E644H     0004H                  *** GAP ***
            XDATA   E648H     0001H     ABSOLUTE     
            XDATA   E649H     0001H     ABSOLUTE     
                    E64AH     0006H                  *** GAP ***
            XDATA   E650H     0001H     ABSOLUTE     
            XDATA   E651H     0001H     ABSOLUTE     
            XDATA   E652H     0001H     ABSOLUTE     
            XDATA   E653H     0001H     ABSOLUTE     
            XDATA   E654H     0001H     ABSOLUTE     
            XDATA   E655H     0001H     ABSOLUTE     
            XDATA   E656H     0001H     ABSOLUTE     
            XDATA   E657H     0001H     ABSOLUTE     
            XDATA   E658H     0001H     ABSOLUTE     
            XDATA   E659H     0001H     ABSOLUTE     
            XDATA   E65AH     0001H     ABSOLUTE     
BL51 BANKED LINKER/LOCATER V5.03                                                      01/28/2013  04:31:49  PAGE 3


            XDATA   E65BH     0001H     ABSOLUTE     
            XDATA   E65CH     0001H     ABSOLUTE     
            XDATA   E65DH     0001H     ABSOLUTE     
            XDATA   E65EH     0001H     ABSOLUTE     
            XDATA   E65FH     0001H     ABSOLUTE     
            XDATA   E660H     0001H     ABSOLUTE     
            XDATA   E661H     0001H     ABSOLUTE     
            XDATA   E662H     0001H     ABSOLUTE     
            XDATA   E663H     0001H     ABSOLUTE     
            XDATA   E664H     0001H     ABSOLUTE     
            XDATA   E665H     0001H     ABSOLUTE     
            XDATA   E666H     0001H     ABSOLUTE     
            XDATA   E667H     0001H     ABSOLUTE     
            XDATA   E668H     0001H     ABSOLUTE     
                    E669H     0007H                  *** GAP ***
            XDATA   E670H     0001H     ABSOLUTE     
            XDATA   E671H     0001H     ABSOLUTE     
            XDATA   E672H     0001H     ABSOLUTE     
                    E673H     0005H                  *** GAP ***
            XDATA   E678H     0001H     ABSOLUTE     
            XDATA   E679H     0001H     ABSOLUTE     
            XDATA   E67AH     0001H     ABSOLUTE     
            XDATA   E67BH     0001H     ABSOLUTE     
            XDATA   E67CH     0001H     ABSOLUTE     
            XDATA   E67DH     0001H     ABSOLUTE     
            XDATA   E67EH     0001H     ABSOLUTE     
            XDATA   E67FH     0001H     ABSOLUTE     
            XDATA   E680H     0001H     ABSOLUTE     
            XDATA   E681H     0001H     ABSOLUTE     
            XDATA   E682H     0001H     ABSOLUTE     
            XDATA   E683H     0001H     ABSOLUTE     
            XDATA   E684H     0001H     ABSOLUTE     
            XDATA   E685H     0001H     ABSOLUTE     
            XDATA   E686H     0001H     ABSOLUTE     
            XDATA   E687H     0001H     ABSOLUTE     
                    E688H     0002H                  *** GAP ***
            XDATA   E68AH     0001H     ABSOLUTE     
            XDATA   E68BH     0001H     ABSOLUTE     
                    E68CH     0001H                  *** GAP ***
            XDATA   E68DH     0001H     ABSOLUTE     
                    E68EH     0001H                  *** GAP ***
            XDATA   E68FH     0001H     ABSOLUTE     
            XDATA   E690H     0001H     ABSOLUTE     
            XDATA   E691H     0001H     ABSOLUTE     
                    E692H     0002H                  *** GAP ***
            XDATA   E694H     0001H     ABSOLUTE     
            XDATA   E695H     0001H     ABSOLUTE     
                    E696H     0002H                  *** GAP ***
            XDATA   E698H     0001H     ABSOLUTE     
            XDATA   E699H     0001H     ABSOLUTE     
                    E69AH     0002H                  *** GAP ***
            XDATA   E69CH     0001H     ABSOLUTE     
            XDATA   E69DH     0001H     ABSOLUTE     
                    E69EH     0002H                  *** GAP ***
            XDATA   E6A0H     0001H     ABSOLUTE     
            XDATA   E6A1H     0001H     ABSOLUTE     
            XDATA   E6A2H     0001H     ABSOLUTE     
BL51 BANKED LINKER/LOCATER V5.03                                                      01/28/2013  04:31:49  PAGE 4


            XDATA   E6A3H     0001H     ABSOLUTE     
            XDATA   E6A4H     0001H     ABSOLUTE     
            XDATA   E6A5H     0001H     ABSOLUTE     
            XDATA   E6A6H     0001H     ABSOLUTE     
            XDATA   E6A7H     0001H     ABSOLUTE     
            XDATA   E6A8H     0001H     ABSOLUTE     
            XDATA   E6A9H     0001H     ABSOLUTE     
            XDATA   E6AAH     0001H     ABSOLUTE     
            XDATA   E6ABH     0001H     ABSOLUTE     
            XDATA   E6ACH     0001H     ABSOLUTE     
            XDATA   E6ADH     0001H     ABSOLUTE     
            XDATA   E6AEH     0001H     ABSOLUTE     
            XDATA   E6AFH     0001H     ABSOLUTE     
            XDATA   E6B0H     0001H     ABSOLUTE     
            XDATA   E6B1H     0001H     ABSOLUTE     
            XDATA   E6B2H     0001H     ABSOLUTE     
            XDATA   E6B3H     0001H     ABSOLUTE     
            XDATA   E6B4H     0001H     ABSOLUTE     
            XDATA   E6B5H     0001H     ABSOLUTE     
                    E6B6H     0002H                  *** GAP ***
            XDATA   E6B8H     0008H     ABSOLUTE     
            XDATA   E6C0H     0001H     ABSOLUTE     
            XDATA   E6C1H     0001H     ABSOLUTE     
            XDATA   E6C2H     0001H     ABSOLUTE     
            XDATA   E6C3H     0001H     ABSOLUTE     
            XDATA   E6C4H     0001H     ABSOLUTE     
            XDATA   E6C5H     0001H     ABSOLUTE     
            XDATA   E6C6H     0001H     ABSOLUTE     
            XDATA   E6C7H     0001H     ABSOLUTE     
            XDATA   E6C8H     0001H     ABSOLUTE     
            XDATA   E6C9H     0001H     ABSOLUTE     
            XDATA   E6CAH     0001H     ABSOLUTE     
            XDATA   E6CBH     0001H     ABSOLUTE     
            XDATA   E6CCH     0001H     ABSOLUTE     
            XDATA   E6CDH     0001H     ABSOLUTE     
            XDATA   E6CEH     0001H     ABSOLUTE     
            XDATA   E6CFH     0001H     ABSOLUTE     
            XDATA   E6D0H     0001H     ABSOLUTE     
            XDATA   E6D1H     0001H     ABSOLUTE     
            XDATA   E6D2H     0001H     ABSOLUTE     
            XDATA   E6D3H     0001H     ABSOLUTE     
            XDATA   E6D4H     0001H     ABSOLUTE     
                    E6D5H     0005H                  *** GAP ***
            XDATA   E6DAH     0001H     ABSOLUTE     
            XDATA   E6DBH     0001H     ABSOLUTE     
            XDATA   E6DCH     0001H     ABSOLUTE     
                    E6DDH     0005H                  *** GAP ***
            XDATA   E6E2H     0001H     ABSOLUTE     
            XDATA   E6E3H     0001H     ABSOLUTE     
            XDATA   E6E4H     0001H     ABSOLUTE     
                    E6E5H     0005H                  *** GAP ***
            XDATA   E6EAH     0001H     ABSOLUTE     
            XDATA   E6EBH     0001H     ABSOLUTE     
            XDATA   E6ECH     0001H     ABSOLUTE     
                    E6EDH     0003H                  *** GAP ***
            XDATA   E6F0H     0001H     ABSOLUTE     
            XDATA   E6F1H     0001H     ABSOLUTE     
BL51 BANKED LINKER/LOCATER V5.03                                                      01/28/2013  04:31:49  PAGE 5


            XDATA   E6F2H     0001H     ABSOLUTE     
            XDATA   E6F3H     0001H     ABSOLUTE     
            XDATA   E6F4H     0001H     ABSOLUTE     
            XDATA   E6F5H     0001H     ABSOLUTE     
                    E6F6H     0002H                  *** GAP ***
            XDATA   E6F8H     0001H     ABSOLUTE     
            XDATA   E6F9H     0001H     ABSOLUTE     
            XDATA   E6FAH     0001H     ABSOLUTE     
            XDATA   E6FBH     0001H     ABSOLUTE     
            XDATA   E6FCH     0001H     ABSOLUTE     
            XDATA   E6FDH     0001H     ABSOLUTE     
            XDATA   E6FEH     0001H     ABSOLUTE     
                    E6FFH     0041H                  *** GAP ***
            XDATA   E740H     0040H     ABSOLUTE     
            XDATA   E780H     0040H     ABSOLUTE     
            XDATA   E7C0H     0040H     ABSOLUTE     
                    E800H     0800H                  *** GAP ***
            XDATA   F000H     0400H     ABSOLUTE     
            XDATA   F400H     0400H     ABSOLUTE     
            XDATA   F800H     0400H     ABSOLUTE     
            XDATA   FC00H     0400H     ABSOLUTE     

            * * * * * * *   C O D E   M E M O R Y   * * * * * * *
            CODE    0000H     0003H     ABSOLUTE     
            CODE    0003H     002FH     UNIT         ?PR?EZUSB_DISCON?DISCON
            CODE    0032H     0001H     UNIT         ?PR?ISR_EP0ACK?PERIPH
            CODE    0033H     0003H     ABSOLUTE     
            CODE    0036H     000BH     UNIT         ?PR?HIGHSPEEDCAPABLE?FW
            CODE    0041H     0002H     UNIT         ?PR?TD_SUSPEND?PERIPH
            CODE    0043H     0003H     ABSOLUTE     
            CODE    0046H     000BH     UNIT         ?PR?DR_GETDESCRIPTOR?PERIPH
            CODE    0051H     0002H     UNIT         ?PR?TD_RESUME?PERIPH
            CODE    0053H     0003H     ABSOLUTE     
            CODE    0056H     02E0H     UNIT         ?PR?SETUPCOMMAND?FW
            CODE    0336H     016AH     UNIT         ?PR?MAIN?FW
            CODE    04A0H     005BH     UNIT         ?PR?EXTMEMTEST?FW
            CODE    04FBH     0004H     UNIT         ?PR?RESUME_ISR?FW
            CODE    04FFH     0001H     UNIT         ?PR?ISR_STUB?PERIPH
            CODE    0500H     0107H     PAGE         DSCR
            CODE    0607H     008CH     UNIT         ?C_C51STARTUP
            CODE    0693H     0046H     UNIT         ?PR?_EZUSB_DELAY?DELAY
            CODE    06D9H     0025H     UNIT         EZUSB
            CODE    06FEH     0002H     UNIT         ?PR?DR_GETSTATUS?PERIPH
            CODE    0700H     00B8H     PAGE         ?PR?USB_JUMP_TABLE?USBJT
            CODE    07B8H     003DH     UNIT         ?PR?ISR_HIGHSPEED?PERIPH
            CODE    07F5H     0036H     UNIT         ?PR?ISR_URES?PERIPH
            CODE    082BH     002CH     UNIT         ?PR?EZUSB_RESUME?RESUME
            CODE    0857H     002CH     UNIT         ?PR?_EZUSB_GETSTRINGDSCR?GET_STRD
            CODE    0883H     0020H     UNIT         ?C?LIB_CODE
            CODE    08A3H     001DH     UNIT         ?C_INITSEG
            CODE    08C0H     0019H     UNIT         ?PR?DELAYMS?FW
            CODE    08D9H     0018H     UNIT         ?PR?ISR_SUDAV?PERIPH
            CODE    08F1H     0018H     UNIT         ?PR?ISR_SUSP?PERIPH
            CODE    0909H     0016H     UNIT         ?PR?ISR_SUTOK?PERIPH
            CODE    091FH     0016H     UNIT         ?PR?ISR_SOF?PERIPH
            CODE    0935H     0012H     UNIT         ?PR?DR_GETCONFIGURATION?PERIPH
            CODE    0947H     0012H     UNIT         ?PR?DR_GETINTERFACE?PERIPH
BL51 BANKED LINKER/LOCATER V5.03                                                      01/28/2013  04:31:49  PAGE 6


            CODE    0959H     000AH     UNIT         ?CO?FW
            CODE    0963H     0008H     UNIT         ?PR?DR_SETCONFIGURATION?PERIPH
            CODE    096BH     0008H     UNIT         ?PR?DR_SETINTERFACE?PERIPH
            CODE    0973H     0002H     UNIT         ?PR?DR_CLEARFEATURE?PERIPH
            CODE    0975H     0002H     UNIT         ?PR?DR_SETFEATURE?PERIPH
            CODE    0977H     0002H     UNIT         ?PR?DR_VENDORCMND?PERIPH
            CODE    0979H     0001H     UNIT         ?PR?ISR_EP0IN?PERIPH
            CODE    097AH     0001H     UNIT         ?PR?ISR_EP0OUT?PERIPH
            CODE    097BH     0001H     UNIT         ?PR?ISR_EP1IN?PERIPH
            CODE    097CH     0001H     UNIT         ?PR?ISR_EP1OUT?PERIPH
            CODE    097DH     0001H     UNIT         ?PR?ISR_EP2INOUT?PERIPH
            CODE    097EH     0001H     UNIT         ?PR?ISR_EP4INOUT?PERIPH
            CODE    097FH     0001H     UNIT         ?PR?ISR_EP6INOUT?PERIPH
            CODE    0980H     0001H     UNIT         ?PR?ISR_EP8INOUT?PERIPH
            CODE    0981H     0001H     UNIT         ?PR?ISR_IBN?PERIPH
            CODE    0982H     0001H     UNIT         ?PR?ISR_EP0PINGNAK?PERIPH
            CODE    0983H     0001H     UNIT         ?PR?ISR_EP1PINGNAK?PERIPH
            CODE    0984H     0001H     UNIT         ?PR?ISR_EP2PINGNAK?PERIPH
            CODE    0985H     0001H     UNIT         ?PR?ISR_EP4PINGNAK?PERIPH
            CODE    0986H     0001H     UNIT         ?PR?ISR_EP6PINGNAK?PERIPH
            CODE    0987H     0001H     UNIT         ?PR?ISR_EP8PINGNAK?PERIPH
            CODE    0988H     0001H     UNIT         ?PR?ISR_ERRORLIMIT?PERIPH
            CODE    0989H     0001H     UNIT         ?PR?ISR_EP2PIDERROR?PERIPH
            CODE    098AH     0001H     UNIT         ?PR?ISR_EP4PIDERROR?PERIPH
            CODE    098BH     0001H     UNIT         ?PR?ISR_EP6PIDERROR?PERIPH
            CODE    098CH     0001H     UNIT         ?PR?ISR_EP8PIDERROR?PERIPH
            CODE    098DH     0001H     UNIT         ?PR?ISR_EP2PFLAG?PERIPH
            CODE    098EH     0001H     UNIT         ?PR?ISR_EP4PFLAG?PERIPH
            CODE    098FH     0001H     UNIT         ?PR?ISR_EP6PFLAG?PERIPH
            CODE    0990H     0001H     UNIT         ?PR?ISR_EP8PFLAG?PERIPH
            CODE    0991H     0001H     UNIT         ?PR?ISR_EP2EFLAG?PERIPH
            CODE    0992H     0001H     UNIT         ?PR?ISR_EP4EFLAG?PERIPH
            CODE    0993H     0001H     UNIT         ?PR?ISR_EP6EFLAG?PERIPH
            CODE    0994H     0001H     UNIT         ?PR?ISR_EP8EFLAG?PERIPH
            CODE    0995H     0001H     UNIT         ?PR?ISR_EP2FFLAG?PERIPH
            CODE    0996H     0001H     UNIT         ?PR?ISR_EP4FFLAG?PERIPH
            CODE    0997H     0001H     UNIT         ?PR?ISR_EP6FFLAG?PERIPH
            CODE    0998H     0001H     UNIT         ?PR?ISR_EP8FFLAG?PERIPH
            CODE    0999H     0001H     UNIT         ?PR?ISR_GPIFCOMPLETE?PERIPH
            CODE    099AH     0001H     UNIT         ?PR?ISR_GPIFWAVEFORM?PERIPH



UNRESOLVED EXTERNAL SYMBOLS:
   CDCDATADSCR
   GPCR2



SYMBOL TABLE OF MODULE:  .\output\UVC_CDC (FW)

  VALUE           TYPE          NAME
  ----------------------------------

  -------         MODULE        FW
  C:0000H         SYMBOL        _ICE_DUMMY_
  B:00A8H.7       PUBLIC        EA
BL51 BANKED LINKER/LOCATER V5.03                                                      01/28/2013  04:31:49  PAGE 7


  B:0020H.0       PUBLIC        Rwuen
  D:0021H         PUBLIC        valuesArray
  B:0020H.1       PUBLIC        GotSUD
  D:003BH         PUBLIC        pUserDscr
  C:0959H         PUBLIC        EPCS_Offset_Lookup_Table
  C:0036H         PUBLIC        HighSpeedCapable
  C:0336H         PUBLIC        main
  B:00E8H.0       PUBLIC        EUSB
  C:08C0H         PUBLIC        DelayMs
  C:04FBH         PUBLIC        resume_isr
  D:003DH         PUBLIC        pVSUserDscr
  D:003FH         PUBLIC        pHighSpeedConfigDscr
  X:4000H         PUBLIC        ExtMem
  D:0041H         PUBLIC        pDeviceDscr
  C:0056H         PUBLIC        SetupCommand
  D:00B5H         PUBLIC        OED
  D:0080H         PUBLIC        IOA
  D:0043H         PUBLIC        pConfigDscr
  D:0090H         PUBLIC        IOB
  D:00B0H         PUBLIC        IOD
  D:0045H         PUBLIC        pOtherConfigDscr
  D:0047H         PUBLIC        pFullSpeedConfigDscr
  B:0020H.2       PUBLIC        Selfpwr
  D:0049H         PUBLIC        pDeviceQualDscr
  D:00D8H         PUBLIC        EICON
  D:008EH         PUBLIC        CKCON
  C:04A0H         PUBLIC        ExtMemTest
  D:004BH         PUBLIC        pStringDscr
  B:0020H.3       PUBLIC        Sleep
  -------         PROC          DELAYMS
  -------         DO            
  D:0008H         SYMBOL        t
  -------         ENDDO         
  C:08C0H         LINE#         147
  C:08C0H         LINE#         148
  C:08C0H         LINE#         149
  C:08CBH         LINE#         150
  C:08D8H         LINE#         151
  -------         ENDPROC       DELAYMS
  -------         PROC          EXTMEMTEST
  -------         DO            
  D:0002H         SYMBOL        counter
  -------         ENDDO         
  C:04A0H         LINE#         169
  C:04A0H         LINE#         170
  C:04A0H         LINE#         171
  C:04A3H         LINE#         173
  C:04A3H         LINE#         174
  C:04A3H         LINE#         175
  C:04B9H         LINE#         176
  C:04C6H         LINE#         177
  C:04C9H         LINE#         178
  C:04C9H         LINE#         179
  C:04C9H         LINE#         180
  C:04E5H         LINE#         181
  C:04E5H         LINE#         182
  C:04E5H         LINE#         183
BL51 BANKED LINKER/LOCATER V5.03                                                      01/28/2013  04:31:49  PAGE 8


  C:04E5H         LINE#         184
  C:04E8H         LINE#         185
  C:04EBH         LINE#         186
  C:04EDH         LINE#         187
  C:04EDH         LINE#         188
  C:04FAH         LINE#         189
  -------         ENDPROC       EXTMEMTEST
  -------         PROC          MAIN
  -------         DO            
  D:000CH         SYMBOL        j
  -------         ENDDO         
  C:0336H         LINE#         192
  C:0336H         LINE#         193
  C:0336H         LINE#         197
  C:033FH         LINE#         203
  C:0341H         LINE#         204
  C:0343H         LINE#         205
  C:0345H         LINE#         206
  C:0347H         LINE#         212
  C:034AH         LINE#         213
  C:034EH         LINE#         214
  C:0351H         LINE#         216
  C:0355H         LINE#         217
  C:0358H         LINE#         219
  C:035CH         LINE#         220
  C:035FH         LINE#         221
  C:0366H         LINE#         222
  C:0369H         LINE#         223
  C:036FH         LINE#         224
  C:0372H         LINE#         257
  C:0378H         LINE#         258
  C:037BH         LINE#         260
  C:0381H         LINE#         261
  C:0384H         LINE#         262
  C:038AH         LINE#         263
  C:038DH         LINE#         264
  C:0393H         LINE#         265
  C:0396H         LINE#         267
  C:0399H         LINE#         268
  C:039FH         LINE#         269
  C:03A2H         LINE#         270
  C:03A5H         LINE#         271
  C:03A8H         LINE#         272
  C:03ABH         LINE#         273
  C:03AEH         LINE#         274
  C:03B1H         LINE#         275
  C:03B4H         LINE#         276
  C:03B7H         LINE#         277
  C:03BAH         LINE#         278
  C:03BCH         LINE#         283
  C:03BFH         LINE#         284
  C:03C3H         LINE#         288
  C:03C6H         LINE#         289
  C:03C9H         LINE#         291
  C:03CCH         LINE#         292
  C:03D2H         LINE#         293
  C:03D5H         LINE#         294
BL51 BANKED LINKER/LOCATER V5.03                                                      01/28/2013  04:31:49  PAGE 9


  C:03DBH         LINE#         297
  C:03DEH         LINE#         301
  C:03E4H         LINE#         302
  C:03E7H         LINE#         303
  C:03ECH         LINE#         304
  C:03EFH         LINE#         306
  C:03F5H         LINE#         307
  C:03F8H         LINE#         308
  C:03FDH         LINE#         309
  C:0400H         LINE#         311
  C:0406H         LINE#         312
  C:0409H         LINE#         313
  C:040EH         LINE#         314
  C:0411H         LINE#         324
  C:0414H         LINE#         325
  C:0417H         LINE#         339
  C:041DH         LINE#         340
  C:0423H         LINE#         341
  C:0429H         LINE#         342
  C:042FH         LINE#         343
  C:0435H         LINE#         344
  C:043BH         LINE#         374
  C:043DH         LINE#         375
  C:0440H         LINE#         377
  C:0447H         LINE#         379
  C:044EH         LINE#         380
  C:0450H         LINE#         385
  C:0457H         LINE#         386
  C:0457H         LINE#         387
  C:045CH         LINE#         388
  C:045CH         LINE#         394
  C:0463H         LINE#         396
  C:0466H         LINE#         399
  C:0468H         LINE#         400
  C:046AH         LINE#         403
  C:046AH         LINE#         404
  C:046AH         LINE#         408
  C:046DH         LINE#         409
  C:046DH         LINE#         410
  C:0470H         LINE#         411
  C:0472H         LINE#         412
  C:0472H         LINE#         419
  C:0475H         LINE#         420
  C:0475H         LINE#         421
  C:047AH         LINE#         422
  C:047AH         LINE#         423
  C:047CH         LINE#         425
  C:047CH         LINE#         426
  C:047FH         LINE#         427
  C:047FH         LINE#         428
  C:0498H         LINE#         433
  C:049BH         LINE#         434
  C:049EH         LINE#         435
  C:049EH         LINE#         436
  C:049EH         LINE#         438
  -------         ENDPROC       MAIN
  -------         PROC          HIGHSPEEDCAPABLE
BL51 BANKED LINKER/LOCATER V5.03                                                      01/28/2013  04:31:49  PAGE 10


  C:0036H         LINE#         441
  C:0036H         LINE#         442
  C:0036H         LINE#         447
  C:003DH         LINE#         448
  C:003FH         LINE#         450
  C:0040H         LINE#         451
  -------         ENDPROC       HIGHSPEEDCAPABLE
  -------         PROC          SETUPCOMMAND
  -------         DO            
  D:0001H         SYMBOL        dscr_ptr
  D:0006H         SYMBOL        i
  D:0007H         SYMBOL        length
  -------         ENDDO         
  C:0056H         LINE#         454
  C:0056H         LINE#         455
  C:0056H         LINE#         459
  C:0094H         LINE#         460
  C:0094H         LINE#         461
  C:0096H         LINE#         462
  C:00C4H         LINE#         463
  C:00C4H         LINE#         464
  C:00CEH         LINE#         465
  C:00E3H         LINE#         466
  C:00E8H         LINE#         467
  C:00EDH         LINE#         470
  C:00F0H         LINE#         472
  C:00F0H         LINE#         476
  C:00F5H         LINE#         477
  C:00F9H         LINE#         480
  C:00F9H         LINE#         484
  C:00FCH         LINE#         486
  C:0132H         LINE#         487
  C:0132H         LINE#         489
  C:0132H         LINE#         490
  C:013AH         LINE#         491
  C:0150H         LINE#         492
  C:0150H         LINE#         493
  C:0150H         LINE#         494
  C:0153H         LINE#         495
  C:0159H         LINE#         496
  C:015BH         LINE#         497
  C:015DH         LINE#         498
  C:015DH         LINE#         501
  C:0162H         LINE#         502
  C:0162H         LINE#         503
  C:0168H         LINE#         504
  C:016AH         LINE#         505
  C:016CH         LINE#         511
  C:016CH         LINE#         512
  C:0172H         LINE#         513
  C:0174H         LINE#         514
  C:0176H         LINE#         515
  C:0176H         LINE#         516
  C:017CH         LINE#         517
  C:017EH         LINE#         518
  C:0180H         LINE#         519
  C:0180H         LINE#         520
BL51 BANKED LINKER/LOCATER V5.03                                                      01/28/2013  04:31:49  PAGE 11


  C:0193H         LINE#         521
  C:0193H         LINE#         522
  C:0198H         LINE#         523
  C:019DH         LINE#         524
  C:01A0H         LINE#         526
  C:01A0H         LINE#         527
  C:01A3H         LINE#         528
  C:01A3H         LINE#         529
  C:01A3H         LINE#         530
  C:01A3H         LINE#         531
  C:01A6H         LINE#         532
  C:01A6H         LINE#         533
  C:01A9H         LINE#         534
  C:01ACH         LINE#         535
  C:01ACH         LINE#         536
  C:01AFH         LINE#         537
  C:01B2H         LINE#         538
  C:01B2H         LINE#         539
  C:01B5H         LINE#         540
  C:01B8H         LINE#         541
  C:01B8H         LINE#         542
  C:01BBH         LINE#         543
  C:01BEH         LINE#         544
  C:01BEH         LINE#         545
  C:01C6H         LINE#         546
  C:01D5H         LINE#         547
  C:01D5H         LINE#         548
  C:01D5H         LINE#         549
  C:01E1H         LINE#         550
  C:01E1H         LINE#         551
  C:01E1H         LINE#         552
  C:01E1H         LINE#         553
  C:01E3H         LINE#         554
  C:01E3H         LINE#         555
  C:01E8H         LINE#         556
  C:01E8H         LINE#         557
  C:01E8H         LINE#         558
  C:01E8H         LINE#         559
  C:01EAH         LINE#         560
  C:01EAH         LINE#         561
  C:0228H         LINE#         562
  C:022BH         LINE#         563
  C:022FH         LINE#         564
  C:0235H         LINE#         565
  C:0238H         LINE#         566
  C:0238H         LINE#         567
  C:0238H         LINE#         568
  C:0238H         LINE#         569
  C:023BH         LINE#         570
  C:023BH         LINE#         571
  C:0243H         LINE#         572
  C:0252H         LINE#         573
  C:0252H         LINE#         574
  C:0252H         LINE#         575
  C:0259H         LINE#         576
  C:025EH         LINE#         578
  C:025EH         LINE#         579
BL51 BANKED LINKER/LOCATER V5.03                                                      01/28/2013  04:31:49  PAGE 12


  C:0261H         LINE#         580
  C:0261H         LINE#         581
  C:0267H         LINE#         582
  C:0267H         LINE#         583
  C:02A2H         LINE#         584
  C:02BAH         LINE#         585
  C:02BCH         LINE#         587
  C:02BCH         LINE#         588
  C:02BEH         LINE#         589
  C:02BEH         LINE#         590
  C:02BEH         LINE#         591
  C:02BEH         LINE#         592
  C:02C3H         LINE#         593
  C:02CFH         LINE#         594
  C:02CFH         LINE#         595
  C:02CFH         LINE#         596
  C:02D6H         LINE#         597
  C:02DAH         LINE#         598
  C:02E2H         LINE#         604
  C:02E2H         LINE#         606
  C:02E2H         LINE#         607
  C:02E4H         LINE#         608
  C:02E4H         LINE#         609
  C:031BH         LINE#         610
  C:031DH         LINE#         611
  C:031DH         LINE#         612
  C:0320H         LINE#         613
  C:0320H         LINE#         614
  C:0322H         LINE#         615
  C:0322H         LINE#         616
  C:0327H         LINE#         617
  C:032EH         LINE#         618
  C:032EH         LINE#         621
  C:0335H         LINE#         622
  -------         ENDPROC       SETUPCOMMAND
  -------         PROC          RESUME_ISR
  C:04FBH         LINE#         625
  C:04FBH         LINE#         627
  C:04FEH         LINE#         628
  -------         ENDPROC       RESUME_ISR
  -------         ENDMOD        FW

  -------         MODULE        PERIPH
  C:0000H         SYMBOL        _ICE_DUMMY_
  C:0988H         PUBLIC        ISR_Errorlimit
  C:0963H         PUBLIC        DR_SetConfiguration
  D:0010H         PUBLIC        AlternateSetting
  C:0979H         PUBLIC        ISR_Ep0in
  C:097BH         PUBLIC        ISR_Ep1in
  C:097AH         PUBLIC        ISR_Ep0out
  C:097CH         PUBLIC        ISR_Ep1out
  C:0999H         PUBLIC        ISR_GpifComplete
  C:06FEH         PUBLIC        DR_GetStatus
  C:0982H         PUBLIC        ISR_Ep0pingnak
  C:0983H         PUBLIC        ISR_Ep1pingnak
  C:099AH         PUBLIC        ISR_GpifWaveform
  C:0989H         PUBLIC        ISR_Ep2piderror
BL51 BANKED LINKER/LOCATER V5.03                                                      01/28/2013  04:31:49  PAGE 13


  C:0984H         PUBLIC        ISR_Ep2pingnak
  C:098AH         PUBLIC        ISR_Ep4piderror
  C:0985H         PUBLIC        ISR_Ep4pingnak
  C:098BH         PUBLIC        ISR_Ep6piderror
  C:0986H         PUBLIC        ISR_Ep6pingnak
  C:098CH         PUBLIC        ISR_Ep8piderror
  C:0987H         PUBLIC        ISR_Ep8pingnak
  D:0091H         PUBLIC        EXIF
  C:0947H         PUBLIC        DR_GetInterface
  C:0973H         PUBLIC        DR_ClearFeature
  C:0991H         PUBLIC        ISR_Ep2eflag
  C:0995H         PUBLIC        ISR_Ep2fflag
  C:0992H         PUBLIC        ISR_Ep4eflag
  C:096BH         PUBLIC        DR_SetInterface
  C:0996H         PUBLIC        ISR_Ep4fflag
  C:0993H         PUBLIC        ISR_Ep6eflag
  C:0997H         PUBLIC        ISR_Ep6fflag
  C:0046H         PUBLIC        DR_GetDescriptor
  C:0994H         PUBLIC        ISR_Ep8eflag
  C:0998H         PUBLIC        ISR_Ep8fflag
  C:098DH         PUBLIC        ISR_Ep2pflag
  C:098EH         PUBLIC        ISR_Ep4pflag
  D:0011H         PUBLIC        pCDCDataDscr
  C:098FH         PUBLIC        ISR_Ep6pflag
  C:0990H         PUBLIC        ISR_Ep8pflag
  C:08D9H         PUBLIC        ISR_Sudav
  C:0041H         PUBLIC        TD_Suspend
  D:0013H         PUBLIC        Configuration
  C:0032H         PUBLIC        ISR_Ep0ack
  C:07B8H         PUBLIC        ISR_Highspeed
  C:0909H         PUBLIC        ISR_Sutok
  C:0981H         PUBLIC        ISR_Ibn
  C:097DH         PUBLIC        ISR_Ep2inout
  C:097EH         PUBLIC        ISR_Ep4inout
  C:0977H         PUBLIC        DR_VendorCmnd
  C:0051H         PUBLIC        TD_Resume
  C:097FH         PUBLIC        ISR_Ep6inout
  C:04FFH         PUBLIC        ISR_Stub
  C:0980H         PUBLIC        ISR_Ep8inout
  C:07F5H         PUBLIC        ISR_Ures
  C:0975H         PUBLIC        DR_SetFeature
  C:091FH         PUBLIC        ISR_Sof
  C:0935H         PUBLIC        DR_GetConfiguration
  C:08F1H         PUBLIC        ISR_Susp
  -------         PROC          TD_SUSPEND
  C:0041H         LINE#         62
  C:0041H         LINE#         63
  C:0041H         LINE#         64
  C:0042H         LINE#         65
  -------         ENDPROC       TD_SUSPEND
  -------         PROC          TD_RESUME
  C:0051H         LINE#         67
  C:0051H         LINE#         68
  C:0051H         LINE#         69
  C:0052H         LINE#         70
  -------         ENDPROC       TD_RESUME
  -------         PROC          DR_GETDESCRIPTOR
BL51 BANKED LINKER/LOCATER V5.03                                                      01/28/2013  04:31:49  PAGE 14


  C:0046H         LINE#         77
  C:0046H         LINE#         78
  C:0046H         LINE#         81
  C:004CH         LINE#         83
  C:0050H         LINE#         84
  C:0050H         LINE#         107
  C:0050H         LINE#         109
  C:0050H         LINE#         110
  -------         ENDPROC       DR_GETDESCRIPTOR
  -------         PROC          DR_SETCONFIGURATION
  C:0963H         LINE#         112
  C:0963H         LINE#         113
  C:0963H         LINE#         114
  C:0969H         LINE#         115
  C:096AH         LINE#         116
  -------         ENDPROC       DR_SETCONFIGURATION
  -------         PROC          DR_GETCONFIGURATION
  C:0935H         LINE#         118
  C:0935H         LINE#         119
  C:0935H         LINE#         120
  C:093BH         LINE#         121
  C:0940H         LINE#         122
  C:0945H         LINE#         123
  C:0946H         LINE#         124
  -------         ENDPROC       DR_GETCONFIGURATION
  -------         PROC          DR_SETINTERFACE
  C:096BH         LINE#         126
  C:096BH         LINE#         127
  C:096BH         LINE#         128
  C:0971H         LINE#         129
  C:0972H         LINE#         130
  -------         ENDPROC       DR_SETINTERFACE
  -------         PROC          DR_GETINTERFACE
  C:0947H         LINE#         132
  C:0947H         LINE#         133
  C:0947H         LINE#         134
  C:094DH         LINE#         135
  C:0952H         LINE#         136
  C:0957H         LINE#         137
  C:0958H         LINE#         138
  -------         ENDPROC       DR_GETINTERFACE
  -------         PROC          DR_GETSTATUS
  C:06FEH         LINE#         140
  C:06FEH         LINE#         141
  C:06FEH         LINE#         142
  C:06FFH         LINE#         143
  -------         ENDPROC       DR_GETSTATUS
  -------         PROC          DR_CLEARFEATURE
  C:0973H         LINE#         145
  C:0973H         LINE#         146
  C:0973H         LINE#         147
  C:0974H         LINE#         148
  -------         ENDPROC       DR_CLEARFEATURE
  -------         PROC          DR_SETFEATURE
  C:0975H         LINE#         150
  C:0975H         LINE#         151
  C:0975H         LINE#         152
BL51 BANKED LINKER/LOCATER V5.03                                                      01/28/2013  04:31:49  PAGE 15


  C:0976H         LINE#         153
  -------         ENDPROC       DR_SETFEATURE
  -------         PROC          DR_VENDORCMND
  C:0977H         LINE#         155
  C:0977H         LINE#         156
  C:0977H         LINE#         157
  C:0978H         LINE#         158
  -------         ENDPROC       DR_VENDORCMND
  -------         PROC          ISR_SUDAV
  C:08D9H         LINE#         166
  C:08DFH         LINE#         168
  C:08E1H         LINE#         169
  C:08E4H         LINE#         170
  C:08EAH         LINE#         171
  -------         ENDPROC       ISR_SUDAV
  -------         PROC          ISR_SUTOK
  C:0909H         LINE#         174
  C:090FH         LINE#         176
  C:0912H         LINE#         177
  C:0918H         LINE#         178
  -------         ENDPROC       ISR_SUTOK
  -------         PROC          ISR_SOF
  C:091FH         LINE#         180
  C:0925H         LINE#         182
  C:0928H         LINE#         183
  C:092EH         LINE#         184
  -------         ENDPROC       ISR_SOF
  -------         PROC          ISR_URES
  C:07F5H         LINE#         186
  C:07FBH         LINE#         189
  C:0801H         LINE#         190
  C:080BH         LINE#         191
  C:0811H         LINE#         192
  C:081BH         LINE#         194
  C:081EH         LINE#         195
  C:0824H         LINE#         196
  -------         ENDPROC       ISR_URES
  -------         PROC          ISR_SUSP
  C:08F1H         LINE#         198
  C:08F7H         LINE#         200
  C:08F9H         LINE#         201
  C:08FCH         LINE#         202
  C:0902H         LINE#         203
  -------         ENDPROC       ISR_SUSP
  -------         PROC          ISR_HIGHSPEED
  C:07B8H         LINE#         205
  C:07BEH         LINE#         207
  C:07C5H         LINE#         208
  C:07C5H         LINE#         209
  C:07CBH         LINE#         210
  C:07D5H         LINE#         211
  C:07DBH         LINE#         212
  C:07E5H         LINE#         213
  C:07E5H         LINE#         215
  C:07E8H         LINE#         216
  C:07EEH         LINE#         217
  -------         ENDPROC       ISR_HIGHSPEED
BL51 BANKED LINKER/LOCATER V5.03                                                      01/28/2013  04:31:49  PAGE 16


  -------         PROC          ISR_EP0ACK
  C:0032H         LINE#         218
  C:0032H         LINE#         220
  -------         ENDPROC       ISR_EP0ACK
  -------         PROC          ISR_STUB
  C:04FFH         LINE#         221
  C:04FFH         LINE#         223
  -------         ENDPROC       ISR_STUB
  -------         PROC          ISR_EP0IN
  C:0979H         LINE#         224
  C:0979H         LINE#         226
  -------         ENDPROC       ISR_EP0IN
  -------         PROC          ISR_EP0OUT
  C:097AH         LINE#         227
  C:097AH         LINE#         229
  -------         ENDPROC       ISR_EP0OUT
  -------         PROC          ISR_EP1IN
  C:097BH         LINE#         230
  C:097BH         LINE#         234
  -------         ENDPROC       ISR_EP1IN
  -------         PROC          ISR_EP1OUT
  C:097CH         LINE#         235
  C:097CH         LINE#         237
  -------         ENDPROC       ISR_EP1OUT
  -------         PROC          ISR_EP2INOUT
  C:097DH         LINE#         238
  C:097DH         LINE#         240
  -------         ENDPROC       ISR_EP2INOUT
  -------         PROC          ISR_EP4INOUT
  C:097EH         LINE#         241
  C:097EH         LINE#         243
  -------         ENDPROC       ISR_EP4INOUT
  -------         PROC          ISR_EP6INOUT
  C:097FH         LINE#         244
  C:097FH         LINE#         246
  -------         ENDPROC       ISR_EP6INOUT
  -------         PROC          ISR_EP8INOUT
  C:0980H         LINE#         247
  C:0980H         LINE#         249
  -------         ENDPROC       ISR_EP8INOUT
  -------         PROC          ISR_IBN
  C:0981H         LINE#         250
  C:0981H         LINE#         252
  -------         ENDPROC       ISR_IBN
  -------         PROC          ISR_EP0PINGNAK
  C:0982H         LINE#         253
  C:0982H         LINE#         255
  -------         ENDPROC       ISR_EP0PINGNAK
  -------         PROC          ISR_EP1PINGNAK
  C:0983H         LINE#         256
  C:0983H         LINE#         258
  -------         ENDPROC       ISR_EP1PINGNAK
  -------         PROC          ISR_EP2PINGNAK
  C:0984H         LINE#         259
  C:0984H         LINE#         261
  -------         ENDPROC       ISR_EP2PINGNAK
  -------         PROC          ISR_EP4PINGNAK
BL51 BANKED LINKER/LOCATER V5.03                                                      01/28/2013  04:31:49  PAGE 17


  C:0985H         LINE#         262
  C:0985H         LINE#         264
  -------         ENDPROC       ISR_EP4PINGNAK
  -------         PROC          ISR_EP6PINGNAK
  C:0986H         LINE#         265
  C:0986H         LINE#         267
  -------         ENDPROC       ISR_EP6PINGNAK
  -------         PROC          ISR_EP8PINGNAK
  C:0987H         LINE#         268
  C:0987H         LINE#         270
  -------         ENDPROC       ISR_EP8PINGNAK
  -------         PROC          ISR_ERRORLIMIT
  C:0988H         LINE#         271
  C:0988H         LINE#         273
  -------         ENDPROC       ISR_ERRORLIMIT
  -------         PROC          ISR_EP2PIDERROR
  C:0989H         LINE#         274
  C:0989H         LINE#         276
  -------         ENDPROC       ISR_EP2PIDERROR
  -------         PROC          ISR_EP4PIDERROR
  C:098AH         LINE#         277
  C:098AH         LINE#         279
  -------         ENDPROC       ISR_EP4PIDERROR
  -------         PROC          ISR_EP6PIDERROR
  C:098BH         LINE#         280
  C:098BH         LINE#         282
  -------         ENDPROC       ISR_EP6PIDERROR
  -------         PROC          ISR_EP8PIDERROR
  C:098CH         LINE#         283
  C:098CH         LINE#         285
  -------         ENDPROC       ISR_EP8PIDERROR
  -------         PROC          ISR_EP2PFLAG
  C:098DH         LINE#         286
  C:098DH         LINE#         288
  -------         ENDPROC       ISR_EP2PFLAG
  -------         PROC          ISR_EP4PFLAG
  C:098EH         LINE#         289
  C:098EH         LINE#         291
  -------         ENDPROC       ISR_EP4PFLAG
  -------         PROC          ISR_EP6PFLAG
  C:098FH         LINE#         292
  C:098FH         LINE#         294
  -------         ENDPROC       ISR_EP6PFLAG
  -------         PROC          ISR_EP8PFLAG
  C:0990H         LINE#         295
  C:0990H         LINE#         297
  -------         ENDPROC       ISR_EP8PFLAG
  -------         PROC          ISR_EP2EFLAG
  C:0991H         LINE#         298
  C:0991H         LINE#         300
  -------         ENDPROC       ISR_EP2EFLAG
  -------         PROC          ISR_EP4EFLAG
  C:0992H         LINE#         301
  C:0992H         LINE#         303
  -------         ENDPROC       ISR_EP4EFLAG
  -------         PROC          ISR_EP6EFLAG
  C:0993H         LINE#         304
BL51 BANKED LINKER/LOCATER V5.03                                                      01/28/2013  04:31:49  PAGE 18


  C:0993H         LINE#         306
  -------         ENDPROC       ISR_EP6EFLAG
  -------         PROC          ISR_EP8EFLAG
  C:0994H         LINE#         307
  C:0994H         LINE#         309
  -------         ENDPROC       ISR_EP8EFLAG
  -------         PROC          ISR_EP2FFLAG
  C:0995H         LINE#         310
  C:0995H         LINE#         312
  -------         ENDPROC       ISR_EP2FFLAG
  -------         PROC          ISR_EP4FFLAG
  C:0996H         LINE#         313
  C:0996H         LINE#         315
  -------         ENDPROC       ISR_EP4FFLAG
  -------         PROC          ISR_EP6FFLAG
  C:0997H         LINE#         316
  C:0997H         LINE#         318
  -------         ENDPROC       ISR_EP6FFLAG
  -------         PROC          ISR_EP8FFLAG
  C:0998H         LINE#         319
  C:0998H         LINE#         321
  -------         ENDPROC       ISR_EP8FFLAG
  -------         PROC          ISR_GPIFCOMPLETE
  C:0999H         LINE#         322
  C:0999H         LINE#         324
  -------         ENDPROC       ISR_GPIFCOMPLETE
  -------         PROC          ISR_GPIFWAVEFORM
  C:099AH         LINE#         325
  C:099AH         LINE#         327
  -------         ENDPROC       ISR_GPIFWAVEFORM
  -------         ENDMOD        PERIPH

  -------         MODULE        USBJMPTBL
  C:0700H         SEGMENT       ?PR?USB_JUMP_TABLE?USBJT
  N:0045H         PUBLIC        USB_INT2AUTOVECTOR
  N:0055H         PUBLIC        USB_INT4AUTOVECTOR
  C:0700H         PUBLIC        USB_JUMP_TABLE
  N:0000H         SYMBOL        USBJMPTBL
  C:0043H         LINE#         15
  C:0053H         LINE#         19
  C:0700H         LINE#         27
  C:0704H         LINE#         29
  C:0708H         LINE#         31
  C:070CH         LINE#         33
  C:0710H         LINE#         35
  C:0714H         LINE#         37
  C:0718H         LINE#         39
  C:071CH         LINE#         41
  C:0720H         LINE#         43
  C:0724H         LINE#         45
  C:0728H         LINE#         47
  C:072CH         LINE#         49
  C:0730H         LINE#         51
  C:0734H         LINE#         53
  C:0738H         LINE#         55
  C:073CH         LINE#         57
  C:0740H         LINE#         59
BL51 BANKED LINKER/LOCATER V5.03                                                      01/28/2013  04:31:49  PAGE 19


  C:0744H         LINE#         61
  C:0748H         LINE#         63
  C:074CH         LINE#         65
  C:0750H         LINE#         67
  C:0754H         LINE#         69
  C:0758H         LINE#         71
  C:075CH         LINE#         73
  C:0760H         LINE#         75
  C:0764H         LINE#         77
  C:0768H         LINE#         79
  C:076CH         LINE#         81
  C:0770H         LINE#         83
  C:0774H         LINE#         85
  C:0778H         LINE#         87
  C:077CH         LINE#         89
  C:0780H         LINE#         92
  C:0784H         LINE#         94
  C:0788H         LINE#         96
  C:078CH         LINE#         98
  C:0790H         LINE#         100
  C:0794H         LINE#         102
  C:0798H         LINE#         104
  C:079CH         LINE#         106
  C:07A0H         LINE#         108
  C:07A4H         LINE#         110
  C:07A8H         LINE#         112
  C:07ACH         LINE#         114
  C:07B0H         LINE#         116
  C:07B4H         LINE#         118
  -------         ENDMOD        USBJMPTBL

  -------         MODULE        RESUME
  C:0000H         SYMBOL        _ICE_DUMMY_
  B:00C0H.3       PUBLIC        TB81
  B:00C0H.7       PUBLIC        SM01
  B:00C0H.6       PUBLIC        SM11
  B:00E8H.1       PUBLIC        EI2C
  B:00D0H.6       PUBLIC        AC
  B:00C0H.5       PUBLIC        SM21
  B:00A8H.7       PUBLIC        EA
  B:00B0H.0       PUBLIC        APTR1FZ
  B:00B0H.1       PUBLIC        APTR2FZ
  B:00F8H.1       PUBLIC        PI2C
  B:00D0H.1       PUBLIC        FL
  B:00C8H.6       PUBLIC        EXF2
  B:00C0H.4       PUBLIC        REN1
  B:0098H.0       PUBLIC        RI
  B:00D0H.7       PUBLIC        CY
  B:0098H.1       PUBLIC        TI
  B:00D8H.3       PUBLIC        INT6
  B:00D0H.2       PUBLIC        OV
  B:00C8H.1       PUBLIC        C_T2
  B:00C8H.5       PUBLIC        RCLK
  B:00C8H.4       PUBLIC        TCLK
  B:00E8H.0       PUBLIC        EUSB
  B:00D8H.4       PUBLIC        RESI
  B:00A8H.7       PUBLIC        EXTACC
BL51 BANKED LINKER/LOCATER V5.03                                                      01/28/2013  04:31:49  PAGE 20


  B:00F8H.0       PUBLIC        PUSB
  B:0088H.1       PUBLIC        IE0
  B:0088H.3       PUBLIC        IE1
  B:00C8H.0       PUBLIC        CP_RL2
  B:00A8H.4       PUBLIC        ES0
  B:00A8H.6       PUBLIC        ES1
  B:00A8H.1       PUBLIC        ET0
  B:00A8H.3       PUBLIC        ET1
  B:0088H.5       PUBLIC        TF0
  B:00A8H.5       PUBLIC        ET2
  B:0088H.7       PUBLIC        TF1
  B:00C8H.7       PUBLIC        TF2
  B:00C0H.0       PUBLIC        RI1
  B:0098H.2       PUBLIC        RB8
  B:00A8H.0       PUBLIC        EX0
  B:0088H.0       PUBLIC        IT0
  B:00C0H.1       PUBLIC        TI1
  B:00A8H.2       PUBLIC        EX1
  B:0098H.3       PUBLIC        TB8
  B:0088H.2       PUBLIC        IT1
  B:00D0H.0       PUBLIC        P
  B:0098H.7       PUBLIC        SM0
  B:0098H.6       PUBLIC        SM1
  B:0098H.5       PUBLIC        SM2
  B:00B8H.4       PUBLIC        PS0
  B:00B8H.6       PUBLIC        PS1
  B:00B8H.1       PUBLIC        PT0
  B:00D0H.3       PUBLIC        RS0
  B:00B8H.3       PUBLIC        PT1
  B:00D0H.4       PUBLIC        RS1
  B:00B8H.5       PUBLIC        PT2
  B:0088H.4       PUBLIC        TR0
  B:0088H.6       PUBLIC        TR1
  B:00C8H.2       PUBLIC        TR2
  B:00B8H.0       PUBLIC        PX0
  B:00B8H.2       PUBLIC        PX1
  B:00E8H.2       PUBLIC        EIEX4
  C:082BH         PUBLIC        EZUSB_Resume
  B:00E8H.3       PUBLIC        EIEX5
  B:00E8H.4       PUBLIC        EIEX6
  B:00C8H.3       PUBLIC        EXEN2
  B:0080H.6       PUBLIC        SEL
  B:00D8H.7       PUBLIC        SMOD1
  B:0098H.4       PUBLIC        REN
  B:00F8H.2       PUBLIC        EIPX4
  B:00F8H.3       PUBLIC        EIPX5
  B:00F8H.4       PUBLIC        EIPX6
  B:00D0H.5       PUBLIC        F0
  B:00D8H.5       PUBLIC        ERESI
  B:00C0H.2       PUBLIC        RB81
  -------         PROC          EZUSB_RESUME
  C:082BH         LINE#         4
  C:082BH         LINE#         5
  C:082BH         LINE#         6
  C:0841H         LINE#         8
  C:0841H         LINE#         9
  C:0848H         LINE#         10
BL51 BANKED LINKER/LOCATER V5.03                                                      01/28/2013  04:31:49  PAGE 21


  C:084FH         LINE#         11
  C:0856H         LINE#         12
  C:0856H         LINE#         13
  -------         ENDPROC       EZUSB_RESUME
  -------         ENDMOD        RESUME

  -------         MODULE        SUSP
  C:06D9H         SEGMENT       EZUSB
  C:06D9H         PUBLIC        EZUSB_SUSP
  B:00D0H.6       SYMBOL        AC
  D:00E0H         SYMBOL        ACC
  D:009AH         SYMBOL        APTR1H
  D:009BH         SYMBOL        APTR1L
  D:009AH         SYMBOL        AUTOPTR1H
  D:009BH         SYMBOL        AUTOPTR1L
  D:009DH         SYMBOL        AUTOPTRH2
  D:009EH         SYMBOL        AUTOPTRL2
  D:00AFH         SYMBOL        AUTOPTRSETUP
  D:00F0H         SYMBOL        B
  X:E606H         SYMBOL        BPADDRH
  X:E607H         SYMBOL        BPADDRL
  X:E605H         SYMBOL        BREAKPT
  D:008EH         SYMBOL        CKCON
  X:E665H         SYMBOL        CLRERRCNT
  X:E600H         SYMBOL        CPUCS
  B:00C8H.0       SYMBOL        CP_RL2
  X:E6FBH         SYMBOL        CT1
  X:E6FCH         SYMBOL        CT2
  X:E6FDH         SYMBOL        CT3
  X:E6FEH         SYMBOL        CT4
  B:00D0H.7       SYMBOL        CY
  B:00C8H.1       SYMBOL        C_T2
  X:E6F8H         SYMBOL        DBUG
  D:0083H         SYMBOL        DPH
  D:0085H         SYMBOL        DPH1
  D:0082H         SYMBOL        DPL
  D:0084H         SYMBOL        DPL1
  D:0086H         SYMBOL        DPS
  B:00A8H.7       SYMBOL        EA
  B:00E8H.1       SYMBOL        EI2C
  D:00D8H         SYMBOL        EICON
  D:00E8H         SYMBOL        EIE
  B:00E8H.2       SYMBOL        EIEX4
  B:00E8H.3       SYMBOL        EIEX5
  B:00E8H.4       SYMBOL        EIEX6
  D:00F8H         SYMBOL        EIP
  B:00F8H.2       SYMBOL        EIPX4
  B:00F8H.3       SYMBOL        EIPX5
  B:00F8H.4       SYMBOL        EIPX6
  D:00BAH         SYMBOL        EP01STAT
  X:E68AH         SYMBOL        EP0BCH
  X:E68BH         SYMBOL        EP0BCL
  X:E740H         SYMBOL        EP0BUF
  X:E6A0H         SYMBOL        EP0CS
  X:E780H         SYMBOL        EP10UTBUF
  X:E68FH         SYMBOL        EP1INBC
  X:E7C0H         SYMBOL        EP1INBUF
BL51 BANKED LINKER/LOCATER V5.03                                                      01/28/2013  04:31:49  PAGE 22


  X:E611H         SYMBOL        EP1INCFG
  X:E6A2H         SYMBOL        EP1INCS
  X:E68DH         SYMBOL        EP1OUTBC
  X:E610H         SYMBOL        EP1OUTCFG
  X:E6A1H         SYMBOL        EP1OUTCS
  D:00AAH         SYMBOL        EP2468STAT
  D:00ABH         SYMBOL        EP24FIFOFLGS
  X:E620H         SYMBOL        EP2AUTOINLENH
  X:E621H         SYMBOL        EP2AUTOINLENL
  X:E690H         SYMBOL        EP2BCH
  X:E691H         SYMBOL        EP2BCL
  X:E612H         SYMBOL        EP2CFG
  X:E6A3H         SYMBOL        EP2CS
  X:E6ABH         SYMBOL        EP2FIFOBCH
  X:E6ACH         SYMBOL        EP2FIFOBCL
  X:F000H         SYMBOL        EP2FIFOBUF
  X:E618H         SYMBOL        EP2FIFOCFG
  X:E6A7H         SYMBOL        EP2FIFOFLGS
  X:E650H         SYMBOL        EP2FIFOIE
  X:E651H         SYMBOL        EP2FIFOIRQ
  X:E630H         SYMBOL        EP2FIFOPFH
  X:E631H         SYMBOL        EP2FIFOPFL
  X:E6D2H         SYMBOL        EP2GPIFFLGSEL
  X:E6D3H         SYMBOL        EP2GPIFPFSTOP
  X:E6D0H         SYMBOL        EP2GPIFTCH
  X:E6D1H         SYMBOL        EP2GPIFTCL
  X:E6D4H         SYMBOL        EP2GPIFTRIG
  X:E640H         SYMBOL        EP2ISOINPKTS
  X:E622H         SYMBOL        EP4AUTOINLENH
  X:E623H         SYMBOL        EP4AUTOINLENL
  X:E694H         SYMBOL        EP4BCH
  X:E695H         SYMBOL        EP4BCL
  X:E613H         SYMBOL        EP4CFG
  X:E6A4H         SYMBOL        EP4CS
  X:E6ADH         SYMBOL        EP4FIFOBCH
  X:E6AEH         SYMBOL        EP4FIFOBCL
  X:F400H         SYMBOL        EP4FIFOBUF
  X:E619H         SYMBOL        EP4FIFOCFG
  X:E6A8H         SYMBOL        EP4FIFOFLGS
  X:E652H         SYMBOL        EP4FIFOIE
  X:E653H         SYMBOL        EP4FIFOIRQ
  X:E632H         SYMBOL        EP4FIFOPFH
  X:E633H         SYMBOL        EP4FIFOPFL
  X:E6DAH         SYMBOL        EP4GPIFFLGSEL
  X:E6DBH         SYMBOL        EP4GPIFPFSTOP
  X:E6D0H         SYMBOL        EP4GPIFTCH
  X:E6D1H         SYMBOL        EP4GPIFTCL
  X:E6DCH         SYMBOL        EP4GPIFTRIG
  X:E641H         SYMBOL        EP4ISOINPKTS
  D:00ACH         SYMBOL        EP68FIFOFLGS
  X:E624H         SYMBOL        EP6AUTOINLENH
  X:E625H         SYMBOL        EP6AUTOINLENL
  X:E698H         SYMBOL        EP6BCH
  X:E699H         SYMBOL        EP6BCL
  X:E614H         SYMBOL        EP6CFG
  X:E6A5H         SYMBOL        EP6CS
  X:E6AFH         SYMBOL        EP6FIFOBCH
BL51 BANKED LINKER/LOCATER V5.03                                                      01/28/2013  04:31:49  PAGE 23


  X:E6B0H         SYMBOL        EP6FIFOBCL
  X:F800H         SYMBOL        EP6FIFOBUF
  X:E61AH         SYMBOL        EP6FIFOCFG
  X:E6A9H         SYMBOL        EP6FIFOFLGS
  X:E654H         SYMBOL        EP6FIFOIE
  X:E655H         SYMBOL        EP6FIFOIRQ
  X:E634H         SYMBOL        EP6FIFOPFH
  X:E635H         SYMBOL        EP6FIFOPFL
  X:E6E2H         SYMBOL        EP6GPIFFLGSEL
  X:E6E3H         SYMBOL        EP6GPIFPFSTOP
  X:E6D0H         SYMBOL        EP6GPIFTCH
  X:E6D1H         SYMBOL        EP6GPIFTCL
  X:E6E4H         SYMBOL        EP6GPIFTRIG
  X:E642H         SYMBOL        EP6ISOINPKTS
  X:E626H         SYMBOL        EP8AUTOINLENH
  X:E627H         SYMBOL        EP8AUTOINLENL
  X:E69CH         SYMBOL        EP8BCH
  X:E69DH         SYMBOL        EP8BCL
  X:E615H         SYMBOL        EP8CFG
  X:E6A6H         SYMBOL        EP8CS
  X:E6B1H         SYMBOL        EP8FIFOBCH
  X:E6B2H         SYMBOL        EP8FIFOBCL
  X:FC00H         SYMBOL        EP8FIFOBUF
  X:E61BH         SYMBOL        EP8FIFOCFG
  X:E6AAH         SYMBOL        EP8FIFOFLGS
  X:E656H         SYMBOL        EP8FIFOIE
  X:E657H         SYMBOL        EP8FIFOIRQ
  X:E636H         SYMBOL        EP8FIFOPFH
  X:E637H         SYMBOL        EP8FIFOPFL
  X:E6EAH         SYMBOL        EP8GPIFFLGSEL
  X:E6EBH         SYMBOL        EP8GPIFPFSTOP
  X:E6D0H         SYMBOL        EP8GPIFTCH
  X:E6D1H         SYMBOL        EP8GPIFTCL
  X:E6ECH         SYMBOL        EP8GPIFTRIG
  X:E643H         SYMBOL        EP8ISOINPKTS
  X:E65EH         SYMBOL        EPIE
  X:E65FH         SYMBOL        EPIRQ
  B:00D8H.5       SYMBOL        ERESI
  X:E664H         SYMBOL        ERRCNTLIM
  C:06ECH         SYMBOL        ER_END
  B:00A8H.4       SYMBOL        ES0
  B:00A8H.6       SYMBOL        ES1
  B:00A8H.1       SYMBOL        ET0
  B:00A8H.3       SYMBOL        ET1
  B:00A8H.5       SYMBOL        ET2
  B:00E8H.0       SYMBOL        EUSB
  B:00A8H.0       SYMBOL        EX0
  B:00A8H.2       SYMBOL        EX1
  B:00C8H.3       SYMBOL        EXEN2
  B:00C8H.6       SYMBOL        EXF2
  D:0091H         SYMBOL        EXIF
  X:E67BH         SYMBOL        EXTAUTODAT1
  X:E67CH         SYMBOL        EXTAUTODAT2
  B:00D0H.5       SYMBOL        F0
  X:E609H         SYMBOL        FIFOPINPOLAR
  X:E604H         SYMBOL        FIFORESET
  B:00D0H.1       SYMBOL        FL
BL51 BANKED LINKER/LOCATER V5.03                                                      01/28/2013  04:31:49  PAGE 24


  X:E6CCH         SYMBOL        FLOWEDGE
  X:E6C8H         SYMBOL        FLOWEQ0CTL
  X:E6C9H         SYMBOL        FLOWEQ1CTL
  X:E6C7H         SYMBOL        FLOWLOGIC
  X:E6C6H         SYMBOL        FLOWSTATE
  X:E6CBH         SYMBOL        FLOWSTB
  X:E6CDH         SYMBOL        FLOWSTBHPERIOD
  X:E687H         SYMBOL        FNADDR
  X:E6F5H         SYMBOL        GPIFABORT
  X:E6C4H         SYMBOL        GPIFADRH
  X:E6C5H         SYMBOL        GPIFADRL
  X:E6C3H         SYMBOL        GPIFCTLCFG
  X:E60CH         SYMBOL        GPIFHOLDAMOUNT
  X:E6C1H         SYMBOL        GPIFIDLECS
  X:E6C2H         SYMBOL        GPIFIDLECTL
  X:E660H         SYMBOL        GPIFIE
  X:E661H         SYMBOL        GPIFIRQ
  X:E6F3H         SYMBOL        GPIFREADYCFG
  X:E6F4H         SYMBOL        GPIFREADYSTAT
  D:00BDH         SYMBOL        GPIFSGLDATH
  D:00BFH         SYMBOL        GPIFSGLDATLNOX
  D:00BEH         SYMBOL        GPIFSGLDATLX
  X:E6D1H         SYMBOL        GPIFTCB0
  X:E6D0H         SYMBOL        GPIFTCB1
  X:E6CFH         SYMBOL        GPIFTCB2
  X:E6CEH         SYMBOL        GPIFTCB3
  D:00BBH         SYMBOL        GPIFTRIG
  X:E6C0H         SYMBOL        GPIFWFSELECT
  X:E400H         SYMBOL        GPIF_WAVE_DATA
  X:E678H         SYMBOL        I2CS
  X:E67AH         SYMBOL        I2CTL
  X:E679H         SYMBOL        I2DAT
  X:E658H         SYMBOL        IBNIE
  X:E659H         SYMBOL        IBNIRQ
  D:00A8H         SYMBOL        IE
  B:0088H.1       SYMBOL        IE0
  B:0088H.3       SYMBOL        IE1
  X:E601H         SYMBOL        IFCONFIG
  X:E648H         SYMBOL        INPKTEND
  D:00A1H         SYMBOL        INT2CLR
  X:E666H         SYMBOL        INT2IVEC
  D:00A2H         SYMBOL        INT4CLR
  X:E667H         SYMBOL        INT4IVEC
  B:00D8H.3       SYMBOL        INT6
  X:E668H         SYMBOL        INTSETUP
  D:0080H         SYMBOL        IOA
  D:0090H         SYMBOL        IOB
  D:00A0H         SYMBOL        IOC
  D:00B0H         SYMBOL        IOD
  D:00B1H         SYMBOL        IOE
  D:00B8H         SYMBOL        IP
  B:0088H.0       SYMBOL        IT0
  B:0088H.2       SYMBOL        IT1
  X:E686H         SYMBOL        MICROFRAME
  D:0092H         SYMBOL        MPAGE
  X:E65AH         SYMBOL        NAKIE
  X:E65BH         SYMBOL        NAKIRQ
BL51 BANKED LINKER/LOCATER V5.03                                                      01/28/2013  04:31:49  PAGE 25


  D:00B2H         SYMBOL        OEA
  D:00B3H         SYMBOL        OEB
  D:00B4H         SYMBOL        OEC
  D:00B5H         SYMBOL        OED
  D:00B6H         SYMBOL        OEE
  X:E649H         SYMBOL        OUTPKTEND
  B:00D0H.2       SYMBOL        OV
  B:00D0H.0       SYMBOL        P
  D:0087H         SYMBOL        PCON
  B:00F8H.1       SYMBOL        PI2C
  X:E602H         SYMBOL        PINFLAGSAB
  X:E603H         SYMBOL        PINFLAGSCD
  X:E670H         SYMBOL        PORTACFG
  X:E671H         SYMBOL        PORTCCFG
  X:E672H         SYMBOL        PORTECFG
  B:00B8H.4       SYMBOL        PS0
  B:00B8H.6       SYMBOL        PS1
  D:00D0H         SYMBOL        PSW
  B:00B8H.1       SYMBOL        PT0
  B:00B8H.3       SYMBOL        PT1
  B:00B8H.5       SYMBOL        PT2
  B:00F8H.0       SYMBOL        PUSB
  B:00B8H.0       SYMBOL        PX0
  B:00B8H.2       SYMBOL        PX1
  B:0098H.2       SYMBOL        RB8
  B:00C0H.2       SYMBOL        RB81
  D:00CBH         SYMBOL        RCAP2H
  D:00CAH         SYMBOL        RCAP2L
  B:00C8H.5       SYMBOL        RCLK
  B:0098H.4       SYMBOL        REN
  B:00C0H.4       SYMBOL        REN1
  B:00D8H.4       SYMBOL        RESI
  X:E480H         SYMBOL        RES_WAVEDATA_END
  X:E60BH         SYMBOL        REVCTL
  X:E60AH         SYMBOL        REVID
  B:0098H.0       SYMBOL        RI
  B:00C0H.0       SYMBOL        RI1
  B:00D0H.3       SYMBOL        RS0
  B:00D0H.4       SYMBOL        RS1
  D:0099H         SYMBOL        SBUF0
  D:00C1H         SYMBOL        SBUF1
  D:0098H         SYMBOL        SCON0
  D:00C0H         SYMBOL        SCON1
  B:0080H.6       SYMBOL        SEL
  X:E6B8H         SYMBOL        SETUPDAT
  B:0098H.7       SYMBOL        SM0
  B:00C0H.7       SYMBOL        SM01
  B:0098H.6       SYMBOL        SM1
  B:00C0H.6       SYMBOL        SM11
  B:0098H.5       SYMBOL        SM2
  B:00C0H.5       SYMBOL        SM21
  B:00D8H.7       SYMBOL        SMOD1
  D:0081H         SYMBOL        SP
  X:E6B5H         SYMBOL        SUDPTRCTL
  X:E6B3H         SYMBOL        SUDPTRH
  X:E6B4H         SYMBOL        SUDPTRL
  N:0000H         SYMBOL        SUSP
BL51 BANKED LINKER/LOCATER V5.03                                                      01/28/2013  04:31:49  PAGE 26


  X:E681H         SYMBOL        SUSPEND
  D:00C8H         SYMBOL        T2CON
  B:0098H.3       SYMBOL        TB8
  B:00C0H.3       SYMBOL        TB81
  B:00C8H.4       SYMBOL        TCLK
  D:0088H         SYMBOL        TCON
  X:E6F9H         SYMBOL        TESTCFG
  B:0088H.5       SYMBOL        TF0
  B:0088H.7       SYMBOL        TF1
  B:00C8H.7       SYMBOL        TF2
  D:008CH         SYMBOL        TH0
  D:008DH         SYMBOL        TH1
  D:00CDH         SYMBOL        TH2
  B:0098H.1       SYMBOL        TI
  B:00C0H.1       SYMBOL        TI1
  D:008AH         SYMBOL        TL0
  D:008BH         SYMBOL        TL1
  D:00CCH         SYMBOL        TL2
  D:0089H         SYMBOL        TMOD
  X:E683H         SYMBOL        TOGCTL
  B:0088H.4       SYMBOL        TR0
  B:0088H.6       SYMBOL        TR1
  B:00C8H.2       SYMBOL        TR2
  X:E608H         SYMBOL        UART230
  X:E67DH         SYMBOL        UDMACRCH
  X:E67EH         SYMBOL        UDMACRCL
  X:E67FH         SYMBOL        UDMACRCQUAL
  X:E680H         SYMBOL        USBCS
  X:E662H         SYMBOL        USBERRIE
  X:E663H         SYMBOL        USBERRIRQ
  X:E684H         SYMBOL        USBFRAMEH
  X:E685H         SYMBOL        USBFRAMEL
  X:E65CH         SYMBOL        USBIE
  X:E65DH         SYMBOL        USBIRQ
  X:E6FAH         SYMBOL        USBTEST
  X:E682H         SYMBOL        WAKEUPCS
  X:E6F0H         SYMBOL        XGPIFSGLDATH
  X:E6F2H         SYMBOL        XGPIFSGLDATLNOX
  X:E6F1H         SYMBOL        XGPIFSGLDATLX
  C:06D9H         LINE#         10
  C:06DCH         LINE#         11
  C:06DDH         LINE#         12
  C:06DFH         LINE#         13
  C:06E0H         LINE#         15
  C:06E3H         LINE#         16
  C:06E4H         LINE#         18
  C:06E7H         LINE#         20
  C:06E8H         LINE#         21
  C:06E9H         LINE#         22
  C:06EAH         LINE#         23
  C:06EBH         LINE#         24
  C:06ECH         LINE#         25
  -------         ENDMOD        SUSP

  -------         MODULE        DISCON
  C:0000H         SYMBOL        _ICE_DUMMY_
  B:00C0H.3       PUBLIC        TB81
BL51 BANKED LINKER/LOCATER V5.03                                                      01/28/2013  04:31:49  PAGE 27


  B:00C0H.7       PUBLIC        SM01
  B:00C0H.6       PUBLIC        SM11
  B:00E8H.1       PUBLIC        EI2C
  B:00D0H.6       PUBLIC        AC
  B:00C0H.5       PUBLIC        SM21
  B:00A8H.7       PUBLIC        EA
  B:00B0H.0       PUBLIC        APTR1FZ
  B:00B0H.1       PUBLIC        APTR2FZ
  B:00F8H.1       PUBLIC        PI2C
  B:00D0H.1       PUBLIC        FL
  B:00C8H.6       PUBLIC        EXF2
  B:00C0H.4       PUBLIC        REN1
  B:0098H.0       PUBLIC        RI
  B:00D0H.7       PUBLIC        CY
  B:0098H.1       PUBLIC        TI
  B:00D8H.3       PUBLIC        INT6
  B:00D0H.2       PUBLIC        OV
  B:00C8H.1       PUBLIC        C_T2
  B:00C8H.5       PUBLIC        RCLK
  D:0091H         PUBLIC        EXIF
  B:00C8H.4       PUBLIC        TCLK
  B:00E8H.0       PUBLIC        EUSB
  B:00D8H.4       PUBLIC        RESI
  B:00A8H.7       PUBLIC        EXTACC
  B:00F8H.0       PUBLIC        PUSB
  B:0088H.1       PUBLIC        IE0
  B:0088H.3       PUBLIC        IE1
  B:00C8H.0       PUBLIC        CP_RL2
  B:00A8H.4       PUBLIC        ES0
  B:00A8H.6       PUBLIC        ES1
  B:00A8H.1       PUBLIC        ET0
  B:00A8H.3       PUBLIC        ET1
  B:0088H.5       PUBLIC        TF0
  B:00A8H.5       PUBLIC        ET2
  B:0088H.7       PUBLIC        TF1
  B:00C8H.7       PUBLIC        TF2
  B:00C0H.0       PUBLIC        RI1
  B:0098H.2       PUBLIC        RB8
  B:00A8H.0       PUBLIC        EX0
  B:0088H.0       PUBLIC        IT0
  B:00C0H.1       PUBLIC        TI1
  B:00A8H.2       PUBLIC        EX1
  B:0098H.3       PUBLIC        TB8
  B:0088H.2       PUBLIC        IT1
  B:00D0H.0       PUBLIC        P
  C:0003H         PUBLIC        EZUSB_Discon
  B:0098H.7       PUBLIC        SM0
  B:0098H.6       PUBLIC        SM1
  B:0098H.5       PUBLIC        SM2
  B:00B8H.4       PUBLIC        PS0
  B:00B8H.6       PUBLIC        PS1
  B:00B8H.1       PUBLIC        PT0
  B:00D0H.3       PUBLIC        RS0
  B:00B8H.3       PUBLIC        PT1
  B:00D0H.4       PUBLIC        RS1
  B:00B8H.5       PUBLIC        PT2
  B:0088H.4       PUBLIC        TR0
BL51 BANKED LINKER/LOCATER V5.03                                                      01/28/2013  04:31:49  PAGE 28


  B:0088H.6       PUBLIC        TR1
  B:00C8H.2       PUBLIC        TR2
  B:00B8H.0       PUBLIC        PX0
  B:00B8H.2       PUBLIC        PX1
  B:00E8H.2       PUBLIC        EIEX4
  B:00E8H.3       PUBLIC        EIEX5
  B:00E8H.4       PUBLIC        EIEX6
  B:00C8H.3       PUBLIC        EXEN2
  B:0080H.6       PUBLIC        SEL
  B:00D8H.7       PUBLIC        SMOD1
  B:0098H.4       PUBLIC        REN
  B:00F8H.2       PUBLIC        EIPX4
  B:00F8H.3       PUBLIC        EIPX5
  B:00F8H.4       PUBLIC        EIPX6
  B:00D0H.5       PUBLIC        F0
  B:00D8H.5       PUBLIC        ERESI
  B:00C0H.2       PUBLIC        RB81
  -------         PROC          EZUSB_DISCON
  B:0020H.4       SYMBOL        renum
  C:0003H         LINE#         4
  C:0003H         LINE#         5
  C:0003H         LINE#         7
  C:0006H         LINE#         8
  C:000FH         LINE#         10
  C:0016H         LINE#         12
  C:001DH         LINE#         14
  C:0023H         LINE#         15
  C:0027H         LINE#         16
  C:002AH         LINE#         18
  C:0031H         LINE#         19
  -------         ENDPROC       EZUSB_DISCON
  -------         ENDMOD        DISCON

  -------         MODULE        EZREGS
  C:0000H         SYMBOL        _ICE_DUMMY_
  X:E652H         PUBLIC        EP4FIFOIE
  B:00C0H.3       PUBLIC        TB81
  X:E668H         PUBLIC        INTSETUP
  X:E600H         PUBLIC        CPUCS
  X:E654H         PUBLIC        EP6FIFOIE
  B:00C0H.7       PUBLIC        SM01
  X:E680H         PUBLIC        USBCS
  B:00C0H.6       PUBLIC        SM11
  X:E65FH         PUBLIC        EPIRQ
  X:E656H         PUBLIC        EP8FIFOIE
  B:00E8H.1       PUBLIC        EI2C
  B:00D0H.6       PUBLIC        AC
  B:00C0H.5       PUBLIC        SM21
  B:00A8H.7       PUBLIC        EA
  X:E6F2H         PUBLIC        XGPIFSGLDATLNOX
  X:E6C0H         PUBLIC        GPIFWFSELECT
  B:00B0H.0       PUBLIC        APTR1FZ
  X:E6F0H         PUBLIC        XGPIFSGLDATH
  B:00B0H.1       PUBLIC        APTR2FZ
  X:E605H         PUBLIC        BREAKPT
  B:00F8H.1       PUBLIC        PI2C
  X:E609H         PUBLIC        FIFOPINPOLAR
BL51 BANKED LINKER/LOCATER V5.03                                                      01/28/2013  04:31:49  PAGE 29


  X:E640H         PUBLIC        EP2ISOINPKTS
  B:00D0H.1       PUBLIC        FL
  X:E678H         PUBLIC        I2CS
  X:E610H         PUBLIC        EP1OUTCFG
  X:E6F9H         PUBLIC        TESTCFG
  X:E641H         PUBLIC        EP4ISOINPKTS
  X:E68AH         PUBLIC        EP0BCH
  X:E661H         PUBLIC        GPIFIRQ
  X:E642H         PUBLIC        EP6ISOINPKTS
  B:00C8H.6       PUBLIC        EXF2
  X:E690H         PUBLIC        EP2BCH
  B:00C0H.4       PUBLIC        REN1
  X:E643H         PUBLIC        EP8ISOINPKTS
  X:E694H         PUBLIC        EP4BCH
  X:E68BH         PUBLIC        EP0BCL
  X:E612H         PUBLIC        EP2CFG
  X:E698H         PUBLIC        EP6BCH
  X:E691H         PUBLIC        EP2BCL
  B:0098H.0       PUBLIC        RI
  X:E613H         PUBLIC        EP4CFG
  B:00D0H.7       PUBLIC        CY
  X:E6A7H         PUBLIC        EP2FIFOFLGS
  X:E69CH         PUBLIC        EP8BCH
  X:E695H         PUBLIC        EP4BCL
  B:0098H.1       PUBLIC        TI
  X:E614H         PUBLIC        EP6CFG
  X:E6A8H         PUBLIC        EP4FIFOFLGS
  X:E699H         PUBLIC        EP6BCL
  X:E780H         PUBLIC        EP1OUTBUF
  X:E67BH         PUBLIC        XAUTODAT1
  X:E615H         PUBLIC        EP8CFG
  X:E6A9H         PUBLIC        EP6FIFOFLGS
  X:E69DH         PUBLIC        EP8BCL
  X:E67CH         PUBLIC        XAUTODAT2
  X:E684H         PUBLIC        USBFRAMEH
  B:00D8H.3       PUBLIC        INT6
  X:E6F5H         PUBLIC        GPIFABORT
  X:E6AAH         PUBLIC        EP8FIFOFLGS
  X:E6F8H         PUBLIC        DBUG
  X:E740H         PUBLIC        EP0BUF
  X:E6CBH         PUBLIC        FLOWSTB
  X:E65EH         PUBLIC        EPIE
  B:00D0H.2       PUBLIC        OV
  X:E685H         PUBLIC        USBFRAMEL
  X:E681H         PUBLIC        SUSPEND
  X:E60CH         PUBLIC        GPIFHOLDAMOUNT
  X:E6D4H         PUBLIC        EP2GPIFTRIG
  B:00C8H.1       PUBLIC        C_T2
  X:E6C7H         PUBLIC        FLOWLOGIC
  X:E6DCH         PUBLIC        EP4GPIFTRIG
  X:E604H         PUBLIC        FIFORESET
  X:E6E4H         PUBLIC        EP6GPIFTRIG
  X:E6C2H         PUBLIC        GPIFIDLECTL
  B:00C8H.5       PUBLIC        RCLK
  X:E6FAH         PUBLIC        USBTEST
  X:E6B3H         PUBLIC        SUDPTRH
  X:E6ECH         PUBLIC        EP8GPIFTRIG
BL51 BANKED LINKER/LOCATER V5.03                                                      01/28/2013  04:31:49  PAGE 30


  B:00C8H.4       PUBLIC        TCLK
  B:00E8H.0       PUBLIC        EUSB
  X:E6D2H         PUBLIC        EP2GPIFFLGSEL
  X:E611H         PUBLIC        EP1INCFG
  X:E6B4H         PUBLIC        SUDPTRL
  X:E687H         PUBLIC        FNADDR
  X:E6DAH         PUBLIC        EP4GPIFFLGSEL
  X:E6D1H         PUBLIC        GPIFTCB0
  X:E6CDH         PUBLIC        FLOWSTBHPERIOD
  X:E6D0H         PUBLIC        GPIFTCB1
  X:E665H         PUBLIC        CLRERRCNT
  B:00D8H.4       PUBLIC        RESI
  X:E6E2H         PUBLIC        EP6GPIFFLGSEL
  X:E6CFH         PUBLIC        GPIFTCB2
  X:E664H         PUBLIC        ERRCNTLIM
  X:E6CEH         PUBLIC        GPIFTCB3
  X:E6EAH         PUBLIC        EP8GPIFFLGSEL
  X:E660H         PUBLIC        GPIFIE
  X:E67FH         PUBLIC        UDMACRCQUAL
  X:E400H         PUBLIC        GPIF_WAVE_DATA
  B:00A8H.7       PUBLIC        EXTACC
  B:00F8H.0       PUBLIC        PUSB
  X:E6CCH         PUBLIC        FLOWSTBEDGE
  X:E6ABH         PUBLIC        EP2FIFOBCH
  X:E7C0H         PUBLIC        EP1INBUF
  X:E6C6H         PUBLIC        FLOWSTATE
  B:0088H.1       PUBLIC        IE0
  X:E6ADH         PUBLIC        EP4FIFOBCH
  B:0088H.3       PUBLIC        IE1
  X:E6CAH         PUBLIC        FLOWHOLDOFF
  X:E618H         PUBLIC        EP2FIFOCFG
  X:E6AFH         PUBLIC        EP6FIFOBCH
  X:E6ACH         PUBLIC        EP2FIFOBCL
  X:E619H         PUBLIC        EP4FIFOCFG
  X:E6B1H         PUBLIC        EP8FIFOBCH
  X:E6AEH         PUBLIC        EP4FIFOBCL
  X:E649H         PUBLIC        OUTPKTEND
  X:E663H         PUBLIC        USBERRIRQ
  X:E61AH         PUBLIC        EP6FIFOCFG
  B:00C8H.0       PUBLIC        CP_RL2
  X:E6B0H         PUBLIC        EP6FIFOBCL
  X:E620H         PUBLIC        EP2AUTOINLENH
  X:E61BH         PUBLIC        EP8FIFOCFG
  X:E6B2H         PUBLIC        EP8FIFOBCL
  X:E68DH         PUBLIC        EP1OUTBC
  X:E622H         PUBLIC        EP4AUTOINLENH
  X:E666H         PUBLIC        INT2IVEC
  X:E659H         PUBLIC        IBNIRQ
  B:00A8H.4       PUBLIC        ES0
  X:E6FBH         PUBLIC        CT1
  X:E6C4H         PUBLIC        GPIFADRH
  X:E65BH         PUBLIC        NAKIRQ
  X:E624H         PUBLIC        EP6AUTOINLENH
  X:E621H         PUBLIC        EP2AUTOINLENL
  X:E601H         PUBLIC        IFCONFIG
  B:00A8H.6       PUBLIC        ES1
  B:00A8H.1       PUBLIC        ET0
BL51 BANKED LINKER/LOCATER V5.03                                                      01/28/2013  04:31:49  PAGE 31


  X:E6FCH         PUBLIC        CT2
  X:E6B5H         PUBLIC        SUDPTRCTL
  X:E667H         PUBLIC        INT4IVEC
  B:00A8H.3       PUBLIC        ET1
  B:0088H.5       PUBLIC        TF0
  X:E6FDH         PUBLIC        CT3
  X:E67DH         PUBLIC        UDMACRCH
  X:E626H         PUBLIC        EP8AUTOINLENH
  X:E623H         PUBLIC        EP4AUTOINLENL
  B:00A8H.5       PUBLIC        ET2
  B:0088H.7       PUBLIC        TF1
  X:E6FEH         PUBLIC        CT4
  B:00C8H.7       PUBLIC        TF2
  B:00C0H.0       PUBLIC        RI1
  B:0098H.2       PUBLIC        RB8
  X:F000H         PUBLIC        EP2FIFOBUF
  X:E6C5H         PUBLIC        GPIFADRL
  X:E625H         PUBLIC        EP6AUTOINLENL
  B:00A8H.0       PUBLIC        EX0
  B:0088H.0       PUBLIC        IT0
  X:E630H         PUBLIC        EP2FIFOPFH
  B:00C0H.1       PUBLIC        TI1
  B:00A8H.2       PUBLIC        EX1
  B:0098H.3       PUBLIC        TB8
  B:0088H.2       PUBLIC        IT1
  X:F400H         PUBLIC        EP4FIFOBUF
  X:E67EH         PUBLIC        UDMACRCL
  X:E627H         PUBLIC        EP8AUTOINLENL
  B:00D0H.0       PUBLIC        P
  X:E6D3H         PUBLIC        EP2GPIFPFSTOP
  X:E683H         PUBLIC        TOGCTL
  X:E632H         PUBLIC        EP4FIFOPFH
  B:0098H.7       PUBLIC        SM0
  X:F800H         PUBLIC        EP6FIFOBUF
  B:0098H.6       PUBLIC        SM1
  X:E6DBH         PUBLIC        EP4GPIFPFSTOP
  X:E634H         PUBLIC        EP6FIFOPFH
  X:E631H         PUBLIC        EP2FIFOPFL
  B:0098H.5       PUBLIC        SM2
  X:FC00H         PUBLIC        EP8FIFOBUF
  X:E60BH         PUBLIC        REVCTL
  B:00B8H.4       PUBLIC        PS0
  X:E6E3H         PUBLIC        EP6GPIFPFSTOP
  X:E636H         PUBLIC        EP8FIFOPFH
  X:E633H         PUBLIC        EP4FIFOPFL
  X:E608H         PUBLIC        UART230
  B:00B8H.6       PUBLIC        PS1
  B:00B8H.1       PUBLIC        PT0
  X:E480H         PUBLIC        RES_WAVEDATA_END
  B:00D0H.3       PUBLIC        RS0
  B:00B8H.3       PUBLIC        PT1
  X:E6EBH         PUBLIC        EP8GPIFPFSTOP
  X:E679H         PUBLIC        I2DAT
  X:E635H         PUBLIC        EP6FIFOPFL
  B:00D0H.4       PUBLIC        RS1
  B:00B8H.5       PUBLIC        PT2
  B:0088H.4       PUBLIC        TR0
BL51 BANKED LINKER/LOCATER V5.03                                                      01/28/2013  04:31:49  PAGE 32


  B:0088H.6       PUBLIC        TR1
  X:E6A1H         PUBLIC        EP1OUTCS
  X:E637H         PUBLIC        EP8FIFOPFL
  B:00C8H.2       PUBLIC        TR2
  B:00B8H.0       PUBLIC        PX0
[...]
  B:00D0H.1       PUBLIC        FL
  B:00C8H.6       PUBLIC        EXF2
  B:00C0H.4       PUBLIC        REN1
  B:0098H.0       PUBLIC        RI
  B:00D0H.7       PUBLIC        CY
  B:0098H.1       PUBLIC        TI
  B:00D8H.3       PUBLIC        INT6
  B:00D0H.2       PUBLIC        OV
  B:00C8H.1       PUBLIC        C_T2
  B:00C8H.5       PUBLIC        RCLK
  B:00C8H.4       PUBLIC        TCLK
  B:00E8H.0       PUBLIC        EUSB
  B:00D8H.4       PUBLIC        RESI
  B:00A8H.7       PUBLIC        EXTACC
  B:00F8H.0       PUBLIC        PUSB
  C:0693H         PUBLIC        _EZUSB_Delay
  B:0088H.1       PUBLIC        IE0
  B:0088H.3       PUBLIC        IE1
  B:00C8H.0       PUBLIC        CP_RL2
  B:00A8H.4       PUBLIC        ES0
  B:00A8H.6       PUBLIC        ES1
  B:00A8H.1       PUBLIC        ET0
BL51 BANKED LINKER/LOCATER V5.03                                                      01/28/2013  04:31:49  PAGE 34


  B:00A8H.3       PUBLIC        ET1
  B:0088H.5       PUBLIC        TF0
  B:00A8H.5       PUBLIC        ET2
  B:0088H.7       PUBLIC        TF1
  B:00C8H.7       PUBLIC        TF2
  B:00C0H.0       PUBLIC        RI1
  B:0098H.2       PUBLIC        RB8
  B:00A8H.0       PUBLIC        EX0
  B:0088H.0       PUBLIC        IT0
  B:00C0H.1       PUBLIC        TI1
  B:00A8H.2       PUBLIC        EX1
  B:0098H.3       PUBLIC        TB8
  B:0088H.2       PUBLIC        IT1
  B:00D0H.0       PUBLIC        P
  B:0098H.7       PUBLIC        SM0
  B:0098H.6       PUBLIC        SM1
  B:0098H.5       PUBLIC        SM2
  B:00B8H.4       PUBLIC        PS0
  B:00B8H.6       PUBLIC        PS1
  B:00B8H.1       PUBLIC        PT0
  B:00D0H.3       PUBLIC        RS0
  B:00B8H.3       PUBLIC        PT1
  B:00D0H.4       PUBLIC        RS1
  B:00B8H.5       PUBLIC        PT2
  B:0088H.4       PUBLIC        TR0
  B:0088H.6       PUBLIC        TR1
  B:00C8H.2       PUBLIC        TR2
  B:00B8H.0       PUBLIC        PX0
  B:00B8H.2       PUBLIC        PX1
  B:00E8H.2       PUBLIC        EIEX4
  B:00E8H.3       PUBLIC        EIEX5
  B:00E8H.4       PUBLIC        EIEX6
  B:00C8H.3       PUBLIC        EXEN2
  B:0080H.6       PUBLIC        SEL
  B:00D8H.7       PUBLIC        SMOD1
  B:0098H.4       PUBLIC        REN
  B:00F8H.2       PUBLIC        EIPX4
  B:00F8H.3       PUBLIC        EIPX5
  B:00F8H.4       PUBLIC        EIPX6
  B:00D0H.5       PUBLIC        F0
  B:00D8H.5       PUBLIC        ERESI
  B:00C0H.2       PUBLIC        RB81
  -------         PROC          _EZUSB_DELAY
  D:0014H         SYMBOL        ms
  C:0693H         LINE#         5
  C:0697H         LINE#         6
  C:0697H         LINE#         12
  C:069FH         LINE#         13
  C:06B1H         LINE#         14
  C:06BBH         LINE#         15
  C:06C6H         LINE#         17
  C:06D3H         LINE#         18
  C:06D8H         LINE#         19
  -------         ENDPROC       _EZUSB_DELAY
  -------         ENDMOD        DELAY

  -------         MODULE        DELAY1MS
BL51 BANKED LINKER/LOCATER V5.03                                                      01/28/2013  04:31:49  PAGE 35


  C:06D9H         SEGMENT       EZUSB
  C:06EDH         PUBLIC        EZUSB_DELAY1MS
  B:00D0H.6       SYMBOL        AC
  D:00E0H         SYMBOL        ACC
  D:009AH         SYMBOL        APTR1H
  D:009BH         SYMBOL        APTR1L
  D:009AH         SYMBOL        AUTOPTR1H
  D:009BH         SYMBOL        AUTOPTR1L
  D:009DH         SYMBOL        AUTOPTRH2
  D:009EH         SYMBOL        AUTOPTRL2
  D:00AFH         SYMBOL        AUTOPTRSETUP
  D:00F0H         SYMBOL        B
  X:E606H         SYMBOL        BPADDRH
  X:E607H         SYMBOL        BPADDRL
  X:E605H         SYMBOL        BREAKPT
  D:008EH         SYMBOL        CKCON
  X:E665H         SYMBOL        CLRERRCNT
  X:E600H         SYMBOL        CPUCS
  B:00C8H.0       SYMBOL        CP_RL2
  X:E6FBH         SYMBOL        CT1
  X:E6FCH         SYMBOL        CT2
  X:E6FDH         SYMBOL        CT3
  X:E6FEH         SYMBOL        CT4
  B:00D0H.7       SYMBOL        CY
  B:00C8H.1       SYMBOL        C_T2
  X:E6F8H         SYMBOL        DBUG
  N:0000H         SYMBOL        DELAY1MS
  D:0083H         SYMBOL        DPH
  D:0085H         SYMBOL        DPH1
  D:0082H         SYMBOL        DPL
  D:0084H         SYMBOL        DPL1
  D:0086H         SYMBOL        DPS
  B:00A8H.7       SYMBOL        EA
  B:00E8H.1       SYMBOL        EI2C
  D:00D8H         SYMBOL        EICON
  D:00E8H         SYMBOL        EIE
  B:00E8H.2       SYMBOL        EIEX4
  B:00E8H.3       SYMBOL        EIEX5
  B:00E8H.4       SYMBOL        EIEX6
  D:00F8H         SYMBOL        EIP
  B:00F8H.2       SYMBOL        EIPX4
  B:00F8H.3       SYMBOL        EIPX5
  B:00F8H.4       SYMBOL        EIPX6
  D:00BAH         SYMBOL        EP01STAT
  X:E68AH         SYMBOL        EP0BCH
  X:E68BH         SYMBOL        EP0BCL
  X:E740H         SYMBOL        EP0BUF
  X:E6A0H         SYMBOL        EP0CS
  X:E780H         SYMBOL        EP10UTBUF
  X:E68FH         SYMBOL        EP1INBC
  X:E7C0H         SYMBOL        EP1INBUF
  X:E611H         SYMBOL        EP1INCFG
  X:E6A2H         SYMBOL        EP1INCS
  X:E68DH         SYMBOL        EP1OUTBC
  X:E610H         SYMBOL        EP1OUTCFG
  X:E6A1H         SYMBOL        EP1OUTCS
  D:00AAH         SYMBOL        EP2468STAT
BL51 BANKED LINKER/LOCATER V5.03                                                      01/28/2013  04:31:49  PAGE 36


  D:00ABH         SYMBOL        EP24FIFOFLGS
  X:E620H         SYMBOL        EP2AUTOINLENH
  X:E621H         SYMBOL        EP2AUTOINLENL
  X:E690H         SYMBOL        EP2BCH
  X:E691H         SYMBOL        EP2BCL
  X:E612H         SYMBOL        EP2CFG
  X:E6A3H         SYMBOL        EP2CS
  X:E6ABH         SYMBOL        EP2FIFOBCH
  X:E6ACH         SYMBOL        EP2FIFOBCL
  X:F000H         SYMBOL        EP2FIFOBUF
  X:E618H         SYMBOL        EP2FIFOCFG
  X:E6A7H         SYMBOL        EP2FIFOFLGS
  X:E650H         SYMBOL        EP2FIFOIE
  X:E651H         SYMBOL        EP2FIFOIRQ
  X:E630H         SYMBOL        EP2FIFOPFH
  X:E631H         SYMBOL        EP2FIFOPFL
  X:E6D2H         SYMBOL        EP2GPIFFLGSEL
  X:E6D3H         SYMBOL        EP2GPIFPFSTOP
  X:E6D0H         SYMBOL        EP2GPIFTCH
  X:E6D1H         SYMBOL        EP2GPIFTCL
  X:E6D4H         SYMBOL        EP2GPIFTRIG
  X:E640H         SYMBOL        EP2ISOINPKTS
  X:E622H         SYMBOL        EP4AUTOINLENH
  X:E623H         SYMBOL        EP4AUTOINLENL
  X:E694H         SYMBOL        EP4BCH
  X:E695H         SYMBOL        EP4BCL
  X:E613H         SYMBOL        EP4CFG
  X:E6A4H         SYMBOL        EP4CS
  X:E6ADH         SYMBOL        EP4FIFOBCH
  X:E6AEH         SYMBOL        EP4FIFOBCL
  X:F400H         SYMBOL        EP4FIFOBUF
  X:E619H         SYMBOL        EP4FIFOCFG
  X:E6A8H         SYMBOL        EP4FIFOFLGS
  X:E652H         SYMBOL        EP4FIFOIE
  X:E653H         SYMBOL        EP4FIFOIRQ
  X:E632H         SYMBOL        EP4FIFOPFH
  X:E633H         SYMBOL        EP4FIFOPFL
  X:E6DAH         SYMBOL        EP4GPIFFLGSEL
  X:E6DBH         SYMBOL        EP4GPIFPFSTOP
  X:E6D0H         SYMBOL        EP4GPIFTCH
  X:E6D1H         SYMBOL        EP4GPIFTCL
  X:E6DCH         SYMBOL        EP4GPIFTRIG
  X:E641H         SYMBOL        EP4ISOINPKTS
  D:00ACH         SYMBOL        EP68FIFOFLGS
  X:E624H         SYMBOL        EP6AUTOINLENH
  X:E625H         SYMBOL        EP6AUTOINLENL
  X:E698H         SYMBOL        EP6BCH
  X:E699H         SYMBOL        EP6BCL
  X:E614H         SYMBOL        EP6CFG
  X:E6A5H         SYMBOL        EP6CS
  X:E6AFH         SYMBOL        EP6FIFOBCH
  X:E6B0H         SYMBOL        EP6FIFOBCL
  X:F800H         SYMBOL        EP6FIFOBUF
  X:E61AH         SYMBOL        EP6FIFOCFG
  X:E6A9H         SYMBOL        EP6FIFOFLGS
  X:E654H         SYMBOL        EP6FIFOIE
  X:E655H         SYMBOL        EP6FIFOIRQ
BL51 BANKED LINKER/LOCATER V5.03                                                      01/28/2013  04:31:49  PAGE 37


  X:E634H         SYMBOL        EP6FIFOPFH
  X:E635H         SYMBOL        EP6FIFOPFL
  X:E6E2H         SYMBOL        EP6GPIFFLGSEL
  X:E6E3H         SYMBOL        EP6GPIFPFSTOP
  X:E6D0H         SYMBOL        EP6GPIFTCH
  X:E6D1H         SYMBOL        EP6GPIFTCL
  X:E6E4H         SYMBOL        EP6GPIFTRIG
  X:E642H         SYMBOL        EP6ISOINPKTS
  X:E626H         SYMBOL        EP8AUTOINLENH
  X:E627H         SYMBOL        EP8AUTOINLENL
  X:E69CH         SYMBOL        EP8BCH
  X:E69DH         SYMBOL        EP8BCL
  X:E615H         SYMBOL        EP8CFG
  X:E6A6H         SYMBOL        EP8CS
  X:E6B1H         SYMBOL        EP8FIFOBCH
  X:E6B2H         SYMBOL        EP8FIFOBCL
  X:FC00H         SYMBOL        EP8FIFOBUF
  X:E61BH         SYMBOL        EP8FIFOCFG
  X:E6AAH         SYMBOL        EP8FIFOFLGS
  X:E656H         SYMBOL        EP8FIFOIE
  X:E657H         SYMBOL        EP8FIFOIRQ
  X:E636H         SYMBOL        EP8FIFOPFH
  X:E637H         SYMBOL        EP8FIFOPFL
  X:E6EAH         SYMBOL        EP8GPIFFLGSEL
  X:E6EBH         SYMBOL        EP8GPIFPFSTOP
  X:E6D0H         SYMBOL        EP8GPIFTCH
  X:E6D1H         SYMBOL        EP8GPIFTCL
  X:E6ECH         SYMBOL        EP8GPIFTRIG
  X:E643H         SYMBOL        EP8ISOINPKTS
  X:E65EH         SYMBOL        EPIE
  X:E65FH         SYMBOL        EPIRQ
  B:00D8H.5       SYMBOL        ERESI
  X:E664H         SYMBOL        ERRCNTLIM
  C:06FDH         SYMBOL        ER_END
  B:00A8H.4       SYMBOL        ES0
  B:00A8H.6       SYMBOL        ES1
  B:00A8H.1       SYMBOL        ET0
  B:00A8H.3       SYMBOL        ET1
  B:00A8H.5       SYMBOL        ET2
  B:00E8H.0       SYMBOL        EUSB
  B:00A8H.0       SYMBOL        EX0
  B:00A8H.2       SYMBOL        EX1
  B:00C8H.3       SYMBOL        EXEN2
  B:00C8H.6       SYMBOL        EXF2
  D:0091H         SYMBOL        EXIF
  X:E67BH         SYMBOL        EXTAUTODAT1
  X:E67CH         SYMBOL        EXTAUTODAT2
  B:00D0H.5       SYMBOL        F0
  X:E609H         SYMBOL        FIFOPINPOLAR
  X:E604H         SYMBOL        FIFORESET
  B:00D0H.1       SYMBOL        FL
  X:E6CCH         SYMBOL        FLOWEDGE
  X:E6C8H         SYMBOL        FLOWEQ0CTL
  X:E6C9H         SYMBOL        FLOWEQ1CTL
  X:E6C7H         SYMBOL        FLOWLOGIC
  X:E6C6H         SYMBOL        FLOWSTATE
  X:E6CBH         SYMBOL        FLOWSTB
BL51 BANKED LINKER/LOCATER V5.03                                                      01/28/2013  04:31:49  PAGE 38


  X:E6CDH         SYMBOL        FLOWSTBHPERIOD
  X:E687H         SYMBOL        FNADDR
  X:E6F5H         SYMBOL        GPIFABORT
  X:E6C4H         SYMBOL        GPIFADRH
  X:E6C5H         SYMBOL        GPIFADRL
  X:E6C3H         SYMBOL        GPIFCTLCFG
  X:E60CH         SYMBOL        GPIFHOLDAMOUNT
  X:E6C1H         SYMBOL        GPIFIDLECS
  X:E6C2H         SYMBOL        GPIFIDLECTL
  X:E660H         SYMBOL        GPIFIE
  X:E661H         SYMBOL        GPIFIRQ
  X:E6F3H         SYMBOL        GPIFREADYCFG
  X:E6F4H         SYMBOL        GPIFREADYSTAT
  D:00BDH         SYMBOL        GPIFSGLDATH
  D:00BFH         SYMBOL        GPIFSGLDATLNOX
  D:00BEH         SYMBOL        GPIFSGLDATLX
  X:E6D1H         SYMBOL        GPIFTCB0
  X:E6D0H         SYMBOL        GPIFTCB1
  X:E6CFH         SYMBOL        GPIFTCB2
  X:E6CEH         SYMBOL        GPIFTCB3
  D:00BBH         SYMBOL        GPIFTRIG
  X:E6C0H         SYMBOL        GPIFWFSELECT
  X:E400H         SYMBOL        GPIF_WAVE_DATA
  X:E678H         SYMBOL        I2CS
  X:E67AH         SYMBOL        I2CTL
  X:E679H         SYMBOL        I2DAT
  X:E658H         SYMBOL        IBNIE
  X:E659H         SYMBOL        IBNIRQ
  D:00A8H         SYMBOL        IE
  B:0088H.1       SYMBOL        IE0
  B:0088H.3       SYMBOL        IE1
  X:E601H         SYMBOL        IFCONFIG
  X:E648H         SYMBOL        INPKTEND
  D:00A1H         SYMBOL        INT2CLR
  X:E666H         SYMBOL        INT2IVEC
  D:00A2H         SYMBOL        INT4CLR
  X:E667H         SYMBOL        INT4IVEC
  B:00D8H.3       SYMBOL        INT6
  X:E668H         SYMBOL        INTSETUP
  D:0080H         SYMBOL        IOA
  D:0090H         SYMBOL        IOB
  D:00A0H         SYMBOL        IOC
  D:00B0H         SYMBOL        IOD
  D:00B1H         SYMBOL        IOE
  D:00B8H         SYMBOL        IP
  B:0088H.0       SYMBOL        IT0
  B:0088H.2       SYMBOL        IT1
  C:06F6H         SYMBOL        LOOP
  X:E686H         SYMBOL        MICROFRAME
  D:0092H         SYMBOL        MPAGE
  X:E65AH         SYMBOL        NAKIE
  X:E65BH         SYMBOL        NAKIRQ
  D:00B2H         SYMBOL        OEA
  D:00B3H         SYMBOL        OEB
  D:00B4H         SYMBOL        OEC
  D:00B5H         SYMBOL        OED
  D:00B6H         SYMBOL        OEE
BL51 BANKED LINKER/LOCATER V5.03                                                      01/28/2013  04:31:49  PAGE 39


  X:E649H         SYMBOL        OUTPKTEND
  B:00D0H.2       SYMBOL        OV
  B:00D0H.0       SYMBOL        P
  D:0087H         SYMBOL        PCON
  B:00F8H.1       SYMBOL        PI2C
  X:E602H         SYMBOL        PINFLAGSAB
  X:E603H         SYMBOL        PINFLAGSCD
  X:E670H         SYMBOL        PORTACFG
  X:E671H         SYMBOL        PORTCCFG
  X:E672H         SYMBOL        PORTECFG
  B:00B8H.4       SYMBOL        PS0
  B:00B8H.6       SYMBOL        PS1
  D:00D0H         SYMBOL        PSW
  B:00B8H.1       SYMBOL        PT0
  B:00B8H.3       SYMBOL        PT1
  B:00B8H.5       SYMBOL        PT2
  B:00F8H.0       SYMBOL        PUSB
  B:00B8H.0       SYMBOL        PX0
  B:00B8H.2       SYMBOL        PX1
  B:0098H.2       SYMBOL        RB8
  B:00C0H.2       SYMBOL        RB81
  D:00CBH         SYMBOL        RCAP2H
  D:00CAH         SYMBOL        RCAP2L
  B:00C8H.5       SYMBOL        RCLK
  B:0098H.4       SYMBOL        REN
  B:00C0H.4       SYMBOL        REN1
  B:00D8H.4       SYMBOL        RESI
  X:E480H         SYMBOL        RES_WAVEDATA_END
  X:E60BH         SYMBOL        REVCTL
  X:E60AH         SYMBOL        REVID
  B:0098H.0       SYMBOL        RI
  B:00C0H.0       SYMBOL        RI1
  B:00D0H.3       SYMBOL        RS0
  B:00D0H.4       SYMBOL        RS1
  D:0099H         SYMBOL        SBUF0
  D:00C1H         SYMBOL        SBUF1
  D:0098H         SYMBOL        SCON0
  D:00C0H         SYMBOL        SCON1
  B:0080H.6       SYMBOL        SEL
  X:E6B8H         SYMBOL        SETUPDAT
  B:0098H.7       SYMBOL        SM0
  B:00C0H.7       SYMBOL        SM01
  B:0098H.6       SYMBOL        SM1
  B:00C0H.6       SYMBOL        SM11
  B:0098H.5       SYMBOL        SM2
  B:00C0H.5       SYMBOL        SM21
  B:00D8H.7       SYMBOL        SMOD1
  D:0081H         SYMBOL        SP
  X:E6B5H         SYMBOL        SUDPTRCTL
  X:E6B3H         SYMBOL        SUDPTRH
  X:E6B4H         SYMBOL        SUDPTRL
  X:E681H         SYMBOL        SUSPEND
  D:00C8H         SYMBOL        T2CON
  B:0098H.3       SYMBOL        TB8
  B:00C0H.3       SYMBOL        TB81
  B:00C8H.4       SYMBOL        TCLK
  D:0088H         SYMBOL        TCON
BL51 BANKED LINKER/LOCATER V5.03                                                      01/28/2013  04:31:49  PAGE 40


  X:E6F9H         SYMBOL        TESTCFG
  B:0088H.5       SYMBOL        TF0
  B:0088H.7       SYMBOL        TF1
  B:00C8H.7       SYMBOL        TF2
  D:008CH         SYMBOL        TH0
  D:008DH         SYMBOL        TH1
  D:00CDH         SYMBOL        TH2
  B:0098H.1       SYMBOL        TI
  B:00C0H.1       SYMBOL        TI1
  D:008AH         SYMBOL        TL0
  D:008BH         SYMBOL        TL1
  D:00CCH         SYMBOL        TL2
  D:0089H         SYMBOL        TMOD
  X:E683H         SYMBOL        TOGCTL
  B:0088H.4       SYMBOL        TR0
  B:0088H.6       SYMBOL        TR1
  B:00C8H.2       SYMBOL        TR2
  X:E608H         SYMBOL        UART230
  X:E67DH         SYMBOL        UDMACRCH
  X:E67EH         SYMBOL        UDMACRCL
  X:E67FH         SYMBOL        UDMACRCQUAL
  X:E680H         SYMBOL        USBCS
  X:E662H         SYMBOL        USBERRIE
  X:E663H         SYMBOL        USBERRIRQ
  X:E684H         SYMBOL        USBFRAMEH
  X:E685H         SYMBOL        USBFRAMEL
  X:E65CH         SYMBOL        USBIE
  X:E65DH         SYMBOL        USBIRQ
  X:E6FAH         SYMBOL        USBTEST
  X:E682H         SYMBOL        WAKEUPCS
  X:E6F0H         SYMBOL        XGPIFSGLDATH
  X:E6F2H         SYMBOL        XGPIFSGLDATLNOX
  X:E6F1H         SYMBOL        XGPIFSGLDATLX
  C:06EDH         LINE#         14
  C:06EFH         LINE#         15
  C:06F1H         LINE#         16
  C:06F4H         LINE#         17
  C:06F6H         LINE#         19
  C:06F7H         LINE#         20
  C:06F9H         LINE#         21
  C:06FBH         LINE#         22
  C:06FDH         LINE#         24
  -------         ENDMOD        DELAY1MS

  -------         MODULE        UVC
  C:0500H         SEGMENT       DSCR
  C:0500H         PUBLIC        DEVICEDSCR
  C:0512H         PUBLIC        DEVICEQUALDSCR
  C:05E3H         PUBLIC        FULLSPEEDCONFIGDSCR
  C:051CH         PUBLIC        HIGHSPEEDCONFIGDSCR
  C:05E4H         PUBLIC        STRINGDSCR
  C:0605H         PUBLIC        USERDSCR
  N:0002H         SYMBOL        DSCR_CONFIG
  N:0009H         SYMBOL        DSCR_CONFIG_LEN
  N:0001H         SYMBOL        DSCR_DEVICE
  N:0012H         SYMBOL        DSCR_DEVICE_LEN
  N:0006H         SYMBOL        DSCR_DEVQUAL
BL51 BANKED LINKER/LOCATER V5.03                                                      01/28/2013  04:31:49  PAGE 41


  N:000AH         SYMBOL        DSCR_DEVQUAL_LEN
  N:0005H         SYMBOL        DSCR_ENDPNT
  N:0007H         SYMBOL        DSCR_ENDPNT_LEN
  N:0004H         SYMBOL        DSCR_INTRFC
  N:0009H         SYMBOL        DSCR_INTRFC_LEN
  N:0003H         SYMBOL        DSCR_STRING
  N:0002H         SYMBOL        ET_BULK
  N:0000H         SYMBOL        ET_CONTROL
  N:0003H         SYMBOL        ET_INT
  N:0001H         SYMBOL        ET_ISO
  C:05E3H         SYMBOL        FULLSPEEDCONFIGDSCREND
  C:05E2H         SYMBOL        HIGHSPEEDCONFIGDSCREND
  C:05E4H         SYMBOL        STRINGDSCR0
  C:05E8H         SYMBOL        STRINGDSCR0END
  C:05E8H         SYMBOL        STRINGDSCR1
  C:05FAH         SYMBOL        STRINGDSCR1END
  C:05FAH         SYMBOL        STRINGDSCR2
  C:0604H         SYMBOL        STRINGDSCR2END
  -------         ENDMOD        UVC

  -------         MODULE        ?C?LLDIIDATA
  C:088CH         PUBLIC        ?C?LLDIIDATA
  C:0883H         PUBLIC        ?C?LLDIIDATA1
  C:0885H         PUBLIC        ?C?LLDIIDATA8
  -------         ENDMOD        ?C?LLDIIDATA

*** WARNING L1: UNRESOLVED EXTERNAL SYMBOL
    SYMBOL:  GPCR2
    MODULE:  .\output\fw.obj (FW)

*** WARNING L2: REFERENCE MADE TO UNRESOLVED EXTERNAL
    SYMBOL:  GPCR2
    MODULE:  .\output\fw.obj (FW)
    ADDRESS: 0037H

*** WARNING L1: UNRESOLVED EXTERNAL SYMBOL
    SYMBOL:  CDCDATADSCR
    MODULE:  .\output\periph.obj (PERIPH)

*** WARNING L2: REFERENCE MADE TO UNRESOLVED EXTERNAL
    SYMBOL:  CDCDATADSCR
    MODULE:  .\output\periph.obj (PERIPH)
    ADDRESS: 0048H

*** WARNING L2: REFERENCE MADE TO UNRESOLVED EXTERNAL
    SYMBOL:  CDCDATADSCR
    MODULE:  .\output\periph.obj (PERIPH)
    ADDRESS: 004BH

******************************************************************************
* RESTRICTED VERSION WITH 1000H BYTE CODE SIZE LIMIT; USED: 09E2H BYTE (61%) *
******************************************************************************

Program Size: data=67.5 xdata=37232 code=2459
LINK/LOCATE RUN COMPLETE.  5 WARNING(S),  0 ERROR(S)
