BL51 BANKED LINKER/LOCATER V5.03                                                        02/17/2013  16:57:05  PAGE 1


BL51 BANKED LINKER/LOCATER V5.03, INVOKED BY:
C:\KEIL\C51\BIN\BL51.EXE fw.obj, Virtual.obj, .\USBJmpTb.OBJ, .\EZUSB.LIB, DSCR.obj TO hdmi2usb RAMSIZE (256) CODE (0X80
>> ) XDATA (0X1000)


MEMORY MODEL: SMALL


INPUT MODULES INCLUDED:
  fw.obj (FW)
  Virtual.obj (VIRTUAL)
  .\USBJmpTb.OBJ (USBJMPTBL)
  .\EZUSB.LIB (RESUME)
  .\EZUSB.LIB (SUSP)
  .\EZUSB.LIB (DISCON)
  .\EZUSB.LIB (EZREGS)
  .\EZUSB.LIB (GET_STRD)
  .\EZUSB.LIB (DELAY)
  .\EZUSB.LIB (DELAY1MS)
  DSCR.obj (DSCR)
  C:\KEIL\C51\LIB\C51S.LIB (?C_STARTUP)
  C:\KEIL\C51\LIB\C51S.LIB (?C?ULCMP)
  C:\KEIL\C51\LIB\C51S.LIB (?C?CCASE)
  C:\KEIL\C51\LIB\C51S.LIB (?C_INIT)


LINK MAP OF MODULE:  hdmi2usb (FW)


            TYPE    BASE      LENGTH    RELOCATION   SEGMENT NAME
            -----------------------------------------------------

            * * * * * * *   D A T A   M E M O R Y   * * * * * * *
            REG     0000H     0008H     ABSOLUTE     "REG BANK 0"
            DATA    0008H     0012H     UNIT         _DATA_GROUP_
            DATA    001AH     0002H     UNIT         ?DT?VIRTUAL
                    001CH     0004H                  *** GAP ***
            BIT     0020H.0   0000H.4   UNIT         ?BI?FW
            BIT     0020H.4   0000H.1   UNIT         _BIT_GROUP_
                    0020H.5   0000H.3                *** GAP ***
            DATA    0021H     002BH     UNIT         ?DT?FW
            IDATA   004CH     0001H     UNIT         ?STACK

            * * * * * * *  X D A T A   M E M O R Y  * * * * * * *
                    0000H     1000H                  *** GAP ***
            XDATA   1000H     0007H     UNIT         ?XD?FW
                    1007H     D3F9H                  *** GAP ***
            XDATA   E400H     0001H     ABSOLUTE     
                    E401H     007FH                  *** GAP ***
            XDATA   E480H     0001H     ABSOLUTE     
                    E481H     017FH                  *** GAP ***
            XDATA   E600H     0001H     ABSOLUTE     
            XDATA   E601H     0001H     ABSOLUTE     
            XDATA   E602H     0001H     ABSOLUTE     
            XDATA   E603H     0001H     ABSOLUTE     
            XDATA   E604H     0001H     ABSOLUTE     
            XDATA   E605H     0001H     ABSOLUTE     
            XDATA   E606H     0001H     ABSOLUTE     
BL51 BANKED LINKER/LOCATER V5.03                                                      02/17/2013  16:57:05  PAGE 2


            XDATA   E607H     0001H     ABSOLUTE     
            XDATA   E608H     0001H     ABSOLUTE     
            XDATA   E609H     0001H     ABSOLUTE     
            XDATA   E60AH     0001H     ABSOLUTE     
            XDATA   E60BH     0001H     ABSOLUTE     
            XDATA   E60CH     0001H     ABSOLUTE     
                    E60DH     0003H                  *** GAP ***
            XDATA   E610H     0001H     ABSOLUTE     
            XDATA   E611H     0001H     ABSOLUTE     
            XDATA   E612H     0001H     ABSOLUTE     
            XDATA   E613H     0001H     ABSOLUTE     
            XDATA   E614H     0001H     ABSOLUTE     
            XDATA   E615H     0001H     ABSOLUTE     
                    E616H     0002H                  *** GAP ***
            XDATA   E618H     0001H     ABSOLUTE     
            XDATA   E619H     0001H     ABSOLUTE     
            XDATA   E61AH     0001H     ABSOLUTE     
            XDATA   E61BH     0001H     ABSOLUTE     
                    E61CH     0004H                  *** GAP ***
            XDATA   E620H     0001H     ABSOLUTE     
            XDATA   E621H     0001H     ABSOLUTE     
            XDATA   E622H     0001H     ABSOLUTE     
            XDATA   E623H     0001H     ABSOLUTE     
            XDATA   E624H     0001H     ABSOLUTE     
            XDATA   E625H     0001H     ABSOLUTE     
            XDATA   E626H     0001H     ABSOLUTE     
            XDATA   E627H     0001H     ABSOLUTE     
                    E628H     0008H                  *** GAP ***
            XDATA   E630H     0001H     ABSOLUTE     
            XDATA   E631H     0001H     ABSOLUTE     
            XDATA   E632H     0001H     ABSOLUTE     
            XDATA   E633H     0001H     ABSOLUTE     
            XDATA   E634H     0001H     ABSOLUTE     
            XDATA   E635H     0001H     ABSOLUTE     
            XDATA   E636H     0001H     ABSOLUTE     
            XDATA   E637H     0001H     ABSOLUTE     
                    E638H     0008H                  *** GAP ***
            XDATA   E640H     0001H     ABSOLUTE     
            XDATA   E641H     0001H     ABSOLUTE     
            XDATA   E642H     0001H     ABSOLUTE     
            XDATA   E643H     0001H     ABSOLUTE     
                    E644H     0004H                  *** GAP ***
            XDATA   E648H     0001H     ABSOLUTE     
            XDATA   E649H     0001H     ABSOLUTE     
                    E64AH     0006H                  *** GAP ***
            XDATA   E650H     0001H     ABSOLUTE     
            XDATA   E651H     0001H     ABSOLUTE     
            XDATA   E652H     0001H     ABSOLUTE     
            XDATA   E653H     0001H     ABSOLUTE     
            XDATA   E654H     0001H     ABSOLUTE     
            XDATA   E655H     0001H     ABSOLUTE     
            XDATA   E656H     0001H     ABSOLUTE     
            XDATA   E657H     0001H     ABSOLUTE     
            XDATA   E658H     0001H     ABSOLUTE     
            XDATA   E659H     0001H     ABSOLUTE     
            XDATA   E65AH     0001H     ABSOLUTE     
            XDATA   E65BH     0001H     ABSOLUTE     
BL51 BANKED LINKER/LOCATER V5.03                                                      02/17/2013  16:57:05  PAGE 3


            XDATA   E65CH     0001H     ABSOLUTE     
            XDATA   E65DH     0001H     ABSOLUTE     
            XDATA   E65EH     0001H     ABSOLUTE     
            XDATA   E65FH     0001H     ABSOLUTE     
            XDATA   E660H     0001H     ABSOLUTE     
            XDATA   E661H     0001H     ABSOLUTE     
            XDATA   E662H     0001H     ABSOLUTE     
            XDATA   E663H     0001H     ABSOLUTE     
            XDATA   E664H     0001H     ABSOLUTE     
            XDATA   E665H     0001H     ABSOLUTE     
            XDATA   E666H     0001H     ABSOLUTE     
            XDATA   E667H     0001H     ABSOLUTE     
            XDATA   E668H     0001H     ABSOLUTE     
                    E669H     0007H                  *** GAP ***
            XDATA   E670H     0001H     ABSOLUTE     
            XDATA   E671H     0001H     ABSOLUTE     
            XDATA   E672H     0001H     ABSOLUTE     
                    E673H     0005H                  *** GAP ***
            XDATA   E678H     0001H     ABSOLUTE     
            XDATA   E679H     0001H     ABSOLUTE     
            XDATA   E67AH     0001H     ABSOLUTE     
            XDATA   E67BH     0001H     ABSOLUTE     
            XDATA   E67CH     0001H     ABSOLUTE     
            XDATA   E67DH     0001H     ABSOLUTE     
            XDATA   E67EH     0001H     ABSOLUTE     
            XDATA   E67FH     0001H     ABSOLUTE     
            XDATA   E680H     0001H     ABSOLUTE     
            XDATA   E681H     0001H     ABSOLUTE     
            XDATA   E682H     0001H     ABSOLUTE     
            XDATA   E683H     0001H     ABSOLUTE     
            XDATA   E684H     0001H     ABSOLUTE     
            XDATA   E685H     0001H     ABSOLUTE     
            XDATA   E686H     0001H     ABSOLUTE     
            XDATA   E687H     0001H     ABSOLUTE     
                    E688H     0002H                  *** GAP ***
            XDATA   E68AH     0001H     ABSOLUTE     
            XDATA   E68BH     0001H     ABSOLUTE     
                    E68CH     0001H                  *** GAP ***
            XDATA   E68DH     0001H     ABSOLUTE     
                    E68EH     0001H                  *** GAP ***
            XDATA   E68FH     0001H     ABSOLUTE     
            XDATA   E690H     0001H     ABSOLUTE     
            XDATA   E691H     0001H     ABSOLUTE     
                    E692H     0002H                  *** GAP ***
            XDATA   E694H     0001H     ABSOLUTE     
            XDATA   E695H     0001H     ABSOLUTE     
                    E696H     0002H                  *** GAP ***
            XDATA   E698H     0001H     ABSOLUTE     
            XDATA   E699H     0001H     ABSOLUTE     
                    E69AH     0002H                  *** GAP ***
            XDATA   E69CH     0001H     ABSOLUTE     
            XDATA   E69DH     0001H     ABSOLUTE     
                    E69EH     0002H                  *** GAP ***
            XDATA   E6A0H     0001H     ABSOLUTE     
            XDATA   E6A1H     0001H     ABSOLUTE     
            XDATA   E6A2H     0001H     ABSOLUTE     
            XDATA   E6A3H     0001H     ABSOLUTE     
BL51 BANKED LINKER/LOCATER V5.03                                                      02/17/2013  16:57:05  PAGE 4


            XDATA   E6A4H     0001H     ABSOLUTE     
            XDATA   E6A5H     0001H     ABSOLUTE     
            XDATA   E6A6H     0001H     ABSOLUTE     
            XDATA   E6A7H     0001H     ABSOLUTE     
            XDATA   E6A8H     0001H     ABSOLUTE     
            XDATA   E6A9H     0001H     ABSOLUTE     
            XDATA   E6AAH     0001H     ABSOLUTE     
            XDATA   E6ABH     0001H     ABSOLUTE     
            XDATA   E6ACH     0001H     ABSOLUTE     
            XDATA   E6ADH     0001H     ABSOLUTE     
            XDATA   E6AEH     0001H     ABSOLUTE     
            XDATA   E6AFH     0001H     ABSOLUTE     
            XDATA   E6B0H     0001H     ABSOLUTE     
            XDATA   E6B1H     0001H     ABSOLUTE     
            XDATA   E6B2H     0001H     ABSOLUTE     
            XDATA   E6B3H     0001H     ABSOLUTE     
            XDATA   E6B4H     0001H     ABSOLUTE     
            XDATA   E6B5H     0001H     ABSOLUTE     
                    E6B6H     0002H                  *** GAP ***
            XDATA   E6B8H     0008H     ABSOLUTE     
            XDATA   E6C0H     0001H     ABSOLUTE     
            XDATA   E6C1H     0001H     ABSOLUTE     
            XDATA   E6C2H     0001H     ABSOLUTE     
            XDATA   E6C3H     0001H     ABSOLUTE     
            XDATA   E6C4H     0001H     ABSOLUTE     
            XDATA   E6C5H     0001H     ABSOLUTE     
            XDATA   E6C6H     0001H     ABSOLUTE     
            XDATA   E6C7H     0001H     ABSOLUTE     
            XDATA   E6C8H     0001H     ABSOLUTE     
            XDATA   E6C9H     0001H     ABSOLUTE     
            XDATA   E6CAH     0001H     ABSOLUTE     
            XDATA   E6CBH     0001H     ABSOLUTE     
            XDATA   E6CCH     0001H     ABSOLUTE     
            XDATA   E6CDH     0001H     ABSOLUTE     
            XDATA   E6CEH     0001H     ABSOLUTE     
            XDATA   E6CFH     0001H     ABSOLUTE     
            XDATA   E6D0H     0001H     ABSOLUTE     
            XDATA   E6D1H     0001H     ABSOLUTE     
            XDATA   E6D2H     0001H     ABSOLUTE     
            XDATA   E6D3H     0001H     ABSOLUTE     
            XDATA   E6D4H     0001H     ABSOLUTE     
                    E6D5H     0005H                  *** GAP ***
            XDATA   E6DAH     0001H     ABSOLUTE     
            XDATA   E6DBH     0001H     ABSOLUTE     
            XDATA   E6DCH     0001H     ABSOLUTE     
                    E6DDH     0005H                  *** GAP ***
            XDATA   E6E2H     0001H     ABSOLUTE     
            XDATA   E6E3H     0001H     ABSOLUTE     
            XDATA   E6E4H     0001H     ABSOLUTE     
                    E6E5H     0005H                  *** GAP ***
            XDATA   E6EAH     0001H     ABSOLUTE     
            XDATA   E6EBH     0001H     ABSOLUTE     
            XDATA   E6ECH     0001H     ABSOLUTE     
                    E6EDH     0003H                  *** GAP ***
            XDATA   E6F0H     0001H     ABSOLUTE     
            XDATA   E6F1H     0001H     ABSOLUTE     
            XDATA   E6F2H     0001H     ABSOLUTE     
BL51 BANKED LINKER/LOCATER V5.03                                                      02/17/2013  16:57:05  PAGE 5


            XDATA   E6F3H     0001H     ABSOLUTE     
            XDATA   E6F4H     0001H     ABSOLUTE     
            XDATA   E6F5H     0001H     ABSOLUTE     
                    E6F6H     0002H                  *** GAP ***
            XDATA   E6F8H     0001H     ABSOLUTE     
            XDATA   E6F9H     0001H     ABSOLUTE     
            XDATA   E6FAH     0001H     ABSOLUTE     
            XDATA   E6FBH     0001H     ABSOLUTE     
            XDATA   E6FCH     0001H     ABSOLUTE     
            XDATA   E6FDH     0001H     ABSOLUTE     
            XDATA   E6FEH     0001H     ABSOLUTE     
                    E6FFH     0041H                  *** GAP ***
            XDATA   E740H     0040H     ABSOLUTE     
            XDATA   E780H     0040H     ABSOLUTE     
            XDATA   E7C0H     0040H     ABSOLUTE     
                    E800H     0800H                  *** GAP ***
            XDATA   F000H     0400H     ABSOLUTE     
            XDATA   F400H     0400H     ABSOLUTE     
            XDATA   F800H     0400H     ABSOLUTE     
            XDATA   FC00H     0400H     ABSOLUTE     

            * * * * * * *   C O D E   M E M O R Y   * * * * * * *
            CODE    0000H     0003H     ABSOLUTE     
                    0003H     0030H                  *** GAP ***
            CODE    0033H     0003H     ABSOLUTE     
                    0036H     000DH                  *** GAP ***
            CODE    0043H     0003H     ABSOLUTE     
                    0046H     000DH                  *** GAP ***
            CODE    0053H     0003H     ABSOLUTE     
                    0056H     002AH                  *** GAP ***
            CODE    0080H     02B7H     UNIT         ?PR?SETUPCOMMAND?FW
            CODE    0337H     01C3H     UNIT         ?PR?MAIN?FW
            CODE    04FAH     0004H     UNIT         ?PR?RESUME_ISR?FW
            CODE    04FEH     0002H     UNIT         ?PR?TD_SUSPEND?VIRTUAL
            CODE    0500H     0149H     PAGE         DSCR
            CODE    0649H     00CBH     UNIT         ?PR?TD_INIT?VIRTUAL
            CODE    0714H     008CH     UNIT         ?C_C51STARTUP
            CODE    07A0H     0046H     UNIT         ?PR?_EZUSB_DELAY?DELAY
            CODE    07E6H     0018H     UNIT         ?PR?ISR_SUDAV?VIRTUAL
            CODE    07FEH     0002H     UNIT         ?PR?TD_RESUME?VIRTUAL
            CODE    0800H     00B8H     PAGE         ?PR?USB_JUMP_TABLE?USBJT
            CODE    08B8H     0037H     UNIT         ?PR?ISR_URES?VIRTUAL
            CODE    08EFH     0037H     UNIT         ?PR?ISR_HIGHSPEED?VIRTUAL
            CODE    0926H     0037H     UNIT         ?C?LIB_CODE
            CODE    095DH     002FH     UNIT         ?PR?EZUSB_DISCON?DISCON
            CODE    098CH     002CH     UNIT         ?PR?TD_POLL?VIRTUAL
            CODE    09B8H     002CH     UNIT         ?PR?EZUSB_RESUME?RESUME
            CODE    09E4H     002CH     UNIT         ?PR?_EZUSB_GETSTRINGDSCR?GET_STRD
            CODE    0A10H     0027H     UNIT         ?C_INITSEG
            CODE    0A37H     0025H     UNIT         EZUSB
            CODE    0A5CH     0018H     UNIT         ?PR?ISR_SUSP?VIRTUAL
            CODE    0A74H     0016H     UNIT         ?PR?ISR_SUTOK?VIRTUAL
            CODE    0A8AH     0016H     UNIT         ?PR?ISR_SOF?VIRTUAL
            CODE    0AA0H     0012H     UNIT         ?PR?DR_GETCONFIGURATION?VIRTUAL
            CODE    0AB2H     0012H     UNIT         ?PR?DR_GETINTERFACE?VIRTUAL
            CODE    0AC4H     0008H     UNIT         ?PR?DR_SETCONFIGURATION?VIRTUAL
            CODE    0ACCH     0008H     UNIT         ?PR?DR_SETINTERFACE?VIRTUAL
BL51 BANKED LINKER/LOCATER V5.03                                                      02/17/2013  16:57:05  PAGE 6


            CODE    0AD4H     0002H     UNIT         ?PR?DR_GETDESCRIPTOR?VIRTUAL
            CODE    0AD6H     0002H     UNIT         ?PR?DR_GETSTATUS?VIRTUAL
            CODE    0AD8H     0002H     UNIT         ?PR?DR_CLEARFEATURE?VIRTUAL
            CODE    0ADAH     0002H     UNIT         ?PR?DR_SETFEATURE?VIRTUAL
            CODE    0ADCH     0002H     UNIT         ?PR?DR_VENDORCMND?VIRTUAL
            CODE    0ADEH     0001H     UNIT         ?PR?ISR_EP0ACK?VIRTUAL
            CODE    0ADFH     0001H     UNIT         ?PR?ISR_STUB?VIRTUAL
            CODE    0AE0H     0001H     UNIT         ?PR?ISR_EP0IN?VIRTUAL
            CODE    0AE1H     0001H     UNIT         ?PR?ISR_EP0OUT?VIRTUAL
            CODE    0AE2H     0001H     UNIT         ?PR?ISR_EP1IN?VIRTUAL
            CODE    0AE3H     0001H     UNIT         ?PR?ISR_EP1OUT?VIRTUAL
            CODE    0AE4H     0001H     UNIT         ?PR?ISR_EP2INOUT?VIRTUAL
            CODE    0AE5H     0001H     UNIT         ?PR?ISR_EP4INOUT?VIRTUAL
            CODE    0AE6H     0001H     UNIT         ?PR?ISR_EP6INOUT?VIRTUAL
            CODE    0AE7H     0001H     UNIT         ?PR?ISR_EP8INOUT?VIRTUAL
            CODE    0AE8H     0001H     UNIT         ?PR?ISR_IBN?VIRTUAL
            CODE    0AE9H     0001H     UNIT         ?PR?ISR_EP0PINGNAK?VIRTUAL
            CODE    0AEAH     0001H     UNIT         ?PR?ISR_EP1PINGNAK?VIRTUAL
            CODE    0AEBH     0001H     UNIT         ?PR?ISR_EP2PINGNAK?VIRTUAL
            CODE    0AECH     0001H     UNIT         ?PR?ISR_EP4PINGNAK?VIRTUAL
            CODE    0AEDH     0001H     UNIT         ?PR?ISR_EP6PINGNAK?VIRTUAL
            CODE    0AEEH     0001H     UNIT         ?PR?ISR_EP8PINGNAK?VIRTUAL
            CODE    0AEFH     0001H     UNIT         ?PR?ISR_ERRORLIMIT?VIRTUAL
            CODE    0AF0H     0001H     UNIT         ?PR?ISR_EP2PIDERROR?VIRTUAL
            CODE    0AF1H     0001H     UNIT         ?PR?ISR_EP4PIDERROR?VIRTUAL
            CODE    0AF2H     0001H     UNIT         ?PR?ISR_EP6PIDERROR?VIRTUAL
            CODE    0AF3H     0001H     UNIT         ?PR?ISR_EP8PIDERROR?VIRTUAL
            CODE    0AF4H     0001H     UNIT         ?PR?ISR_EP2PFLAG?VIRTUAL
            CODE    0AF5H     0001H     UNIT         ?PR?ISR_EP4PFLAG?VIRTUAL
            CODE    0AF6H     0001H     UNIT         ?PR?ISR_EP6PFLAG?VIRTUAL
            CODE    0AF7H     0001H     UNIT         ?PR?ISR_EP8PFLAG?VIRTUAL
            CODE    0AF8H     0001H     UNIT         ?PR?ISR_EP2EFLAG?VIRTUAL
            CODE    0AF9H     0001H     UNIT         ?PR?ISR_EP4EFLAG?VIRTUAL
            CODE    0AFAH     0001H     UNIT         ?PR?ISR_EP6EFLAG?VIRTUAL
            CODE    0AFBH     0001H     UNIT         ?PR?ISR_EP8EFLAG?VIRTUAL
            CODE    0AFCH     0001H     UNIT         ?PR?ISR_EP2FFLAG?VIRTUAL
            CODE    0AFDH     0001H     UNIT         ?PR?ISR_EP4FFLAG?VIRTUAL
            CODE    0AFEH     0001H     UNIT         ?PR?ISR_EP6FFLAG?VIRTUAL
            CODE    0AFFH     0001H     UNIT         ?PR?ISR_EP8FFLAG?VIRTUAL
            CODE    0B00H     0001H     UNIT         ?PR?ISR_GPIFCOMPLETE?VIRTUAL
            CODE    0B01H     0001H     UNIT         ?PR?ISR_GPIFWAVEFORM?VIRTUAL



OVERLAY MAP OF MODULE:   hdmi2usb (FW)


SEGMENT                                      BIT_GROUP          DATA_GROUP 
  +--> CALLED SEGMENT                     START    LENGTH     START    LENGTH
-----------------------------------------------------------------------------
?PR?USB_JUMP_TABLE?USBJT                  -----    -----      -----    -----
  +--> ?PR?ISR_SUDAV?VIRTUAL
  +--> ?PR?ISR_SOF?VIRTUAL
  +--> ?PR?ISR_SUTOK?VIRTUAL
  +--> ?PR?ISR_SUSP?VIRTUAL
  +--> ?PR?ISR_URES?VIRTUAL
  +--> ?PR?ISR_HIGHSPEED?VIRTUAL
BL51 BANKED LINKER/LOCATER V5.03                                                      02/17/2013  16:57:05  PAGE 7


  +--> ?PR?ISR_EP0ACK?VIRTUAL
  +--> ?PR?ISR_STUB?VIRTUAL
  +--> ?PR?ISR_EP0IN?VIRTUAL
  +--> ?PR?ISR_EP0OUT?VIRTUAL
  +--> ?PR?ISR_EP1IN?VIRTUAL
  +--> ?PR?ISR_EP1OUT?VIRTUAL
  +--> ?PR?ISR_EP2INOUT?VIRTUAL
  +--> ?PR?ISR_EP4INOUT?VIRTUAL
  +--> ?PR?ISR_EP6INOUT?VIRTUAL
  +--> ?PR?ISR_EP8INOUT?VIRTUAL
  +--> ?PR?ISR_IBN?VIRTUAL
  +--> ?PR?ISR_EP0PINGNAK?VIRTUAL
  +--> ?PR?ISR_EP1PINGNAK?VIRTUAL
  +--> ?PR?ISR_EP2PINGNAK?VIRTUAL
  +--> ?PR?ISR_EP4PINGNAK?VIRTUAL
  +--> ?PR?ISR_EP6PINGNAK?VIRTUAL
  +--> ?PR?ISR_EP8PINGNAK?VIRTUAL
  +--> ?PR?ISR_ERRORLIMIT?VIRTUAL
  +--> ?PR?ISR_EP2PIDERROR?VIRTUAL
  +--> ?PR?ISR_EP4PIDERROR?VIRTUAL
  +--> ?PR?ISR_EP6PIDERROR?VIRTUAL
  +--> ?PR?ISR_EP8PIDERROR?VIRTUAL
  +--> ?PR?ISR_EP2PFLAG?VIRTUAL
  +--> ?PR?ISR_EP4PFLAG?VIRTUAL
  +--> ?PR?ISR_EP6PFLAG?VIRTUAL
  +--> ?PR?ISR_EP8PFLAG?VIRTUAL
  +--> ?PR?ISR_EP2EFLAG?VIRTUAL
  +--> ?PR?ISR_EP4EFLAG?VIRTUAL
  +--> ?PR?ISR_EP6EFLAG?VIRTUAL
  +--> ?PR?ISR_EP8EFLAG?VIRTUAL
  +--> ?PR?ISR_EP2FFLAG?VIRTUAL
  +--> ?PR?ISR_EP4FFLAG?VIRTUAL
  +--> ?PR?ISR_EP6FFLAG?VIRTUAL
  +--> ?PR?ISR_EP8FFLAG?VIRTUAL
  +--> ?PR?ISR_GPIFCOMPLETE?VIRTUAL
  +--> ?PR?ISR_GPIFWAVEFORM?VIRTUAL

*** NEW ROOT ***************************************************

?C_C51STARTUP                             -----    -----      -----    -----
  +--> ?PR?MAIN?FW
  +--> ?C_INITSEG

?PR?MAIN?FW                               -----    -----      0008H    0010H
  +--> ?PR?TD_INIT?VIRTUAL
  +--> ?PR?EZUSB_DISCON?DISCON
  +--> ?PR?SETUPCOMMAND?FW
  +--> ?PR?TD_SUSPEND?VIRTUAL
  +--> ?PR?EZUSB_RESUME?RESUME
  +--> ?PR?TD_RESUME?VIRTUAL
  +--> ?PR?TD_POLL?VIRTUAL

?PR?EZUSB_DISCON?DISCON                   0020H.4  0000H.1    -----    -----
  +--> ?PR?_EZUSB_DELAY?DELAY

?PR?_EZUSB_DELAY?DELAY                    -----    -----      0018H    0002H

BL51 BANKED LINKER/LOCATER V5.03                                                      02/17/2013  16:57:05  PAGE 8


?PR?SETUPCOMMAND?FW                       -----    -----      -----    -----
  +--> ?PR?DR_GETDESCRIPTOR?VIRTUAL
  +--> ?PR?_EZUSB_GETSTRINGDSCR?GET_STRD
  +--> ?PR?DR_GETINTERFACE?VIRTUAL
  +--> ?PR?DR_SETINTERFACE?VIRTUAL
  +--> ?PR?DR_SETCONFIGURATION?VIRTUAL
  +--> ?PR?DR_GETCONFIGURATION?VIRTUAL
  +--> ?PR?DR_GETSTATUS?VIRTUAL
  +--> ?PR?DR_CLEARFEATURE?VIRTUAL
  +--> ?PR?DR_SETFEATURE?VIRTUAL
  +--> ?PR?DR_VENDORCMND?VIRTUAL

?PR?EZUSB_RESUME?RESUME                   -----    -----      -----    -----
  +--> ?PR?_EZUSB_DELAY?DELAY



SYMBOL TABLE OF MODULE:  hdmi2usb (FW)

  VALUE           TYPE          NAME
  ----------------------------------

  -------         MODULE        FW
  C:0000H         SYMBOL        _ICE_DUMMY_
  B:00A8H.7       PUBLIC        EA
  X:1000H         PUBLIC        LineCode
  B:0020H.0       PUBLIC        Rwuen
  D:0021H         PUBLIC        valuesArray
  B:0020H.1       PUBLIC        GotSUD
  D:003BH         PUBLIC        Len
  C:0337H         PUBLIC        main
  B:00E8H.0       PUBLIC        EUSB
  C:04FAH         PUBLIC        resume_isr
  D:003CH         PUBLIC        pHighSpeedConfigDscr
  D:003EH         PUBLIC        pDeviceDscr
  C:0080H         PUBLIC        SetupCommand
  D:0040H         PUBLIC        pConfigDscr
  D:0042H         PUBLIC        pOtherConfigDscr
  D:0044H         PUBLIC        pFullSpeedConfigDscr
  B:0020H.2       PUBLIC        Selfpwr
  D:0046H         PUBLIC        i
  D:0048H         PUBLIC        pDeviceQualDscr
  D:00D8H         PUBLIC        EICON
  D:008EH         PUBLIC        CKCON
  D:004AH         PUBLIC        pStringDscr
  B:0020H.3       PUBLIC        Sleep
  -------         PROC          MAIN
  -------         DO            
  D:0008H         SYMBOL        i
  D:0006H         SYMBOL        offset
  D:000CH         SYMBOL        DevDescrLen
  D:0010H         SYMBOL        j
  D:0014H         SYMBOL        IntDescrAddr
  D:0016H         SYMBOL        ExtDescrAddr
  -------         ENDDO         
  C:0337H         LINE#         113
  C:0337H         LINE#         114
BL51 BANKED LINKER/LOCATER V5.03                                                      02/17/2013  16:57:05  PAGE 9


  C:0337H         LINE#         118
  C:0340H         LINE#         123
  C:0342H         LINE#         124
  C:0344H         LINE#         125
  C:0346H         LINE#         126
  C:0348H         LINE#         129
  C:034BH         LINE#         137
  C:0353H         LINE#         138
  C:0359H         LINE#         139
  C:035FH         LINE#         140
  C:0365H         LINE#         141
  C:036BH         LINE#         143
  C:0372H         LINE#         144
  C:0372H         LINE#         145
  C:0378H         LINE#         146
  C:037EH         LINE#         147
  C:0380H         LINE#         149
  C:0380H         LINE#         150
  C:0386H         LINE#         151
  C:038CH         LINE#         152
  C:038CH         LINE#         154
  C:0394H         LINE#         155
  C:0394H         LINE#         156
  C:039AH         LINE#         157
  C:03A2H         LINE#         158
  C:03BAH         LINE#         159
  C:03D8H         LINE#         160
  C:03FEH         LINE#         161
  C:041DH         LINE#         162
  C:0450H         LINE#         163
  C:0456H         LINE#         164
  C:0460H         LINE#         165
  C:046BH         LINE#         166
  C:0476H         LINE#         167
  C:0481H         LINE#         168
  C:048CH         LINE#         169
  C:0497H         LINE#         170
  C:04A2H         LINE#         171
  C:04A2H         LINE#         173
  C:04A4H         LINE#         174
  C:04A7H         LINE#         176
  C:04AEH         LINE#         178
  C:04B5H         LINE#         179
  C:04B7H         LINE#         183
  C:04BCH         LINE#         186
  C:04BFH         LINE#         189
  C:04C1H         LINE#         192
  C:04C1H         LINE#         193
  C:04C1H         LINE#         194
  C:04C4H         LINE#         195
  C:04C4H         LINE#         196
  C:04C7H         LINE#         197
  C:04C9H         LINE#         198
  C:04C9H         LINE#         205
  C:04CCH         LINE#         206
  C:04CCH         LINE#         207
  C:04D1H         LINE#         208
BL51 BANKED LINKER/LOCATER V5.03                                                      02/17/2013  16:57:05  PAGE 10


  C:04D1H         LINE#         209
  C:04D3H         LINE#         211
  C:04D3H         LINE#         212
  C:04D6H         LINE#         213
  C:04D6H         LINE#         214
  C:04EFH         LINE#         219
  C:04F2H         LINE#         220
  C:04F5H         LINE#         221
  C:04F5H         LINE#         222
  C:04F5H         LINE#         223
  C:04F8H         LINE#         224
  -------         ENDPROC       MAIN
  -------         PROC          SETUPCOMMAND
  -------         DO            
  D:0001H         SYMBOL        dscr_ptr
  -------         ENDDO         
  C:0080H         LINE#         228
  C:0080H         LINE#         229
  C:0080H         LINE#         232
  C:00BEH         LINE#         233
  C:00BEH         LINE#         235
  C:00ECH         LINE#         236
  C:00ECH         LINE#         237
  C:00F1H         LINE#         238
  C:0113H         LINE#         239
  C:0118H         LINE#         240
  C:011EH         LINE#         243
  C:0121H         LINE#         245
  C:0121H         LINE#         249
  C:0126H         LINE#         250
  C:012AH         LINE#         251
  C:012AH         LINE#         254
  C:012DH         LINE#         256
  C:0159H         LINE#         257
  C:0159H         LINE#         260
  C:0159H         LINE#         262
  C:015CH         LINE#         263
  C:015EH         LINE#         264
  C:0164H         LINE#         265
  C:0169H         LINE#         266
  C:016DH         LINE#         267
  C:016FH         LINE#         269
  C:0176H         LINE#         270
  C:0179H         LINE#         271
  C:018EH         LINE#         272
  C:01B2H         LINE#         274
  C:01B2H         LINE#         277
  C:01B2H         LINE#         279
  C:01B8H         LINE#         280
  C:01BBH         LINE#         281
  C:01CDH         LINE#         282
  C:01F1H         LINE#         284
  C:01F6H         LINE#         285
  C:01F9H         LINE#         286
  C:01FFH         LINE#         287
  C:0202H         LINE#         288
  C:0209H         LINE#         289
BL51 BANKED LINKER/LOCATER V5.03                                                      02/17/2013  16:57:05  PAGE 11


  C:020EH         LINE#         290
  C:0211H         LINE#         292
  C:0211H         LINE#         293
  C:0211H         LINE#         296
  C:0211H         LINE#         298
  C:0217H         LINE#         299
  C:021FH         LINE#         300
  C:0235H         LINE#         301
  C:0235H         LINE#         302
  C:0235H         LINE#         303
  C:023BH         LINE#         304
  C:023DH         LINE#         305
  C:023FH         LINE#         306
  C:023FH         LINE#         307
  C:0245H         LINE#         308
  C:0247H         LINE#         309
  C:0249H         LINE#         310
  C:0249H         LINE#         311
  C:024FH         LINE#         312
  C:0251H         LINE#         313
  C:0253H         LINE#         314
  C:0253H         LINE#         316
  C:0259H         LINE#         317
  C:025BH         LINE#         318
  C:025DH         LINE#         319
  C:025DH         LINE#         320
  C:0270H         LINE#         321
  C:0270H         LINE#         322
  C:0275H         LINE#         323
  C:027AH         LINE#         324
  C:027DH         LINE#         328
  C:027DH         LINE#         329
  C:027DH         LINE#         330
  C:027DH         LINE#         331
  C:0280H         LINE#         332
  C:0280H         LINE#         333
  C:0283H         LINE#         334
  C:0286H         LINE#         335
  C:0286H         LINE#         336
  C:0289H         LINE#         337
  C:028CH         LINE#         338
  C:028CH         LINE#         339
  C:028FH         LINE#         340
  C:0292H         LINE#         341
  C:0292H         LINE#         342
  C:0295H         LINE#         343
  C:0298H         LINE#         344
  C:0298H         LINE#         345
  C:02A0H         LINE#         346
  C:02AFH         LINE#         347
  C:02AFH         LINE#         348
  C:02AFH         LINE#         349
  C:02BFH         LINE#         350
  C:02C0H         LINE#         351
  C:02C0H         LINE#         352
  C:02C0H         LINE#         353
  C:02C2H         LINE#         354
BL51 BANKED LINKER/LOCATER V5.03                                                      02/17/2013  16:57:05  PAGE 12


  C:02C2H         LINE#         355
  C:02C7H         LINE#         356
  C:02C8H         LINE#         357
  C:02C8H         LINE#         358
  C:02C8H         LINE#         359
  C:02CAH         LINE#         360
  C:02CAH         LINE#         363
  C:02CFH         LINE#         364
  C:02D3H         LINE#         365
  C:02D9H         LINE#         366
  C:02DBH         LINE#         367
  C:02DBH         LINE#         368
  C:02DBH         LINE#         369
  C:02DBH         LINE#         370
  C:02DDH         LINE#         371
  C:02DDH         LINE#         372
  C:02E2H         LINE#         373
  C:02EEH         LINE#         374
  C:02EEH         LINE#         375
  C:02EEH         LINE#         376
  C:02F5H         LINE#         377
  C:02F9H         LINE#         379
  C:02F9H         LINE#         380
  C:02FBH         LINE#         381
  C:02FBH         LINE#         382
  C:0301H         LINE#         383
  C:0301H         LINE#         386
  C:0301H         LINE#         388
  C:0301H         LINE#         389
  C:0303H         LINE#         390
  C:0303H         LINE#         391
  C:0303H         LINE#         392
  C:0303H         LINE#         393
  C:0308H         LINE#         394
  C:0314H         LINE#         395
  C:0314H         LINE#         396
  C:0314H         LINE#         397
  C:031BH         LINE#         398
  C:031FH         LINE#         400
  C:031FH         LINE#         401
  C:0321H         LINE#         402
  C:0321H         LINE#         406
  C:0321H         LINE#         407
  C:0323H         LINE#         408
  C:0323H         LINE#         409
  C:0323H         LINE#         410
  C:0323H         LINE#         411
  C:0328H         LINE#         412
  C:032FH         LINE#         413
  C:032FH         LINE#         420
  C:0336H         LINE#         421
  -------         ENDPROC       SETUPCOMMAND
  -------         PROC          RESUME_ISR
  C:04FAH         LINE#         424
  C:04FAH         LINE#         426
  C:04FDH         LINE#         427
  -------         ENDPROC       RESUME_ISR
BL51 BANKED LINKER/LOCATER V5.03                                                      02/17/2013  16:57:05  PAGE 13


  -------         ENDMOD        FW

  -------         MODULE        VIRTUAL
  C:0000H         SYMBOL        _ICE_DUMMY_
  C:0AEFH         PUBLIC        ISR_Errorlimit
  C:0AC4H         PUBLIC        DR_SetConfiguration
  D:001AH         PUBLIC        AlternateSetting
  C:0AE0H         PUBLIC        ISR_Ep0in
  C:0AE2H         PUBLIC        ISR_Ep1in
  C:0649H         PUBLIC        TD_Init
  C:0AE1H         PUBLIC        ISR_Ep0out
  C:0AE3H         PUBLIC        ISR_Ep1out
  C:098CH         PUBLIC        TD_Poll
  C:0B00H         PUBLIC        ISR_GpifComplete
  C:0AD6H         PUBLIC        DR_GetStatus
  C:0AE9H         PUBLIC        ISR_Ep0pingnak
  C:0AEAH         PUBLIC        ISR_Ep1pingnak
  C:0B01H         PUBLIC        ISR_GpifWaveform
  C:0AF0H         PUBLIC        ISR_Ep2piderror
  C:0AEBH         PUBLIC        ISR_Ep2pingnak
  C:0AF1H         PUBLIC        ISR_Ep4piderror
  C:0AECH         PUBLIC        ISR_Ep4pingnak
  C:0AF2H         PUBLIC        ISR_Ep6piderror
  C:0AEDH         PUBLIC        ISR_Ep6pingnak
  C:0AF3H         PUBLIC        ISR_Ep8piderror
  C:0AEEH         PUBLIC        ISR_Ep8pingnak
  D:0091H         PUBLIC        EXIF
  C:0AB2H         PUBLIC        DR_GetInterface
  C:0AD8H         PUBLIC        DR_ClearFeature
  C:0AF8H         PUBLIC        ISR_Ep2eflag
  C:0AFCH         PUBLIC        ISR_Ep2fflag
  C:0AF9H         PUBLIC        ISR_Ep4eflag
  C:0ACCH         PUBLIC        DR_SetInterface
  C:0AFDH         PUBLIC        ISR_Ep4fflag
  C:0AFAH         PUBLIC        ISR_Ep6eflag
  C:0AFEH         PUBLIC        ISR_Ep6fflag
  C:0AD4H         PUBLIC        DR_GetDescriptor
  C:0AFBH         PUBLIC        ISR_Ep8eflag
  C:0AFFH         PUBLIC        ISR_Ep8fflag
  C:0AF4H         PUBLIC        ISR_Ep2pflag
  C:0AF5H         PUBLIC        ISR_Ep4pflag
  C:0AF6H         PUBLIC        ISR_Ep6pflag
  C:0AF7H         PUBLIC        ISR_Ep8pflag
  C:07E6H         PUBLIC        ISR_Sudav
  C:04FEH         PUBLIC        TD_Suspend
  D:001BH         PUBLIC        Configuration
  C:0ADEH         PUBLIC        ISR_Ep0ack
  C:08EFH         PUBLIC        ISR_Highspeed
  C:0A74H         PUBLIC        ISR_Sutok
  C:0AE8H         PUBLIC        ISR_Ibn
  C:0AE4H         PUBLIC        ISR_Ep2inout
  C:0AE5H         PUBLIC        ISR_Ep4inout
  C:0ADCH         PUBLIC        DR_VendorCmnd
  C:07FEH         PUBLIC        TD_Resume
  C:0AE6H         PUBLIC        ISR_Ep6inout
  C:0ADFH         PUBLIC        ISR_Stub
  C:0AE7H         PUBLIC        ISR_Ep8inout
BL51 BANKED LINKER/LOCATER V5.03                                                      02/17/2013  16:57:05  PAGE 14


  C:08B8H         PUBLIC        ISR_Ures
  C:0ADAH         PUBLIC        DR_SetFeature
  C:0A8AH         PUBLIC        ISR_Sof
  C:0AA0H         PUBLIC        DR_GetConfiguration
  C:0A5CH         PUBLIC        ISR_Susp
  -------         PROC          TD_INIT
  C:0649H         LINE#         167
  C:0649H         LINE#         168
  C:0649H         LINE#         172
  C:064FH         LINE#         173
  C:0652H         LINE#         175
  C:0658H         LINE#         176
  C:065BH         LINE#         177
  C:0661H         LINE#         178
  C:0664H         LINE#         179
  C:066AH         LINE#         180
  C:066DH         LINE#         182
  C:0673H         LINE#         183
  C:0676H         LINE#         185
  C:067BH         LINE#         186
  C:067EH         LINE#         187
  C:0682H         LINE#         188
  C:0685H         LINE#         189
  C:0689H         LINE#         190
  C:068CH         LINE#         191
  C:0693H         LINE#         192
  C:0696H         LINE#         194
  C:0699H         LINE#         195
  C:069FH         LINE#         196
  C:06A2H         LINE#         197
  C:06A5H         LINE#         198
  C:06A8H         LINE#         199
  C:06ABH         LINE#         200
  C:06AEH         LINE#         201
  C:06B1H         LINE#         202
  C:06B4H         LINE#         203
  C:06B7H         LINE#         204
  C:06BAH         LINE#         205
  C:06BCH         LINE#         207
  C:06BFH         LINE#         208
  C:06C5H         LINE#         209
  C:06C8H         LINE#         210
  C:06CEH         LINE#         211
  C:06D1H         LINE#         213
  C:06D5H         LINE#         214
  C:06D8H         LINE#         215
  C:06DDH         LINE#         216
  C:06E0H         LINE#         219
  C:06E6H         LINE#         220
  C:06E9H         LINE#         221
  C:06EEH         LINE#         222
  C:06F1H         LINE#         223
  C:06F7H         LINE#         224
  C:06FAH         LINE#         225
  C:06FFH         LINE#         226
  C:0702H         LINE#         227
  C:0708H         LINE#         228
BL51 BANKED LINKER/LOCATER V5.03                                                      02/17/2013  16:57:05  PAGE 15


  C:070BH         LINE#         229
  C:0710H         LINE#         230
  C:0713H         LINE#         248
  -------         ENDPROC       TD_INIT
  -------         PROC          TD_POLL
  C:098CH         LINE#         250
  C:098CH         LINE#         251
  C:098CH         LINE#         255
  C:0993H         LINE#         256
  C:0993H         LINE#         257
  C:0999H         LINE#         258
  C:099DH         LINE#         259
  C:09A0H         LINE#         260
  C:09A2H         LINE#         261
  C:09A4H         LINE#         262
  C:09A6H         LINE#         263
  C:09A8H         LINE#         264
  C:09ACH         LINE#         265
  C:09AFH         LINE#         266
  C:09B1H         LINE#         267
  C:09B7H         LINE#         268
  C:09B7H         LINE#         299
  -------         ENDPROC       TD_POLL
  -------         PROC          TD_SUSPEND
  C:04FEH         LINE#         301
  C:04FEH         LINE#         302
  C:04FEH         LINE#         303
  C:04FFH         LINE#         304
  -------         ENDPROC       TD_SUSPEND
  -------         PROC          TD_RESUME
  C:07FEH         LINE#         306
  C:07FEH         LINE#         307
  C:07FEH         LINE#         308
  C:07FFH         LINE#         309
  -------         ENDPROC       TD_RESUME
  -------         PROC          DR_GETDESCRIPTOR
  C:0AD4H         LINE#         316
  C:0AD4H         LINE#         317
  C:0AD4H         LINE#         318
  C:0AD5H         LINE#         319
  -------         ENDPROC       DR_GETDESCRIPTOR
  -------         PROC          DR_SETCONFIGURATION
  C:0AC4H         LINE#         321
  C:0AC4H         LINE#         322
  C:0AC4H         LINE#         324
  C:0ACAH         LINE#         325
  C:0ACBH         LINE#         326
  -------         ENDPROC       DR_SETCONFIGURATION
  -------         PROC          DR_GETCONFIGURATION
  C:0AA0H         LINE#         328
  C:0AA0H         LINE#         329
  C:0AA0H         LINE#         330
  C:0AA6H         LINE#         331
  C:0AABH         LINE#         332
  C:0AB0H         LINE#         333
  C:0AB1H         LINE#         334
  -------         ENDPROC       DR_GETCONFIGURATION
BL51 BANKED LINKER/LOCATER V5.03                                                      02/17/2013  16:57:05  PAGE 16


  -------         PROC          DR_SETINTERFACE
  C:0ACCH         LINE#         336
  C:0ACCH         LINE#         337
  C:0ACCH         LINE#         338
  C:0AD2H         LINE#         344
  C:0AD3H         LINE#         345
  -------         ENDPROC       DR_SETINTERFACE
  -------         PROC          DR_GETINTERFACE
  C:0AB2H         LINE#         347
  C:0AB2H         LINE#         348
  C:0AB2H         LINE#         349
  C:0AB8H         LINE#         350
  C:0ABDH         LINE#         351
  C:0AC2H         LINE#         352
  C:0AC3H         LINE#         353
  -------         ENDPROC       DR_GETINTERFACE
  -------         PROC          DR_GETSTATUS
  C:0AD6H         LINE#         355
  C:0AD6H         LINE#         356
  C:0AD6H         LINE#         357
  C:0AD7H         LINE#         358
  -------         ENDPROC       DR_GETSTATUS
  -------         PROC          DR_CLEARFEATURE
  C:0AD8H         LINE#         360
  C:0AD8H         LINE#         361
  C:0AD8H         LINE#         362
  C:0AD9H         LINE#         363
  -------         ENDPROC       DR_CLEARFEATURE
  -------         PROC          DR_SETFEATURE
  C:0ADAH         LINE#         365
  C:0ADAH         LINE#         366
  C:0ADAH         LINE#         367
  C:0ADBH         LINE#         368
  -------         ENDPROC       DR_SETFEATURE
  -------         PROC          DR_VENDORCMND
  C:0ADCH         LINE#         370
  C:0ADCH         LINE#         371
  C:0ADCH         LINE#         372
  C:0ADDH         LINE#         373
  -------         ENDPROC       DR_VENDORCMND
  -------         PROC          ISR_SUDAV
  C:07E6H         LINE#         383
  C:07ECH         LINE#         386
  C:07EEH         LINE#         387
  C:07F1H         LINE#         388
  C:07F7H         LINE#         389
  -------         ENDPROC       ISR_SUDAV
  -------         PROC          ISR_SUTOK
  C:0A74H         LINE#         392
  C:0A7AH         LINE#         394
  C:0A7DH         LINE#         395
  C:0A83H         LINE#         396
  -------         ENDPROC       ISR_SUTOK
  -------         PROC          ISR_SOF
  C:0A8AH         LINE#         398
  C:0A90H         LINE#         400
  C:0A93H         LINE#         401
BL51 BANKED LINKER/LOCATER V5.03                                                      02/17/2013  16:57:05  PAGE 17


  C:0A99H         LINE#         402
  -------         ENDPROC       ISR_SOF
  -------         PROC          ISR_URES
  C:08B8H         LINE#         404
  C:08BEH         LINE#         406
  C:08C5H         LINE#         407
  C:08C5H         LINE#         408
  C:08CBH         LINE#         409
  C:08D1H         LINE#         410
  C:08D3H         LINE#         412
  C:08D3H         LINE#         413
  C:08D9H         LINE#         414
  C:08DFH         LINE#         415
  C:08DFH         LINE#         417
  C:08E2H         LINE#         418
  C:08E8H         LINE#         419
  -------         ENDPROC       ISR_URES
  -------         PROC          ISR_SUSP
  C:0A5CH         LINE#         421
  C:0A62H         LINE#         423
  C:0A64H         LINE#         424
  C:0A67H         LINE#         425
  C:0A6DH         LINE#         427
  -------         ENDPROC       ISR_SUSP
  -------         PROC          ISR_HIGHSPEED
  C:08EFH         LINE#         429
  C:08F5H         LINE#         431
  C:08FCH         LINE#         432
  C:08FCH         LINE#         433
  C:0902H         LINE#         434
  C:0908H         LINE#         435
  C:090AH         LINE#         437
  C:090AH         LINE#         438
  C:0910H         LINE#         439
  C:0916H         LINE#         440
  C:0916H         LINE#         442
  C:0919H         LINE#         443
  C:091FH         LINE#         444
  -------         ENDPROC       ISR_HIGHSPEED
  -------         PROC          ISR_EP0ACK
  C:0ADEH         LINE#         445
  C:0ADEH         LINE#         447
  -------         ENDPROC       ISR_EP0ACK
  -------         PROC          ISR_STUB
  C:0ADFH         LINE#         448
  C:0ADFH         LINE#         450
  -------         ENDPROC       ISR_STUB
  -------         PROC          ISR_EP0IN
  C:0AE0H         LINE#         451
  C:0AE0H         LINE#         453
  -------         ENDPROC       ISR_EP0IN
  -------         PROC          ISR_EP0OUT
  C:0AE1H         LINE#         454
  C:0AE1H         LINE#         456
  -------         ENDPROC       ISR_EP0OUT
  -------         PROC          ISR_EP1IN
  C:0AE2H         LINE#         457
BL51 BANKED LINKER/LOCATER V5.03                                                      02/17/2013  16:57:05  PAGE 18


  C:0AE2H         LINE#         459
  -------         ENDPROC       ISR_EP1IN
  -------         PROC          ISR_EP1OUT
  C:0AE3H         LINE#         460
  C:0AE3H         LINE#         462
  -------         ENDPROC       ISR_EP1OUT
  -------         PROC          ISR_EP2INOUT
  C:0AE4H         LINE#         463
  C:0AE4H         LINE#         465
  -------         ENDPROC       ISR_EP2INOUT
  -------         PROC          ISR_EP4INOUT
  C:0AE5H         LINE#         466
  C:0AE5H         LINE#         469
  -------         ENDPROC       ISR_EP4INOUT
  -------         PROC          ISR_EP6INOUT
  C:0AE6H         LINE#         470
  C:0AE6H         LINE#         472
  -------         ENDPROC       ISR_EP6INOUT
  -------         PROC          ISR_EP8INOUT
  C:0AE7H         LINE#         473
  C:0AE7H         LINE#         475
  -------         ENDPROC       ISR_EP8INOUT
  -------         PROC          ISR_IBN
  C:0AE8H         LINE#         476
  C:0AE8H         LINE#         478
  -------         ENDPROC       ISR_IBN
  -------         PROC          ISR_EP0PINGNAK
  C:0AE9H         LINE#         479
  C:0AE9H         LINE#         481
  -------         ENDPROC       ISR_EP0PINGNAK
  -------         PROC          ISR_EP1PINGNAK
  C:0AEAH         LINE#         482
  C:0AEAH         LINE#         484
  -------         ENDPROC       ISR_EP1PINGNAK
  -------         PROC          ISR_EP2PINGNAK
  C:0AEBH         LINE#         485
  C:0AEBH         LINE#         487
  -------         ENDPROC       ISR_EP2PINGNAK
  -------         PROC          ISR_EP4PINGNAK
  C:0AECH         LINE#         488
  C:0AECH         LINE#         490
  -------         ENDPROC       ISR_EP4PINGNAK
  -------         PROC          ISR_EP6PINGNAK
  C:0AEDH         LINE#         491
  C:0AEDH         LINE#         493
  -------         ENDPROC       ISR_EP6PINGNAK
  -------         PROC          ISR_EP8PINGNAK
  C:0AEEH         LINE#         494
  C:0AEEH         LINE#         496
  -------         ENDPROC       ISR_EP8PINGNAK
  -------         PROC          ISR_ERRORLIMIT
  C:0AEFH         LINE#         497
  C:0AEFH         LINE#         499
  -------         ENDPROC       ISR_ERRORLIMIT
  -------         PROC          ISR_EP2PIDERROR
  C:0AF0H         LINE#         500
  C:0AF0H         LINE#         502
BL51 BANKED LINKER/LOCATER V5.03                                                      02/17/2013  16:57:05  PAGE 19


  -------         ENDPROC       ISR_EP2PIDERROR
  -------         PROC          ISR_EP4PIDERROR
  C:0AF1H         LINE#         503
  C:0AF1H         LINE#         505
  -------         ENDPROC       ISR_EP4PIDERROR
  -------         PROC          ISR_EP6PIDERROR
  C:0AF2H         LINE#         506
  C:0AF2H         LINE#         508
  -------         ENDPROC       ISR_EP6PIDERROR
  -------         PROC          ISR_EP8PIDERROR
  C:0AF3H         LINE#         509
  C:0AF3H         LINE#         511
  -------         ENDPROC       ISR_EP8PIDERROR
  -------         PROC          ISR_EP2PFLAG
  C:0AF4H         LINE#         512
  C:0AF4H         LINE#         514
  -------         ENDPROC       ISR_EP2PFLAG
  -------         PROC          ISR_EP4PFLAG
  C:0AF5H         LINE#         515
  C:0AF5H         LINE#         517
  -------         ENDPROC       ISR_EP4PFLAG
  -------         PROC          ISR_EP6PFLAG
  C:0AF6H         LINE#         518
  C:0AF6H         LINE#         520
  -------         ENDPROC       ISR_EP6PFLAG
  -------         PROC          ISR_EP8PFLAG
  C:0AF7H         LINE#         521
  C:0AF7H         LINE#         523
  -------         ENDPROC       ISR_EP8PFLAG
  -------         PROC          ISR_EP2EFLAG
  C:0AF8H         LINE#         524
  C:0AF8H         LINE#         526
  -------         ENDPROC       ISR_EP2EFLAG
  -------         PROC          ISR_EP4EFLAG
  C:0AF9H         LINE#         527
  C:0AF9H         LINE#         529
  -------         ENDPROC       ISR_EP4EFLAG
  -------         PROC          ISR_EP6EFLAG
  C:0AFAH         LINE#         530
  C:0AFAH         LINE#         532
  -------         ENDPROC       ISR_EP6EFLAG
  -------         PROC          ISR_EP8EFLAG
  C:0AFBH         LINE#         533
  C:0AFBH         LINE#         535
  -------         ENDPROC       ISR_EP8EFLAG
  -------         PROC          ISR_EP2FFLAG
  C:0AFCH         LINE#         536
  C:0AFCH         LINE#         538
  -------         ENDPROC       ISR_EP2FFLAG
  -------         PROC          ISR_EP4FFLAG
  C:0AFDH         LINE#         539
  C:0AFDH         LINE#         541
  -------         ENDPROC       ISR_EP4FFLAG
  -------         PROC          ISR_EP6FFLAG
  C:0AFEH         LINE#         542
  C:0AFEH         LINE#         544
  -------         ENDPROC       ISR_EP6FFLAG
BL51 BANKED LINKER/LOCATER V5.03                                                      02/17/2013  16:57:05  PAGE 20


  -------         PROC          ISR_EP8FFLAG
  C:0AFFH         LINE#         545
  C:0AFFH         LINE#         547
  -------         ENDPROC       ISR_EP8FFLAG
  -------         PROC          ISR_GPIFCOMPLETE
  C:0B00H         LINE#         548
  C:0B00H         LINE#         550
  -------         ENDPROC       ISR_GPIFCOMPLETE
  -------         PROC          ISR_GPIFWAVEFORM
  C:0B01H         LINE#         551
  C:0B01H         LINE#         553
  -------         ENDPROC       ISR_GPIFWAVEFORM
  -------         ENDMOD        VIRTUAL

  -------         MODULE        USBJMPTBL
  C:0800H         SEGMENT       ?PR?USB_JUMP_TABLE?USBJT
  N:0045H         PUBLIC        USB_INT2AUTOVECTOR
  N:0055H         PUBLIC        USB_INT4AUTOVECTOR
  C:0800H         PUBLIC        USB_JUMP_TABLE
  N:0000H         SYMBOL        USBJMPTBL
  C:0043H         LINE#         15
  C:0053H         LINE#         19
  C:0800H         LINE#         27
  C:0804H         LINE#         29
  C:0808H         LINE#         31
  C:080CH         LINE#         33
  C:0810H         LINE#         35
  C:0814H         LINE#         37
  C:0818H         LINE#         39
  C:081CH         LINE#         41
  C:0820H         LINE#         43
  C:0824H         LINE#         45
  C:0828H         LINE#         47
  C:082CH         LINE#         49
  C:0830H         LINE#         51
  C:0834H         LINE#         53
  C:0838H         LINE#         55
  C:083CH         LINE#         57
  C:0840H         LINE#         59
  C:0844H         LINE#         61
  C:0848H         LINE#         63
  C:084CH         LINE#         65
  C:0850H         LINE#         67
  C:0854H         LINE#         69
  C:0858H         LINE#         71
  C:085CH         LINE#         73
  C:0860H         LINE#         75
  C:0864H         LINE#         77
  C:0868H         LINE#         79
  C:086CH         LINE#         81
  C:0870H         LINE#         83
  C:0874H         LINE#         85
  C:0878H         LINE#         87
  C:087CH         LINE#         89
  C:0880H         LINE#         92
  C:0884H         LINE#         94
  C:0888H         LINE#         96
BL51 BANKED LINKER/LOCATER V5.03                                                      02/17/2013  16:57:05  PAGE 21


  C:088CH         LINE#         98
  C:0890H         LINE#         100
  C:0894H         LINE#         102
  C:0898H         LINE#         104
  C:089CH         LINE#         106
  C:08A0H         LINE#         108
  C:08A4H         LINE#         110
  C:08A8H         LINE#         112
  C:08ACH         LINE#         114
  C:08B0H         LINE#         116
  C:08B4H         LINE#         118
  -------         ENDMOD        USBJMPTBL

  -------         MODULE        RESUME
  C:0000H         SYMBOL        _ICE_DUMMY_
  B:00C0H.3       PUBLIC        TB81
  B:00C0H.7       PUBLIC        SM01
  B:00C0H.6       PUBLIC        SM11
  B:00E8H.1       PUBLIC        EI2C
  B:00D0H.6       PUBLIC        AC
  B:00C0H.5       PUBLIC        SM21
  B:00A8H.7       PUBLIC        EA
  B:00B0H.0       PUBLIC        APTR1FZ
  B:00B0H.1       PUBLIC        APTR2FZ
  B:00F8H.1       PUBLIC        PI2C
  B:00D0H.1       PUBLIC        FL
  B:00C8H.6       PUBLIC        EXF2
  B:00C0H.4       PUBLIC        REN1
  B:0098H.0       PUBLIC        RI
  B:00D0H.7       PUBLIC        CY
  B:0098H.1       PUBLIC        TI
  B:00D8H.3       PUBLIC        INT6
  B:00D0H.2       PUBLIC        OV
  B:00C8H.1       PUBLIC        C_T2
  B:00C8H.5       PUBLIC        RCLK
  B:00C8H.4       PUBLIC        TCLK
  B:00E8H.0       PUBLIC        EUSB
  B:00D8H.4       PUBLIC        RESI
  B:00A8H.7       PUBLIC        EXTACC
  B:00F8H.0       PUBLIC        PUSB
  B:0088H.1       PUBLIC        IE0
  B:0088H.3       PUBLIC        IE1
  B:00C8H.0       PUBLIC        CP_RL2
  B:00A8H.4       PUBLIC        ES0
  B:00A8H.6       PUBLIC        ES1
  B:00A8H.1       PUBLIC        ET0
  B:00A8H.3       PUBLIC        ET1
  B:0088H.5       PUBLIC        TF0
  B:00A8H.5       PUBLIC        ET2
  B:0088H.7       PUBLIC        TF1
  B:00C8H.7       PUBLIC        TF2
  B:00C0H.0       PUBLIC        RI1
  B:0098H.2       PUBLIC        RB8
  B:00A8H.0       PUBLIC        EX0
  B:0088H.0       PUBLIC        IT0
  B:00C0H.1       PUBLIC        TI1
  B:00A8H.2       PUBLIC        EX1
BL51 BANKED LINKER/LOCATER V5.03                                                      02/17/2013  16:57:05  PAGE 22


  B:0098H.3       PUBLIC        TB8
  B:0088H.2       PUBLIC        IT1
  B:00D0H.0       PUBLIC        P
  B:0098H.7       PUBLIC        SM0
  B:0098H.6       PUBLIC        SM1
  B:0098H.5       PUBLIC        SM2
  B:00B8H.4       PUBLIC        PS0
  B:00B8H.6       PUBLIC        PS1
  B:00B8H.1       PUBLIC        PT0
  B:00D0H.3       PUBLIC        RS0
  B:00B8H.3       PUBLIC        PT1
  B:00D0H.4       PUBLIC        RS1
  B:00B8H.5       PUBLIC        PT2
  B:0088H.4       PUBLIC        TR0
  B:0088H.6       PUBLIC        TR1
  B:00C8H.2       PUBLIC        TR2
  B:00B8H.0       PUBLIC        PX0
  B:00B8H.2       PUBLIC        PX1
  B:00E8H.2       PUBLIC        EIEX4
  C:09B8H         PUBLIC        EZUSB_Resume
  B:00E8H.3       PUBLIC        EIEX5
  B:00E8H.4       PUBLIC        EIEX6
  B:00C8H.3       PUBLIC        EXEN2
  B:0080H.6       PUBLIC        SEL
  B:00D8H.7       PUBLIC        SMOD1
  B:0098H.4       PUBLIC        REN
  B:00F8H.2       PUBLIC        EIPX4
  B:00F8H.3       PUBLIC        EIPX5
  B:00F8H.4       PUBLIC        EIPX6
  B:00D0H.5       PUBLIC        F0
  B:00D8H.5       PUBLIC        ERESI
  B:00C0H.2       PUBLIC        RB81
  -------         PROC          EZUSB_RESUME
  C:09B8H         LINE#         4
  C:09B8H         LINE#         5
  C:09B8H         LINE#         6
  C:09CEH         LINE#         8
  C:09CEH         LINE#         9
  C:09D5H         LINE#         10
  C:09DCH         LINE#         11
  C:09E3H         LINE#         12
  C:09E3H         LINE#         13
  -------         ENDPROC       EZUSB_RESUME
  -------         ENDMOD        RESUME

  -------         MODULE        SUSP
  C:0A37H         SEGMENT       EZUSB
  C:0A37H         PUBLIC        EZUSB_SUSP
  B:00D0H.6       SYMBOL        AC
  D:00E0H         SYMBOL        ACC
  D:009AH         SYMBOL        APTR1H
  D:009BH         SYMBOL        APTR1L
  D:009AH         SYMBOL        AUTOPTR1H
  D:009BH         SYMBOL        AUTOPTR1L
  D:009DH         SYMBOL        AUTOPTRH2
  D:009EH         SYMBOL        AUTOPTRL2
  D:00AFH         SYMBOL        AUTOPTRSETUP
BL51 BANKED LINKER/LOCATER V5.03                                                      02/17/2013  16:57:05  PAGE 23


  D:00F0H         SYMBOL        B
  X:E606H         SYMBOL        BPADDRH
  X:E607H         SYMBOL        BPADDRL
  X:E605H         SYMBOL        BREAKPT
  D:008EH         SYMBOL        CKCON
  X:E665H         SYMBOL        CLRERRCNT
  X:E600H         SYMBOL        CPUCS
  B:00C8H.0       SYMBOL        CP_RL2
  X:E6FBH         SYMBOL        CT1
  X:E6FCH         SYMBOL        CT2
  X:E6FDH         SYMBOL        CT3
  X:E6FEH         SYMBOL        CT4
  B:00D0H.7       SYMBOL        CY
  B:00C8H.1       SYMBOL        C_T2
  X:E6F8H         SYMBOL        DBUG
  D:0083H         SYMBOL        DPH
  D:0085H         SYMBOL        DPH1
  D:0082H         SYMBOL        DPL
  D:0084H         SYMBOL        DPL1
  D:0086H         SYMBOL        DPS
  B:00A8H.7       SYMBOL        EA
  B:00E8H.1       SYMBOL        EI2C
  D:00D8H         SYMBOL        EICON
  D:00E8H         SYMBOL        EIE
  B:00E8H.2       SYMBOL        EIEX4
  B:00E8H.3       SYMBOL        EIEX5
  B:00E8H.4       SYMBOL        EIEX6
  D:00F8H         SYMBOL        EIP
  B:00F8H.2       SYMBOL        EIPX4
  B:00F8H.3       SYMBOL        EIPX5
  B:00F8H.4       SYMBOL        EIPX6
  D:00BAH         SYMBOL        EP01STAT
  X:E68AH         SYMBOL        EP0BCH
  X:E68BH         SYMBOL        EP0BCL
  X:E740H         SYMBOL        EP0BUF
  X:E6A0H         SYMBOL        EP0CS
  X:E780H         SYMBOL        EP10UTBUF
  X:E68FH         SYMBOL        EP1INBC
  X:E7C0H         SYMBOL        EP1INBUF
  X:E611H         SYMBOL        EP1INCFG
  X:E6A2H         SYMBOL        EP1INCS
  X:E68DH         SYMBOL        EP1OUTBC
  X:E610H         SYMBOL        EP1OUTCFG
  X:E6A1H         SYMBOL        EP1OUTCS
  D:00AAH         SYMBOL        EP2468STAT
  D:00ABH         SYMBOL        EP24FIFOFLGS
  X:E620H         SYMBOL        EP2AUTOINLENH
  X:E621H         SYMBOL        EP2AUTOINLENL
  X:E690H         SYMBOL        EP2BCH
  X:E691H         SYMBOL        EP2BCL
  X:E612H         SYMBOL        EP2CFG
  X:E6A3H         SYMBOL        EP2CS
  X:E6ABH         SYMBOL        EP2FIFOBCH
  X:E6ACH         SYMBOL        EP2FIFOBCL
  X:F000H         SYMBOL        EP2FIFOBUF
  X:E618H         SYMBOL        EP2FIFOCFG
  X:E6A7H         SYMBOL        EP2FIFOFLGS
BL51 BANKED LINKER/LOCATER V5.03                                                      02/17/2013  16:57:05  PAGE 24


  X:E650H         SYMBOL        EP2FIFOIE
  X:E651H         SYMBOL        EP2FIFOIRQ
  X:E630H         SYMBOL        EP2FIFOPFH
  X:E631H         SYMBOL        EP2FIFOPFL
  X:E6D2H         SYMBOL        EP2GPIFFLGSEL
  X:E6D3H         SYMBOL        EP2GPIFPFSTOP
  X:E6D0H         SYMBOL        EP2GPIFTCH
  X:E6D1H         SYMBOL        EP2GPIFTCL
  X:E6D4H         SYMBOL        EP2GPIFTRIG
  X:E640H         SYMBOL        EP2ISOINPKTS
  X:E622H         SYMBOL        EP4AUTOINLENH
  X:E623H         SYMBOL        EP4AUTOINLENL
  X:E694H         SYMBOL        EP4BCH
  X:E695H         SYMBOL        EP4BCL
  X:E613H         SYMBOL        EP4CFG
  X:E6A4H         SYMBOL        EP4CS
  X:E6ADH         SYMBOL        EP4FIFOBCH
  X:E6AEH         SYMBOL        EP4FIFOBCL
  X:F400H         SYMBOL        EP4FIFOBUF
  X:E619H         SYMBOL        EP4FIFOCFG
  X:E6A8H         SYMBOL        EP4FIFOFLGS
  X:E652H         SYMBOL        EP4FIFOIE
  X:E653H         SYMBOL        EP4FIFOIRQ
  X:E632H         SYMBOL        EP4FIFOPFH
  X:E633H         SYMBOL        EP4FIFOPFL
  X:E6DAH         SYMBOL        EP4GPIFFLGSEL
  X:E6DBH         SYMBOL        EP4GPIFPFSTOP
  X:E6D0H         SYMBOL        EP4GPIFTCH
  X:E6D1H         SYMBOL        EP4GPIFTCL
  X:E6DCH         SYMBOL        EP4GPIFTRIG
  X:E641H         SYMBOL        EP4ISOINPKTS
  D:00ACH         SYMBOL        EP68FIFOFLGS
  X:E624H         SYMBOL        EP6AUTOINLENH
  X:E625H         SYMBOL        EP6AUTOINLENL
  X:E698H         SYMBOL        EP6BCH
  X:E699H         SYMBOL        EP6BCL
  X:E614H         SYMBOL        EP6CFG
  X:E6A5H         SYMBOL        EP6CS
  X:E6AFH         SYMBOL        EP6FIFOBCH
  X:E6B0H         SYMBOL        EP6FIFOBCL
  X:F800H         SYMBOL        EP6FIFOBUF
  X:E61AH         SYMBOL        EP6FIFOCFG
  X:E6A9H         SYMBOL        EP6FIFOFLGS
  X:E654H         SYMBOL        EP6FIFOIE
  X:E655H         SYMBOL        EP6FIFOIRQ
  X:E634H         SYMBOL        EP6FIFOPFH
  X:E635H         SYMBOL        EP6FIFOPFL
  X:E6E2H         SYMBOL        EP6GPIFFLGSEL
  X:E6E3H         SYMBOL        EP6GPIFPFSTOP
  X:E6D0H         SYMBOL        EP6GPIFTCH
  X:E6D1H         SYMBOL        EP6GPIFTCL
  X:E6E4H         SYMBOL        EP6GPIFTRIG
  X:E642H         SYMBOL        EP6ISOINPKTS
  X:E626H         SYMBOL        EP8AUTOINLENH
  X:E627H         SYMBOL        EP8AUTOINLENL
  X:E69CH         SYMBOL        EP8BCH
  X:E69DH         SYMBOL        EP8BCL
BL51 BANKED LINKER/LOCATER V5.03                                                      02/17/2013  16:57:05  PAGE 25


  X:E615H         SYMBOL        EP8CFG
  X:E6A6H         SYMBOL        EP8CS
  X:E6B1H         SYMBOL        EP8FIFOBCH
  X:E6B2H         SYMBOL        EP8FIFOBCL
  X:FC00H         SYMBOL        EP8FIFOBUF
  X:E61BH         SYMBOL        EP8FIFOCFG
  X:E6AAH         SYMBOL        EP8FIFOFLGS
  X:E656H         SYMBOL        EP8FIFOIE
  X:E657H         SYMBOL        EP8FIFOIRQ
  X:E636H         SYMBOL        EP8FIFOPFH
  X:E637H         SYMBOL        EP8FIFOPFL
  X:E6EAH         SYMBOL        EP8GPIFFLGSEL
  X:E6EBH         SYMBOL        EP8GPIFPFSTOP
  X:E6D0H         SYMBOL        EP8GPIFTCH
  X:E6D1H         SYMBOL        EP8GPIFTCL
  X:E6ECH         SYMBOL        EP8GPIFTRIG
  X:E643H         SYMBOL        EP8ISOINPKTS
  X:E65EH         SYMBOL        EPIE
  X:E65FH         SYMBOL        EPIRQ
  B:00D8H.5       SYMBOL        ERESI
  X:E664H         SYMBOL        ERRCNTLIM
  C:0A4AH         SYMBOL        ER_END
  B:00A8H.4       SYMBOL        ES0
  B:00A8H.6       SYMBOL        ES1
  B:00A8H.1       SYMBOL        ET0
  B:00A8H.3       SYMBOL        ET1
  B:00A8H.5       SYMBOL        ET2
  B:00E8H.0       SYMBOL        EUSB
  B:00A8H.0       SYMBOL        EX0
  B:00A8H.2       SYMBOL        EX1
  B:00C8H.3       SYMBOL        EXEN2
  B:00C8H.6       SYMBOL        EXF2
  D:0091H         SYMBOL        EXIF
  X:E67BH         SYMBOL        EXTAUTODAT1
  X:E67CH         SYMBOL        EXTAUTODAT2
  B:00D0H.5       SYMBOL        F0
  X:E609H         SYMBOL        FIFOPINPOLAR
  X:E604H         SYMBOL        FIFORESET
  B:00D0H.1       SYMBOL        FL
  X:E6CCH         SYMBOL        FLOWEDGE
  X:E6C8H         SYMBOL        FLOWEQ0CTL
  X:E6C9H         SYMBOL        FLOWEQ1CTL
  X:E6C7H         SYMBOL        FLOWLOGIC
  X:E6C6H         SYMBOL        FLOWSTATE
  X:E6CBH         SYMBOL        FLOWSTB
  X:E6CDH         SYMBOL        FLOWSTBHPERIOD
  X:E687H         SYMBOL        FNADDR
  X:E6F5H         SYMBOL        GPIFABORT
  X:E6C4H         SYMBOL        GPIFADRH
  X:E6C5H         SYMBOL        GPIFADRL
  X:E6C3H         SYMBOL        GPIFCTLCFG
  X:E60CH         SYMBOL        GPIFHOLDAMOUNT
  X:E6C1H         SYMBOL        GPIFIDLECS
  X:E6C2H         SYMBOL        GPIFIDLECTL
  X:E660H         SYMBOL        GPIFIE
  X:E661H         SYMBOL        GPIFIRQ
  X:E6F3H         SYMBOL        GPIFREADYCFG
BL51 BANKED LINKER/LOCATER V5.03                                                      02/17/2013  16:57:05  PAGE 26


  X:E6F4H         SYMBOL        GPIFREADYSTAT
  D:00BDH         SYMBOL        GPIFSGLDATH
  D:00BFH         SYMBOL        GPIFSGLDATLNOX
  D:00BEH         SYMBOL        GPIFSGLDATLX
  X:E6D1H         SYMBOL        GPIFTCB0
  X:E6D0H         SYMBOL        GPIFTCB1
  X:E6CFH         SYMBOL        GPIFTCB2
  X:E6CEH         SYMBOL        GPIFTCB3
  D:00BBH         SYMBOL        GPIFTRIG
  X:E6C0H         SYMBOL        GPIFWFSELECT
  X:E400H         SYMBOL        GPIF_WAVE_DATA
  X:E678H         SYMBOL        I2CS
  X:E67AH         SYMBOL        I2CTL
  X:E679H         SYMBOL        I2DAT
  X:E658H         SYMBOL        IBNIE
  X:E659H         SYMBOL        IBNIRQ
  D:00A8H         SYMBOL        IE
  B:0088H.1       SYMBOL        IE0
  B:0088H.3       SYMBOL        IE1
  X:E601H         SYMBOL        IFCONFIG
  X:E648H         SYMBOL        INPKTEND
  D:00A1H         SYMBOL        INT2CLR
  X:E666H         SYMBOL        INT2IVEC
  D:00A2H         SYMBOL        INT4CLR
  X:E667H         SYMBOL        INT4IVEC
  B:00D8H.3       SYMBOL        INT6
  X:E668H         SYMBOL        INTSETUP
  D:0080H         SYMBOL        IOA
  D:0090H         SYMBOL        IOB
  D:00A0H         SYMBOL        IOC
  D:00B0H         SYMBOL        IOD
  D:00B1H         SYMBOL        IOE
  D:00B8H         SYMBOL        IP
  B:0088H.0       SYMBOL        IT0
  B:0088H.2       SYMBOL        IT1
  X:E686H         SYMBOL        MICROFRAME
  D:0092H         SYMBOL        MPAGE
  X:E65AH         SYMBOL        NAKIE
  X:E65BH         SYMBOL        NAKIRQ
  D:00B2H         SYMBOL        OEA
  D:00B3H         SYMBOL        OEB
  D:00B4H         SYMBOL        OEC
  D:00B5H         SYMBOL        OED
  D:00B6H         SYMBOL        OEE
  X:E649H         SYMBOL        OUTPKTEND
  B:00D0H.2       SYMBOL        OV
  B:00D0H.0       SYMBOL        P
  D:0087H         SYMBOL        PCON
  B:00F8H.1       SYMBOL        PI2C
  X:E602H         SYMBOL        PINFLAGSAB
  X:E603H         SYMBOL        PINFLAGSCD
  X:E670H         SYMBOL        PORTACFG
  X:E671H         SYMBOL        PORTCCFG
  X:E672H         SYMBOL        PORTECFG
  B:00B8H.4       SYMBOL        PS0
  B:00B8H.6       SYMBOL        PS1
  D:00D0H         SYMBOL        PSW
BL51 BANKED LINKER/LOCATER V5.03                                                      02/17/2013  16:57:05  PAGE 27


  B:00B8H.1       SYMBOL        PT0
  B:00B8H.3       SYMBOL        PT1
  B:00B8H.5       SYMBOL        PT2
  B:00F8H.0       SYMBOL        PUSB
  B:00B8H.0       SYMBOL        PX0
  B:00B8H.2       SYMBOL        PX1
  B:0098H.2       SYMBOL        RB8
  B:00C0H.2       SYMBOL        RB81
  D:00CBH         SYMBOL        RCAP2H
  D:00CAH         SYMBOL        RCAP2L
  B:00C8H.5       SYMBOL        RCLK
  B:0098H.4       SYMBOL        REN
  B:00C0H.4       SYMBOL        REN1
  B:00D8H.4       SYMBOL        RESI
  X:E480H         SYMBOL        RES_WAVEDATA_END
  X:E60BH         SYMBOL        REVCTL
  X:E60AH         SYMBOL        REVID
  B:0098H.0       SYMBOL        RI
  B:00C0H.0       SYMBOL        RI1
  B:00D0H.3       SYMBOL        RS0
  B:00D0H.4       SYMBOL        RS1
  D:0099H         SYMBOL        SBUF0
  D:00C1H         SYMBOL        SBUF1
  D:0098H         SYMBOL        SCON0
  D:00C0H         SYMBOL        SCON1
  B:0080H.6       SYMBOL        SEL
  X:E6B8H         SYMBOL        SETUPDAT
  B:0098H.7       SYMBOL        SM0
  B:00C0H.7       SYMBOL        SM01
  B:0098H.6       SYMBOL        SM1
  B:00C0H.6       SYMBOL        SM11
  B:0098H.5       SYMBOL        SM2
  B:00C0H.5       SYMBOL        SM21
  B:00D8H.7       SYMBOL        SMOD1
  D:0081H         SYMBOL        SP
  X:E6B5H         SYMBOL        SUDPTRCTL
  X:E6B3H         SYMBOL        SUDPTRH
  X:E6B4H         SYMBOL        SUDPTRL
  N:0000H         SYMBOL        SUSP
  X:E681H         SYMBOL        SUSPEND
  D:00C8H         SYMBOL        T2CON
  B:0098H.3       SYMBOL        TB8
  B:00C0H.3       SYMBOL        TB81
  B:00C8H.4       SYMBOL        TCLK
  D:0088H         SYMBOL        TCON
  X:E6F9H         SYMBOL        TESTCFG
  B:0088H.5       SYMBOL        TF0
  B:0088H.7       SYMBOL        TF1
  B:00C8H.7       SYMBOL        TF2
  D:008CH         SYMBOL        TH0
  D:008DH         SYMBOL        TH1
  D:00CDH         SYMBOL        TH2
  B:0098H.1       SYMBOL        TI
  B:00C0H.1       SYMBOL        TI1
  D:008AH         SYMBOL        TL0
  D:008BH         SYMBOL        TL1
  D:00CCH         SYMBOL        TL2
BL51 BANKED LINKER/LOCATER V5.03                                                      02/17/2013  16:57:05  PAGE 28


  D:0089H         SYMBOL        TMOD
  X:E683H         SYMBOL        TOGCTL
  B:0088H.4       SYMBOL        TR0
  B:0088H.6       SYMBOL        TR1
  B:00C8H.2       SYMBOL        TR2
  X:E608H         SYMBOL        UART230
  X:E67DH         SYMBOL        UDMACRCH
  X:E67EH         SYMBOL        UDMACRCL
  X:E67FH         SYMBOL        UDMACRCQUAL
  X:E680H         SYMBOL        USBCS
  X:E662H         SYMBOL        USBERRIE
  X:E663H         SYMBOL        USBERRIRQ
  X:E684H         SYMBOL        USBFRAMEH
  X:E685H         SYMBOL        USBFRAMEL
  X:E65CH         SYMBOL        USBIE
  X:E65DH         SYMBOL        USBIRQ
  X:E6FAH         SYMBOL        USBTEST
  X:E682H         SYMBOL        WAKEUPCS
  X:E6F0H         SYMBOL        XGPIFSGLDATH
  X:E6F2H         SYMBOL        XGPIFSGLDATLNOX
  X:E6F1H         SYMBOL        XGPIFSGLDATLX
  C:0A37H         LINE#         10
  C:0A3AH         LINE#         11
  C:0A3BH         LINE#         12
  C:0A3DH         LINE#         13
  C:0A3EH         LINE#         15
  C:0A41H         LINE#         16
  C:0A42H         LINE#         18
  C:0A45H         LINE#         20
  C:0A46H         LINE#         21
  C:0A47H         LINE#         22
  C:0A48H         LINE#         23
  C:0A49H         LINE#         24
  C:0A4AH         LINE#         25
  -------         ENDMOD        SUSP

  -------         MODULE        DISCON
  C:0000H         SYMBOL        _ICE_DUMMY_
  B:00C0H.3       PUBLIC        TB81
  B:00C0H.7       PUBLIC        SM01
  B:00C0H.6       PUBLIC        SM11
  B:00E8H.1       PUBLIC        EI2C
  B:00D0H.6       PUBLIC        AC
  B:00C0H.5       PUBLIC        SM21
  B:00A8H.7       PUBLIC        EA
  B:00B0H.0       PUBLIC        APTR1FZ
  B:00B0H.1       PUBLIC        APTR2FZ
  B:00F8H.1       PUBLIC        PI2C
  B:00D0H.1       PUBLIC        FL
  B:00C8H.6       PUBLIC        EXF2
  B:00C0H.4       PUBLIC        REN1
  B:0098H.0       PUBLIC        RI
  B:00D0H.7       PUBLIC        CY
  B:0098H.1       PUBLIC        TI
  B:00D8H.3       PUBLIC        INT6
  B:00D0H.2       PUBLIC        OV
  B:00C8H.1       PUBLIC        C_T2
BL51 BANKED LINKER/LOCATER V5.03                                                      02/17/2013  16:57:05  PAGE 29


  B:00C8H.5       PUBLIC        RCLK
  D:0091H         PUBLIC        EXIF
  B:00C8H.4       PUBLIC        TCLK
  B:00E8H.0       PUBLIC        EUSB
  B:00D8H.4       PUBLIC        RESI
  B:00A8H.7       PUBLIC        EXTACC
  B:00F8H.0       PUBLIC        PUSB
  B:0088H.1       PUBLIC        IE0
  B:0088H.3       PUBLIC        IE1
  B:00C8H.0       PUBLIC        CP_RL2
  B:00A8H.4       PUBLIC        ES0
  B:00A8H.6       PUBLIC        ES1
  B:00A8H.1       PUBLIC        ET0
  B:00A8H.3       PUBLIC        ET1
  B:0088H.5       PUBLIC        TF0
  B:00A8H.5       PUBLIC        ET2
  B:0088H.7       PUBLIC        TF1
  B:00C8H.7       PUBLIC        TF2
  B:00C0H.0       PUBLIC        RI1
  B:0098H.2       PUBLIC        RB8
  B:00A8H.0       PUBLIC        EX0
  B:0088H.0       PUBLIC        IT0
  B:00C0H.1       PUBLIC        TI1
  B:00A8H.2       PUBLIC        EX1
  B:0098H.3       PUBLIC        TB8
  B:0088H.2       PUBLIC        IT1
  B:00D0H.0       PUBLIC        P
  C:095DH         PUBLIC        EZUSB_Discon
  B:0098H.7       PUBLIC        SM0
  B:0098H.6       PUBLIC        SM1
  B:0098H.5       PUBLIC        SM2
  B:00B8H.4       PUBLIC        PS0
  B:00B8H.6       PUBLIC        PS1
  B:00B8H.1       PUBLIC        PT0
  B:00D0H.3       PUBLIC        RS0
  B:00B8H.3       PUBLIC        PT1
  B:00D0H.4       PUBLIC        RS1
  B:00B8H.5       PUBLIC        PT2
  B:0088H.4       PUBLIC        TR0
  B:0088H.6       PUBLIC        TR1
  B:00C8H.2       PUBLIC        TR2
  B:00B8H.0       PUBLIC        PX0
  B:00B8H.2       PUBLIC        PX1
  B:00E8H.2       PUBLIC        EIEX4
  B:00E8H.3       PUBLIC        EIEX5
  B:00E8H.4       PUBLIC        EIEX6
  B:00C8H.3       PUBLIC        EXEN2
  B:0080H.6       PUBLIC        SEL
  B:00D8H.7       PUBLIC        SMOD1
  B:0098H.4       PUBLIC        REN
  B:00F8H.2       PUBLIC        EIPX4
  B:00F8H.3       PUBLIC        EIPX5
  B:00F8H.4       PUBLIC        EIPX6
  B:00D0H.5       PUBLIC        F0
  B:00D8H.5       PUBLIC        ERESI
  B:00C0H.2       PUBLIC        RB81
  -------         PROC          EZUSB_DISCON
BL51 BANKED LINKER/LOCATER V5.03                                                      02/17/2013  16:57:05  PAGE 30


  B:0020H.4       SYMBOL        renum
  C:095DH         LINE#         4
  C:095DH         LINE#         5
  C:095DH         LINE#         7
  C:0960H         LINE#         8
  C:0969H         LINE#         10
  C:0970H         LINE#         12
  C:0977H         LINE#         14
  C:097DH         LINE#         15
  C:0981H         LINE#         16
  C:0984H         LINE#         18
  C:098BH         LINE#         19
  -------         ENDPROC       EZUSB_DISCON
  -------         ENDMOD        DISCON

  -------         MODULE        EZREGS
  C:0000H         SYMBOL        _ICE_DUMMY_
  X:E652H         PUBLIC        EP4FIFOIE
  B:00C0H.3       PUBLIC        TB81
  X:E668H         PUBLIC        INTSETUP
  X:E600H         PUBLIC        CPUCS
  X:E654H         PUBLIC        EP6FIFOIE
  B:00C0H.7       PUBLIC        SM01
  X:E680H         PUBLIC        USBCS
  B:00C0H.6       PUBLIC        SM11
  X:E65FH         PUBLIC        EPIRQ
  X:E656H         PUBLIC        EP8FIFOIE
  B:00E8H.1       PUBLIC        EI2C
  B:00D0H.6       PUBLIC        AC
  B:00C0H.5       PUBLIC        SM21
  B:00A8H.7       PUBLIC        EA
  X:E6F2H         PUBLIC        XGPIFSGLDATLNOX
  X:E6C0H         PUBLIC        GPIFWFSELECT
  B:00B0H.0       PUBLIC        APTR1FZ
  X:E6F0H         PUBLIC        XGPIFSGLDATH
  B:00B0H.1       PUBLIC        APTR2FZ
  X:E605H         PUBLIC        BREAKPT
  B:00F8H.1       PUBLIC        PI2C
  X:E609H         PUBLIC        FIFOPINPOLAR
  X:E640H         PUBLIC        EP2ISOINPKTS
  B:00D0H.1       PUBLIC        FL
  X:E678H         PUBLIC        I2CS
  X:E610H         PUBLIC        EP1OUTCFG
  X:E6F9H         PUBLIC        TESTCFG
  X:E641H         PUBLIC        EP4ISOINPKTS
  X:E68AH         PUBLIC        EP0BCH
  X:E661H         PUBLIC        GPIFIRQ
  X:E642H         PUBLIC        EP6ISOINPKTS
  B:00C8H.6       PUBLIC        EXF2
  X:E690H         PUBLIC        EP2BCH
  B:00C0H.4       PUBLIC        REN1
  X:E643H         PUBLIC        EP8ISOINPKTS
  X:E694H         PUBLIC        EP4BCH
  X:E68BH         PUBLIC        EP0BCL
  X:E612H         PUBLIC        EP2CFG
  X:E698H         PUBLIC        EP6BCH
  X:E691H         PUBLIC        EP2BCL
BL51 BANKED LINKER/LOCATER V5.03                                                      02/17/2013  16:57:05  PAGE 31


  B:0098H.0       PUBLIC        RI
  X:E613H         PUBLIC        EP4CFG
  B:00D0H.7       PUBLIC        CY
  X:E6A7H         PUBLIC        EP2FIFOFLGS
  X:E69CH         PUBLIC        EP8BCH
  X:E695H         PUBLIC        EP4BCL
  B:0098H.1       PUBLIC        TI
  X:E614H         PUBLIC        EP6CFG
  X:E6A8H         PUBLIC        EP4FIFOFLGS
  X:E699H         PUBLIC        EP6BCL
  X:E780H         PUBLIC        EP1OUTBUF
  X:E67BH         PUBLIC        XAUTODAT1
  X:E615H         PUBLIC        EP8CFG
  X:E6A9H         PUBLIC        EP6FIFOFLGS
  X:E69DH         PUBLIC        EP8BCL
  X:E67CH         PUBLIC        XAUTODAT2
  X:E684H         PUBLIC        USBFRAMEH
  B:00D8H.3       PUBLIC        INT6
  X:E6F5H         PUBLIC        GPIFABORT
  X:E6AAH         PUBLIC        EP8FIFOFLGS
  X:E6F8H         PUBLIC        DBUG
  X:E740H         PUBLIC        EP0BUF
  X:E6CBH         PUBLIC        FLOWSTB
  X:E65EH         PUBLIC        EPIE
  B:00D0H.2       PUBLIC        OV
  X:E685H         PUBLIC        USBFRAMEL
  X:E681H         PUBLIC        SUSPEND
  X:E60CH         PUBLIC        GPIFHOLDAMOUNT
  X:E6D4H         PUBLIC        EP2GPIFTRIG
  B:00C8H.1       PUBLIC        C_T2
  X:E6C7H         PUBLIC        FLOWLOGIC
  X:E6DCH         PUBLIC        EP4GPIFTRIG
  X:E604H         PUBLIC        FIFORESET
  X:E6E4H         PUBLIC        EP6GPIFTRIG
  X:E6C2H         PUBLIC        GPIFIDLECTL
  B:00C8H.5       PUBLIC        RCLK
  X:E6FAH         PUBLIC        USBTEST
  X:E6B3H         PUBLIC        SUDPTRH
  X:E6ECH         PUBLIC        EP8GPIFTRIG
  B:00C8H.4       PUBLIC        TCLK
  B:00E8H.0       PUBLIC        EUSB
  X:E6D2H         PUBLIC        EP2GPIFFLGSEL
  X:E611H         PUBLIC        EP1INCFG
  X:E6B4H         PUBLIC        SUDPTRL
  X:E687H         PUBLIC        FNADDR
  X:E6DAH         PUBLIC        EP4GPIFFLGSEL
  X:E6D1H         PUBLIC        GPIFTCB0
  X:E6CDH         PUBLIC        FLOWSTBHPERIOD
  X:E6D0H         PUBLIC        GPIFTCB1
  X:E665H         PUBLIC        CLRERRCNT
  B:00D8H.4       PUBLIC        RESI
  X:E6E2H         PUBLIC        EP6GPIFFLGSEL
  X:E6CFH         PUBLIC        GPIFTCB2
  X:E664H         PUBLIC        ERRCNTLIM
  X:E6CEH         PUBLIC        GPIFTCB3
  X:E6EAH         PUBLIC        EP8GPIFFLGSEL
  X:E660H         PUBLIC        GPIFIE
BL51 BANKED LINKER/LOCATER V5.03                                                      02/17/2013  16:57:05  PAGE 32


  X:E67FH         PUBLIC        UDMACRCQUAL
  X:E400H         PUBLIC        GPIF_WAVE_DATA
  B:00A8H.7       PUBLIC        EXTACC
  B:00F8H.0       PUBLIC        PUSB
  X:E6CCH         PUBLIC        FLOWSTBEDGE
  X:E6ABH         PUBLIC        EP2FIFOBCH
  X:E7C0H         PUBLIC        EP1INBUF
  X:E6C6H         PUBLIC        FLOWSTATE
  B:0088H.1       PUBLIC        IE0
  X:E6ADH         PUBLIC        EP4FIFOBCH
  B:0088H.3       PUBLIC        IE1
  X:E6CAH         PUBLIC        FLOWHOLDOFF
  X:E618H         PUBLIC        EP2FIFOCFG
  X:E6AFH         PUBLIC        EP6FIFOBCH
  X:E6ACH         PUBLIC        EP2FIFOBCL
  X:E619H         PUBLIC        EP4FIFOCFG
  X:E6B1H         PUBLIC        EP8FIFOBCH
  X:E6AEH         PUBLIC        EP4FIFOBCL
  X:E649H         PUBLIC        OUTPKTEND
  X:E663H         PUBLIC        USBERRIRQ
  X:E61AH         PUBLIC        EP6FIFOCFG
  B:00C8H.0       PUBLIC        CP_RL2
  X:E6B0H         PUBLIC        EP6FIFOBCL
  X:E620H         PUBLIC        EP2AUTOINLENH
  X:E61BH         PUBLIC        EP8FIFOCFG
  X:E6B2H         PUBLIC        EP8FIFOBCL
  X:E68DH         PUBLIC        EP1OUTBC
  X:E622H         PUBLIC        EP4AUTOINLENH
  X:E666H         PUBLIC        INT2IVEC
  X:E659H         PUBLIC        IBNIRQ
  B:00A8H.4       PUBLIC        ES0
  X:E6FBH         PUBLIC        CT1
  X:E6C4H         PUBLIC        GPIFADRH
  X:E65BH         PUBLIC        NAKIRQ
  X:E624H         PUBLIC        EP6AUTOINLENH
  X:E621H         PUBLIC        EP2AUTOINLENL
  X:E601H         PUBLIC        IFCONFIG
  B:00A8H.6       PUBLIC        ES1
  B:00A8H.1       PUBLIC        ET0
  X:E6FCH         PUBLIC        CT2
  X:E6B5H         PUBLIC        SUDPTRCTL
  X:E667H         PUBLIC        INT4IVEC
  B:00A8H.3       PUBLIC        ET1
  B:0088H.5       PUBLIC        TF0
  X:E6FDH         PUBLIC        CT3
  X:E67DH         PUBLIC        UDMACRCH
  X:E626H         PUBLIC        EP8AUTOINLENH
  X:E623H         PUBLIC        EP4AUTOINLENL
  B:00A8H.5       PUBLIC        ET2
  B:0088H.7       PUBLIC        TF1
  X:E6FEH         PUBLIC        CT4
  B:00C8H.7       PUBLIC        TF2
  B:00C0H.0       PUBLIC        RI1
  B:0098H.2       PUBLIC        RB8
  X:F000H         PUBLIC        EP2FIFOBUF
  X:E6C5H         PUBLIC        GPIFADRL
  X:E625H         PUBLIC        EP6AUTOINLENL
BL51 BANKED LINKER/LOCATER V5.03                                                      02/17/2013  16:57:05  PAGE 33


  B:00A8H.0       PUBLIC        EX0
  B:0088H.0       PUBLIC        IT0
  X:E630H         PUBLIC        EP2FIFOPFH
  B:00C0H.1       PUBLIC        TI1
  B:00A8H.2       PUBLIC        EX1
  B:0098H.3       PUBLIC        TB8
  B:0088H.2       PUBLIC        IT1
[...]
  -------         ENDDO         
  C:09E4H         LINE#         4
  C:09E6H         LINE#         5
  C:09E6H         LINE#         8
  C:09EAH         LINE#         10
  C:09F4H         LINE#         11
  C:09F4H         LINE#         12
  C:09FAH         LINE#         13
  C:09FBH         LINE#         14
  C:0A09H         LINE#         15
BL51 BANKED LINKER/LOCATER V5.03                                                      02/17/2013  16:57:05  PAGE 35


  C:0A0BH         LINE#         17
  C:0A0FH         LINE#         18
  -------         ENDPROC       _EZUSB_GETSTRINGDSCR
  -------         ENDMOD        GET_STRD

  -------         MODULE        DELAY
  C:0000H         SYMBOL        _ICE_DUMMY_
  B:00C0H.3       PUBLIC        TB81
  B:00C0H.7       PUBLIC        SM01
  B:00C0H.6       PUBLIC        SM11
  B:00E8H.1       PUBLIC        EI2C
  B:00D0H.6       PUBLIC        AC
  B:00C0H.5       PUBLIC        SM21
  B:00A8H.7       PUBLIC        EA
  B:00B0H.0       PUBLIC        APTR1FZ
  B:00B0H.1       PUBLIC        APTR2FZ
  B:00F8H.1       PUBLIC        PI2C
  B:00D0H.1       PUBLIC        FL
  B:00C8H.6       PUBLIC        EXF2
  B:00C0H.4       PUBLIC        REN1
  B:0098H.0       PUBLIC        RI
  B:00D0H.7       PUBLIC        CY
  B:0098H.1       PUBLIC        TI
  B:00D8H.3       PUBLIC        INT6
  B:00D0H.2       PUBLIC        OV
  B:00C8H.1       PUBLIC        C_T2
  B:00C8H.5       PUBLIC        RCLK
  B:00C8H.4       PUBLIC        TCLK
  B:00E8H.0       PUBLIC        EUSB
  B:00D8H.4       PUBLIC        RESI
  B:00A8H.7       PUBLIC        EXTACC
  B:00F8H.0       PUBLIC        PUSB
  C:07A0H         PUBLIC        _EZUSB_Delay
  B:0088H.1       PUBLIC        IE0
  B:0088H.3       PUBLIC        IE1
  B:00C8H.0       PUBLIC        CP_RL2
  B:00A8H.4       PUBLIC        ES0
  B:00A8H.6       PUBLIC        ES1
  B:00A8H.1       PUBLIC        ET0
  B:00A8H.3       PUBLIC        ET1
  B:0088H.5       PUBLIC        TF0
  B:00A8H.5       PUBLIC        ET2
  B:0088H.7       PUBLIC        TF1
  B:00C8H.7       PUBLIC        TF2
  B:00C0H.0       PUBLIC        RI1
  B:0098H.2       PUBLIC        RB8
  B:00A8H.0       PUBLIC        EX0
  B:0088H.0       PUBLIC        IT0
  B:00C0H.1       PUBLIC        TI1
  B:00A8H.2       PUBLIC        EX1
  B:0098H.3       PUBLIC        TB8
  B:0088H.2       PUBLIC        IT1
  B:00D0H.0       PUBLIC        P
  B:0098H.7       PUBLIC        SM0
  B:0098H.6       PUBLIC        SM1
  B:0098H.5       PUBLIC        SM2
  B:00B8H.4       PUBLIC        PS0
BL51 BANKED LINKER/LOCATER V5.03                                                      02/17/2013  16:57:05  PAGE 36


  B:00B8H.6       PUBLIC        PS1
  B:00B8H.1       PUBLIC        PT0
  B:00D0H.3       PUBLIC        RS0
  B:00B8H.3       PUBLIC        PT1
  B:00D0H.4       PUBLIC        RS1
  B:00B8H.5       PUBLIC        PT2
  B:0088H.4       PUBLIC        TR0
  B:0088H.6       PUBLIC        TR1
  B:00C8H.2       PUBLIC        TR2
  B:00B8H.0       PUBLIC        PX0
  B:00B8H.2       PUBLIC        PX1
  B:00E8H.2       PUBLIC        EIEX4
  B:00E8H.3       PUBLIC        EIEX5
  B:00E8H.4       PUBLIC        EIEX6
  B:00C8H.3       PUBLIC        EXEN2
  B:0080H.6       PUBLIC        SEL
  B:00D8H.7       PUBLIC        SMOD1
  B:0098H.4       PUBLIC        REN
  B:00F8H.2       PUBLIC        EIPX4
  B:00F8H.3       PUBLIC        EIPX5
  B:00F8H.4       PUBLIC        EIPX6
  B:00D0H.5       PUBLIC        F0
  B:00D8H.5       PUBLIC        ERESI
  B:00C0H.2       PUBLIC        RB81
  -------         PROC          _EZUSB_DELAY
  D:0018H         SYMBOL        ms
  C:07A0H         LINE#         5
  C:07A4H         LINE#         6
  C:07A4H         LINE#         12
  C:07ACH         LINE#         13
  C:07BEH         LINE#         14
  C:07C8H         LINE#         15
  C:07D3H         LINE#         17
  C:07E0H         LINE#         18
  C:07E5H         LINE#         19
  -------         ENDPROC       _EZUSB_DELAY
  -------         ENDMOD        DELAY

  -------         MODULE        DELAY1MS
  C:0A37H         SEGMENT       EZUSB
  C:0A4BH         PUBLIC        EZUSB_DELAY1MS
  B:00D0H.6       SYMBOL        AC
  D:00E0H         SYMBOL        ACC
  D:009AH         SYMBOL        APTR1H
  D:009BH         SYMBOL        APTR1L
  D:009AH         SYMBOL        AUTOPTR1H
  D:009BH         SYMBOL        AUTOPTR1L
  D:009DH         SYMBOL        AUTOPTRH2
  D:009EH         SYMBOL        AUTOPTRL2
  D:00AFH         SYMBOL        AUTOPTRSETUP
  D:00F0H         SYMBOL        B
  X:E606H         SYMBOL        BPADDRH
  X:E607H         SYMBOL        BPADDRL
  X:E605H         SYMBOL        BREAKPT
  D:008EH         SYMBOL        CKCON
  X:E665H         SYMBOL        CLRERRCNT
  X:E600H         SYMBOL        CPUCS
BL51 BANKED LINKER/LOCATER V5.03                                                      02/17/2013  16:57:05  PAGE 37


  B:00C8H.0       SYMBOL        CP_RL2
  X:E6FBH         SYMBOL        CT1
  X:E6FCH         SYMBOL        CT2
  X:E6FDH         SYMBOL        CT3
  X:E6FEH         SYMBOL        CT4
  B:00D0H.7       SYMBOL        CY
  B:00C8H.1       SYMBOL        C_T2
  X:E6F8H         SYMBOL        DBUG
  N:0000H         SYMBOL        DELAY1MS
  D:0083H         SYMBOL        DPH
  D:0085H         SYMBOL        DPH1
  D:0082H         SYMBOL        DPL
  D:0084H         SYMBOL        DPL1
  D:0086H         SYMBOL        DPS
  B:00A8H.7       SYMBOL        EA
  B:00E8H.1       SYMBOL        EI2C
  D:00D8H         SYMBOL        EICON
  D:00E8H         SYMBOL        EIE
  B:00E8H.2       SYMBOL        EIEX4
  B:00E8H.3       SYMBOL        EIEX5
  B:00E8H.4       SYMBOL        EIEX6
  D:00F8H         SYMBOL        EIP
  B:00F8H.2       SYMBOL        EIPX4
  B:00F8H.3       SYMBOL        EIPX5
  B:00F8H.4       SYMBOL        EIPX6
  D:00BAH         SYMBOL        EP01STAT
  X:E68AH         SYMBOL        EP0BCH
  X:E68BH         SYMBOL        EP0BCL
  X:E740H         SYMBOL        EP0BUF
  X:E6A0H         SYMBOL        EP0CS
  X:E780H         SYMBOL        EP10UTBUF
  X:E68FH         SYMBOL        EP1INBC
  X:E7C0H         SYMBOL        EP1INBUF
  X:E611H         SYMBOL        EP1INCFG
  X:E6A2H         SYMBOL        EP1INCS
  X:E68DH         SYMBOL        EP1OUTBC
  X:E610H         SYMBOL        EP1OUTCFG
  X:E6A1H         SYMBOL        EP1OUTCS
  D:00AAH         SYMBOL        EP2468STAT
  D:00ABH         SYMBOL        EP24FIFOFLGS
  X:E620H         SYMBOL        EP2AUTOINLENH
  X:E621H         SYMBOL        EP2AUTOINLENL
  X:E690H         SYMBOL        EP2BCH
  X:E691H         SYMBOL        EP2BCL
  X:E612H         SYMBOL        EP2CFG
  X:E6A3H         SYMBOL        EP2CS
  X:E6ABH         SYMBOL        EP2FIFOBCH
  X:E6ACH         SYMBOL        EP2FIFOBCL
  X:F000H         SYMBOL        EP2FIFOBUF
  X:E618H         SYMBOL        EP2FIFOCFG
  X:E6A7H         SYMBOL        EP2FIFOFLGS
  X:E650H         SYMBOL        EP2FIFOIE
  X:E651H         SYMBOL        EP2FIFOIRQ
  X:E630H         SYMBOL        EP2FIFOPFH
  X:E631H         SYMBOL        EP2FIFOPFL
  X:E6D2H         SYMBOL        EP2GPIFFLGSEL
  X:E6D3H         SYMBOL        EP2GPIFPFSTOP
BL51 BANKED LINKER/LOCATER V5.03                                                      02/17/2013  16:57:05  PAGE 38


  X:E6D0H         SYMBOL        EP2GPIFTCH
  X:E6D1H         SYMBOL        EP2GPIFTCL
  X:E6D4H         SYMBOL        EP2GPIFTRIG
  X:E640H         SYMBOL        EP2ISOINPKTS
  X:E622H         SYMBOL        EP4AUTOINLENH
  X:E623H         SYMBOL        EP4AUTOINLENL
  X:E694H         SYMBOL        EP4BCH
  X:E695H         SYMBOL        EP4BCL
  X:E613H         SYMBOL        EP4CFG
  X:E6A4H         SYMBOL        EP4CS
  X:E6ADH         SYMBOL        EP4FIFOBCH
  X:E6AEH         SYMBOL        EP4FIFOBCL
  X:F400H         SYMBOL        EP4FIFOBUF
  X:E619H         SYMBOL        EP4FIFOCFG
  X:E6A8H         SYMBOL        EP4FIFOFLGS
  X:E652H         SYMBOL        EP4FIFOIE
  X:E653H         SYMBOL        EP4FIFOIRQ
  X:E632H         SYMBOL        EP4FIFOPFH
  X:E633H         SYMBOL        EP4FIFOPFL
  X:E6DAH         SYMBOL        EP4GPIFFLGSEL
  X:E6DBH         SYMBOL        EP4GPIFPFSTOP
  X:E6D0H         SYMBOL        EP4GPIFTCH
  X:E6D1H         SYMBOL        EP4GPIFTCL
  X:E6DCH         SYMBOL        EP4GPIFTRIG
  X:E641H         SYMBOL        EP4ISOINPKTS
  D:00ACH         SYMBOL        EP68FIFOFLGS
  X:E624H         SYMBOL        EP6AUTOINLENH
  X:E625H         SYMBOL        EP6AUTOINLENL
  X:E698H         SYMBOL        EP6BCH
  X:E699H         SYMBOL        EP6BCL
  X:E614H         SYMBOL        EP6CFG
  X:E6A5H         SYMBOL        EP6CS
  X:E6AFH         SYMBOL        EP6FIFOBCH
  X:E6B0H         SYMBOL        EP6FIFOBCL
  X:F800H         SYMBOL        EP6FIFOBUF
  X:E61AH         SYMBOL        EP6FIFOCFG
  X:E6A9H         SYMBOL        EP6FIFOFLGS
  X:E654H         SYMBOL        EP6FIFOIE
  X:E655H         SYMBOL        EP6FIFOIRQ
  X:E634H         SYMBOL        EP6FIFOPFH
  X:E635H         SYMBOL        EP6FIFOPFL
  X:E6E2H         SYMBOL        EP6GPIFFLGSEL
  X:E6E3H         SYMBOL        EP6GPIFPFSTOP
  X:E6D0H         SYMBOL        EP6GPIFTCH
  X:E6D1H         SYMBOL        EP6GPIFTCL
  X:E6E4H         SYMBOL        EP6GPIFTRIG
  X:E642H         SYMBOL        EP6ISOINPKTS
  X:E626H         SYMBOL        EP8AUTOINLENH
  X:E627H         SYMBOL        EP8AUTOINLENL
  X:E69CH         SYMBOL        EP8BCH
  X:E69DH         SYMBOL        EP8BCL
  X:E615H         SYMBOL        EP8CFG
  X:E6A6H         SYMBOL        EP8CS
  X:E6B1H         SYMBOL        EP8FIFOBCH
  X:E6B2H         SYMBOL        EP8FIFOBCL
  X:FC00H         SYMBOL        EP8FIFOBUF
  X:E61BH         SYMBOL        EP8FIFOCFG
BL51 BANKED LINKER/LOCATER V5.03                                                      02/17/2013  16:57:05  PAGE 39


  X:E6AAH         SYMBOL        EP8FIFOFLGS
  X:E656H         SYMBOL        EP8FIFOIE
  X:E657H         SYMBOL        EP8FIFOIRQ
  X:E636H         SYMBOL        EP8FIFOPFH
  X:E637H         SYMBOL        EP8FIFOPFL
  X:E6EAH         SYMBOL        EP8GPIFFLGSEL
  X:E6EBH         SYMBOL        EP8GPIFPFSTOP
  X:E6D0H         SYMBOL        EP8GPIFTCH
  X:E6D1H         SYMBOL        EP8GPIFTCL
  X:E6ECH         SYMBOL        EP8GPIFTRIG
  X:E643H         SYMBOL        EP8ISOINPKTS
  X:E65EH         SYMBOL        EPIE
  X:E65FH         SYMBOL        EPIRQ
  B:00D8H.5       SYMBOL        ERESI
  X:E664H         SYMBOL        ERRCNTLIM
  C:0A5BH         SYMBOL        ER_END
  B:00A8H.4       SYMBOL        ES0
  B:00A8H.6       SYMBOL        ES1
  B:00A8H.1       SYMBOL        ET0
  B:00A8H.3       SYMBOL        ET1
  B:00A8H.5       SYMBOL        ET2
  B:00E8H.0       SYMBOL        EUSB
  B:00A8H.0       SYMBOL        EX0
  B:00A8H.2       SYMBOL        EX1
  B:00C8H.3       SYMBOL        EXEN2
  B:00C8H.6       SYMBOL        EXF2
  D:0091H         SYMBOL        EXIF
  X:E67BH         SYMBOL        EXTAUTODAT1
  X:E67CH         SYMBOL        EXTAUTODAT2
  B:00D0H.5       SYMBOL        F0
  X:E609H         SYMBOL        FIFOPINPOLAR
  X:E604H         SYMBOL        FIFORESET
  B:00D0H.1       SYMBOL        FL
  X:E6CCH         SYMBOL        FLOWEDGE
  X:E6C8H         SYMBOL        FLOWEQ0CTL
  X:E6C9H         SYMBOL        FLOWEQ1CTL
  X:E6C7H         SYMBOL        FLOWLOGIC
  X:E6C6H         SYMBOL        FLOWSTATE
  X:E6CBH         SYMBOL        FLOWSTB
  X:E6CDH         SYMBOL        FLOWSTBHPERIOD
  X:E687H         SYMBOL        FNADDR
  X:E6F5H         SYMBOL        GPIFABORT
  X:E6C4H         SYMBOL        GPIFADRH
  X:E6C5H         SYMBOL        GPIFADRL
  X:E6C3H         SYMBOL        GPIFCTLCFG
  X:E60CH         SYMBOL        GPIFHOLDAMOUNT
  X:E6C1H         SYMBOL        GPIFIDLECS
  X:E6C2H         SYMBOL        GPIFIDLECTL
  X:E660H         SYMBOL        GPIFIE
  X:E661H         SYMBOL        GPIFIRQ
  X:E6F3H         SYMBOL        GPIFREADYCFG
  X:E6F4H         SYMBOL        GPIFREADYSTAT
  D:00BDH         SYMBOL        GPIFSGLDATH
  D:00BFH         SYMBOL        GPIFSGLDATLNOX
  D:00BEH         SYMBOL        GPIFSGLDATLX
  X:E6D1H         SYMBOL        GPIFTCB0
  X:E6D0H         SYMBOL        GPIFTCB1
BL51 BANKED LINKER/LOCATER V5.03                                                      02/17/2013  16:57:05  PAGE 40


  X:E6CFH         SYMBOL        GPIFTCB2
  X:E6CEH         SYMBOL        GPIFTCB3
  D:00BBH         SYMBOL        GPIFTRIG
  X:E6C0H         SYMBOL        GPIFWFSELECT
  X:E400H         SYMBOL        GPIF_WAVE_DATA
  X:E678H         SYMBOL        I2CS
  X:E67AH         SYMBOL        I2CTL
  X:E679H         SYMBOL        I2DAT
  X:E658H         SYMBOL        IBNIE
  X:E659H         SYMBOL        IBNIRQ
  D:00A8H         SYMBOL        IE
  B:0088H.1       SYMBOL        IE0
  B:0088H.3       SYMBOL        IE1
  X:E601H         SYMBOL        IFCONFIG
  X:E648H         SYMBOL        INPKTEND
  D:00A1H         SYMBOL        INT2CLR
  X:E666H         SYMBOL        INT2IVEC
  D:00A2H         SYMBOL        INT4CLR
  X:E667H         SYMBOL        INT4IVEC
  B:00D8H.3       SYMBOL        INT6
  X:E668H         SYMBOL        INTSETUP
  D:0080H         SYMBOL        IOA
  D:0090H         SYMBOL        IOB
  D:00A0H         SYMBOL        IOC
  D:00B0H         SYMBOL        IOD
  D:00B1H         SYMBOL        IOE
  D:00B8H         SYMBOL        IP
  B:0088H.0       SYMBOL        IT0
  B:0088H.2       SYMBOL        IT1
  C:0A54H         SYMBOL        LOOP
  X:E686H         SYMBOL        MICROFRAME
  D:0092H         SYMBOL        MPAGE
  X:E65AH         SYMBOL        NAKIE
  X:E65BH         SYMBOL        NAKIRQ
  D:00B2H         SYMBOL        OEA
  D:00B3H         SYMBOL        OEB
  D:00B4H         SYMBOL        OEC
  D:00B5H         SYMBOL        OED
  D:00B6H         SYMBOL        OEE
  X:E649H         SYMBOL        OUTPKTEND
  B:00D0H.2       SYMBOL        OV
  B:00D0H.0       SYMBOL        P
  D:0087H         SYMBOL        PCON
  B:00F8H.1       SYMBOL        PI2C
  X:E602H         SYMBOL        PINFLAGSAB
  X:E603H         SYMBOL        PINFLAGSCD
  X:E670H         SYMBOL        PORTACFG
  X:E671H         SYMBOL        PORTCCFG
  X:E672H         SYMBOL        PORTECFG
  B:00B8H.4       SYMBOL        PS0
  B:00B8H.6       SYMBOL        PS1
  D:00D0H         SYMBOL        PSW
  B:00B8H.1       SYMBOL        PT0
  B:00B8H.3       SYMBOL        PT1
  B:00B8H.5       SYMBOL        PT2
  B:00F8H.0       SYMBOL        PUSB
  B:00B8H.0       SYMBOL        PX0
BL51 BANKED LINKER/LOCATER V5.03                                                      02/17/2013  16:57:05  PAGE 41


  B:00B8H.2       SYMBOL        PX1
  B:0098H.2       SYMBOL        RB8
  B:00C0H.2       SYMBOL        RB81
  D:00CBH         SYMBOL        RCAP2H
  D:00CAH         SYMBOL        RCAP2L
  B:00C8H.5       SYMBOL        RCLK
  B:0098H.4       SYMBOL        REN
  B:00C0H.4       SYMBOL        REN1
  B:00D8H.4       SYMBOL        RESI
  X:E480H         SYMBOL        RES_WAVEDATA_END
  X:E60BH         SYMBOL        REVCTL
  X:E60AH         SYMBOL        REVID
  B:0098H.0       SYMBOL        RI
  B:00C0H.0       SYMBOL        RI1
  B:00D0H.3       SYMBOL        RS0
  B:00D0H.4       SYMBOL        RS1
  D:0099H         SYMBOL        SBUF0
  D:00C1H         SYMBOL        SBUF1
  D:0098H         SYMBOL        SCON0
  D:00C0H         SYMBOL        SCON1
  B:0080H.6       SYMBOL        SEL
  X:E6B8H         SYMBOL        SETUPDAT
  B:0098H.7       SYMBOL        SM0
  B:00C0H.7       SYMBOL        SM01
  B:0098H.6       SYMBOL        SM1
  B:00C0H.6       SYMBOL        SM11
  B:0098H.5       SYMBOL        SM2
  B:00C0H.5       SYMBOL        SM21
  B:00D8H.7       SYMBOL        SMOD1
  D:0081H         SYMBOL        SP
  X:E6B5H         SYMBOL        SUDPTRCTL
  X:E6B3H         SYMBOL        SUDPTRH
  X:E6B4H         SYMBOL        SUDPTRL
  X:E681H         SYMBOL        SUSPEND
  D:00C8H         SYMBOL        T2CON
  B:0098H.3       SYMBOL        TB8
  B:00C0H.3       SYMBOL        TB81
  B:00C8H.4       SYMBOL        TCLK
  D:0088H         SYMBOL        TCON
  X:E6F9H         SYMBOL        TESTCFG
  B:0088H.5       SYMBOL        TF0
  B:0088H.7       SYMBOL        TF1
  B:00C8H.7       SYMBOL        TF2
  D:008CH         SYMBOL        TH0
  D:008DH         SYMBOL        TH1
  D:00CDH         SYMBOL        TH2
  B:0098H.1       SYMBOL        TI
  B:00C0H.1       SYMBOL        TI1
  D:008AH         SYMBOL        TL0
  D:008BH         SYMBOL        TL1
  D:00CCH         SYMBOL        TL2
  D:0089H         SYMBOL        TMOD
  X:E683H         SYMBOL        TOGCTL
  B:0088H.4       SYMBOL        TR0
  B:0088H.6       SYMBOL        TR1
  B:00C8H.2       SYMBOL        TR2
  X:E608H         SYMBOL        UART230
BL51 BANKED LINKER/LOCATER V5.03                                                      02/17/2013  16:57:05  PAGE 42


  X:E67DH         SYMBOL        UDMACRCH
  X:E67EH         SYMBOL        UDMACRCL
  X:E67FH         SYMBOL        UDMACRCQUAL
  X:E680H         SYMBOL        USBCS
  X:E662H         SYMBOL        USBERRIE
  X:E663H         SYMBOL        USBERRIRQ
  X:E684H         SYMBOL        USBFRAMEH
  X:E685H         SYMBOL        USBFRAMEL
  X:E65CH         SYMBOL        USBIE
  X:E65DH         SYMBOL        USBIRQ
  X:E6FAH         SYMBOL        USBTEST
  X:E682H         SYMBOL        WAKEUPCS
  X:E6F0H         SYMBOL        XGPIFSGLDATH
  X:E6F2H         SYMBOL        XGPIFSGLDATLNOX
  X:E6F1H         SYMBOL        XGPIFSGLDATLX
  C:0A4BH         LINE#         14
  C:0A4DH         LINE#         15
  C:0A4FH         LINE#         16
  C:0A52H         LINE#         17
  C:0A54H         LINE#         19
  C:0A55H         LINE#         20
  C:0A57H         LINE#         21
  C:0A59H         LINE#         22
  C:0A5BH         LINE#         24
  -------         ENDMOD        DELAY1MS

  -------         MODULE        DSCR
  C:0500H         SEGMENT       DSCR
  C:0500H         PUBLIC        DEVICEDSCR
  C:0512H         PUBLIC        DEVICEQUALDSCR
  C:0625H         PUBLIC        FULLSPEEDCONFIGDSCR
  C:051CH         PUBLIC        HIGHSPEEDCONFIGDSCR
  C:0626H         PUBLIC        STRINGDSCR
  C:0647H         PUBLIC        USERDSCR
  N:0002H         SYMBOL        DSCR_CONFIG
  N:0009H         SYMBOL        DSCR_CONFIG_LEN
  N:0001H         SYMBOL        DSCR_DEVICE
  N:0012H         SYMBOL        DSCR_DEVICE_LEN
  N:0006H         SYMBOL        DSCR_DEVQUAL
  N:000AH         SYMBOL        DSCR_DEVQUAL_LEN
  N:0005H         SYMBOL        DSCR_ENDPNT
  N:0007H         SYMBOL        DSCR_ENDPNT_LEN
  N:0004H         SYMBOL        DSCR_INTRFC
  N:0009H         SYMBOL        DSCR_INTRFC_LEN
  N:0003H         SYMBOL        DSCR_STRING
  N:0002H         SYMBOL        ET_BULK
  N:0000H         SYMBOL        ET_CONTROL
  N:0003H         SYMBOL        ET_INT
  N:0001H         SYMBOL        ET_ISO
  C:0625H         SYMBOL        FULLSPEEDCONFIGDSCREND
  C:0624H         SYMBOL        HIGHSPEEDCONFIGDSCREND
  C:0626H         SYMBOL        STRINGDSCR0
  C:062AH         SYMBOL        STRINGDSCR0END
  C:062AH         SYMBOL        STRINGDSCR1
  C:063CH         SYMBOL        STRINGDSCR1END
  C:063CH         SYMBOL        STRINGDSCR2
  C:0646H         SYMBOL        STRINGDSCR2END
BL51 BANKED LINKER/LOCATER V5.03                                                      02/17/2013  16:57:05  PAGE 43


  -------         ENDMOD        DSCR

  -------         MODULE        ?C?ULCMP
  C:0926H         PUBLIC        ?C?ULCMP
  -------         ENDMOD        ?C?ULCMP

  -------         MODULE        ?C?CCASE
  C:0937H         PUBLIC        ?C?CCASE
  -------         ENDMOD        ?C?CCASE

******************************************************************************
* RESTRICTED VERSION WITH 1000H BYTE CODE SIZE LIMIT; USED: 0AD2H BYTE (67%) *
******************************************************************************

Program Size: data=72.5 xdata=4471 code=2702
LINK/LOCATE RUN COMPLETE.  0 WARNING(S),  0 ERROR(S)
